[2025-01-31T17:26:20.974+0100][gc,init] CardTable entry size: 512
[2025-01-31T17:26:20.974+0100][gc     ] Using G1
[2025-01-31T17:26:20.975+0100][gc,init] Version: 21.0.1+12-29 (release)
[2025-01-31T17:26:20.975+0100][gc,init] CPUs: 8 total, 8 available
[2025-01-31T17:26:20.975+0100][gc,init] Memory: 16384M
[2025-01-31T17:26:20.975+0100][gc,init] Large Page Support: Disabled
[2025-01-31T17:26:20.975+0100][gc,init] NUMA Support: Disabled
[2025-01-31T17:26:20.975+0100][gc,init] Compressed Oops: Enabled (Zero based)
[2025-01-31T17:26:20.975+0100][gc,init] Heap Region Size: 1M
[2025-01-31T17:26:20.975+0100][gc,init] Heap Min Capacity: 1G
[2025-01-31T17:26:20.975+0100][gc,init] Heap Initial Capacity: 1G
[2025-01-31T17:26:20.975+0100][gc,init] Heap Max Capacity: 1G
[2025-01-31T17:26:20.975+0100][gc,init] Pre-touch: Disabled
[2025-01-31T17:26:20.975+0100][gc,init] Parallel Workers: 8
[2025-01-31T17:26:20.975+0100][gc,init] Concurrent Workers: 2
[2025-01-31T17:26:20.975+0100][gc,init] Concurrent Refinement Workers: 8
[2025-01-31T17:26:20.975+0100][gc,init] Periodic GC: Disabled
[2025-01-31T17:26:20.978+0100][gc,metaspace] CDS archive(s) mapped at: [0x0000007000000000-0x0000007000ca4000-0x0000007000ca4000), size 13254656, SharedBaseAddress: 0x0000007000000000, ArchiveRelocationMode: 1.
[2025-01-31T17:26:20.978+0100][gc,metaspace] Compressed class space mapped at: 0x0000007001000000-0x0000007041000000, reserved size: 1073741824
[2025-01-31T17:26:20.978+0100][gc,metaspace] Narrow klass base: 0x0000007000000000, Narrow klass shift: 0, Narrow klass range: 0x100000000
[2025-01-31T17:26:21.720+0100][gc,start    ] GC(0) Pause Young (Normal) (G1 Evacuation Pause)
[2025-01-31T17:26:21.720+0100][gc,task     ] GC(0) Using 8 workers of 8 for evacuation
[2025-01-31T17:26:21.722+0100][gc,phases   ] GC(0)   Pre Evacuate Collection Set: 0.1ms
[2025-01-31T17:26:21.722+0100][gc,phases   ] GC(0)   Merge Heap Roots: 0.0ms
[2025-01-31T17:26:21.722+0100][gc,phases   ] GC(0)   Evacuate Collection Set: 2.1ms
[2025-01-31T17:26:21.722+0100][gc,phases   ] GC(0)   Post Evacuate Collection Set: 0.3ms
[2025-01-31T17:26:21.722+0100][gc,phases   ] GC(0)   Other: 0.2ms
[2025-01-31T17:26:21.722+0100][gc,heap     ] GC(0) Eden regions: 51->0(44)
[2025-01-31T17:26:21.723+0100][gc,heap     ] GC(0) Survivor regions: 0->7(7)
[2025-01-31T17:26:21.723+0100][gc,heap     ] GC(0) Old regions: 2->4
[2025-01-31T17:26:21.723+0100][gc,heap     ] GC(0) Humongous regions: 0->0
[2025-01-31T17:26:21.723+0100][gc,metaspace] GC(0) Metaspace: 17157K(17344K)->17157K(17344K) NonClass: 15134K(15232K)->15134K(15232K) Class: 2022K(2112K)->2022K(2112K)
[2025-01-31T17:26:21.723+0100][gc          ] GC(0) Pause Young (Normal) (G1 Evacuation Pause) 52M->9M(1024M) 2.980ms
[2025-01-31T17:26:21.723+0100][gc,cpu      ] GC(0) User=0.02s Sys=0.01s Real=0.00s
[2025-01-31T17:26:21.817+0100][gc,start    ] GC(1) Pause Young (Concurrent Start) (Metadata GC Threshold)
[2025-01-31T17:26:21.817+0100][gc,task     ] GC(1) Using 8 workers of 8 for evacuation
[2025-01-31T17:26:21.819+0100][gc,phases   ] GC(1)   Pre Evacuate Collection Set: 0.1ms
[2025-01-31T17:26:21.819+0100][gc,phases   ] GC(1)   Merge Heap Roots: 0.0ms
[2025-01-31T17:26:21.819+0100][gc,phases   ] GC(1)   Evacuate Collection Set: 2.1ms
[2025-01-31T17:26:21.819+0100][gc,phases   ] GC(1)   Post Evacuate Collection Set: 0.2ms
[2025-01-31T17:26:21.819+0100][gc,phases   ] GC(1)   Other: 0.0ms
[2025-01-31T17:26:21.819+0100][gc,heap     ] GC(1) Eden regions: 16->0(50)
[2025-01-31T17:26:21.819+0100][gc,heap     ] GC(1) Survivor regions: 7->1(7)
[2025-01-31T17:26:21.819+0100][gc,heap     ] GC(1) Old regions: 4->11
[2025-01-31T17:26:21.819+0100][gc,heap     ] GC(1) Humongous regions: 0->0
[2025-01-31T17:26:21.819+0100][gc,metaspace] GC(1) Metaspace: 21280K(21504K)->21280K(21504K) NonClass: 18764K(18880K)->18764K(18880K) Class: 2516K(2624K)->2516K(2624K)
[2025-01-31T17:26:21.819+0100][gc          ] GC(1) Pause Young (Concurrent Start) (Metadata GC Threshold) 25M->10M(1024M) 2.581ms
[2025-01-31T17:26:21.819+0100][gc,cpu      ] GC(1) User=0.01s Sys=0.01s Real=0.00s
[2025-01-31T17:26:21.819+0100][gc          ] GC(2) Concurrent Mark Cycle
[2025-01-31T17:26:21.819+0100][gc,marking  ] GC(2) Concurrent Scan Root Regions
[2025-01-31T17:26:21.821+0100][gc,marking  ] GC(2) Concurrent Scan Root Regions 1.235ms
[2025-01-31T17:26:21.821+0100][gc,marking  ] GC(2) Concurrent Mark
[2025-01-31T17:26:21.821+0100][gc,marking  ] GC(2) Concurrent Mark From Roots
[2025-01-31T17:26:21.821+0100][gc,task     ] GC(2) Using 2 workers of 2 for marking
[2025-01-31T17:26:21.822+0100][gc,marking  ] GC(2) Concurrent Mark From Roots 0.932ms
[2025-01-31T17:26:21.822+0100][gc,marking  ] GC(2) Concurrent Preclean
[2025-01-31T17:26:21.822+0100][gc,marking  ] GC(2) Concurrent Preclean 0.006ms
[2025-01-31T17:26:21.822+0100][gc,start    ] GC(2) Pause Remark
[2025-01-31T17:26:21.823+0100][gc          ] GC(2) Pause Remark 11M->11M(1024M) 0.886ms
[2025-01-31T17:26:21.823+0100][gc,cpu      ] GC(2) User=0.01s Sys=0.00s Real=0.00s
[2025-01-31T17:26:21.823+0100][gc,marking  ] GC(2) Concurrent Mark 1.917ms
[2025-01-31T17:26:21.823+0100][gc,marking  ] GC(2) Concurrent Rebuild Remembered Sets and Scrub Regions
[2025-01-31T17:26:21.824+0100][gc,marking  ] GC(2) Concurrent Rebuild Remembered Sets and Scrub Regions 1.139ms
[2025-01-31T17:26:21.824+0100][gc,start    ] GC(2) Pause Cleanup
[2025-01-31T17:26:21.824+0100][gc          ] GC(2) Pause Cleanup 11M->11M(1024M) 0.056ms
[2025-01-31T17:26:21.824+0100][gc,cpu      ] GC(2) User=0.00s Sys=0.00s Real=0.00s
[2025-01-31T17:26:21.824+0100][gc,marking  ] GC(2) Concurrent Clear Claimed Marks
[2025-01-31T17:26:21.824+0100][gc,marking  ] GC(2) Concurrent Clear Claimed Marks 0.009ms
[2025-01-31T17:26:21.824+0100][gc,marking  ] GC(2) Concurrent Cleanup for Next Mark
[2025-01-31T17:26:21.825+0100][gc,marking  ] GC(2) Concurrent Cleanup for Next Mark 1.240ms
[2025-01-31T17:26:21.825+0100][gc          ] GC(2) Concurrent Mark Cycle 5.761ms
[2025-01-31T17:26:22.290+0100][gc,start    ] GC(3) Pause Young (Prepare Mixed) (G1 Evacuation Pause)
[2025-01-31T17:26:22.290+0100][gc,task     ] GC(3) Using 8 workers of 8 for evacuation
[2025-01-31T17:26:22.293+0100][gc,phases   ] GC(3)   Pre Evacuate Collection Set: 0.1ms
[2025-01-31T17:26:22.293+0100][gc,phases   ] GC(3)   Merge Heap Roots: 0.0ms
[2025-01-31T17:26:22.293+0100][gc,phases   ] GC(3)   Evacuate Collection Set: 1.8ms
[2025-01-31T17:26:22.293+0100][gc,phases   ] GC(3)   Post Evacuate Collection Set: 0.3ms
[2025-01-31T17:26:22.293+0100][gc,phases   ] GC(3)   Other: 0.0ms
[2025-01-31T17:26:22.293+0100][gc,heap     ] GC(3) Eden regions: 50->0(45)
[2025-01-31T17:26:22.293+0100][gc,heap     ] GC(3) Survivor regions: 1->6(7)
[2025-01-31T17:26:22.293+0100][gc,heap     ] GC(3) Old regions: 11->11
[2025-01-31T17:26:22.293+0100][gc,heap     ] GC(3) Humongous regions: 129->129
[2025-01-31T17:26:22.293+0100][gc,metaspace] GC(3) Metaspace: 31126K(31424K)->31126K(31424K) NonClass: 27639K(27840K)->27639K(27840K) Class: 3486K(3584K)->3486K(3584K)
[2025-01-31T17:26:22.293+0100][gc          ] GC(3) Pause Young (Prepare Mixed) (G1 Evacuation Pause) 189M->144M(1024M) 2.325ms
[2025-01-31T17:26:22.293+0100][gc,cpu      ] GC(3) User=0.01s Sys=0.00s Real=0.00s
[2025-01-31T17:26:22.729+0100][gc,heap,exit] Heap
[2025-01-31T17:26:22.729+0100][gc,heap,exit]  garbage-first heap   total 1048576K, used 161442K [0x00000007c0000000, 0x0000000800000000)
[2025-01-31T17:26:22.729+0100][gc,heap,exit]   region size 1024K, 20 young (20480K), 6 survivors (6144K)
[2025-01-31T17:26:22.729+0100][gc,heap,exit]  Metaspace       used 33157K, committed 33536K, reserved 1114112K
[2025-01-31T17:26:22.729+0100][gc,heap,exit]   class space    used 3803K, committed 3968K, reserved 1048576K
