[2025-01-31T12:12:46.791+0100][gc,init] CardTable entry size: 512
[2025-01-31T12:12:46.791+0100][gc     ] Using G1
[2025-01-31T12:12:46.792+0100][gc,init] Version: 21.0.1+12-29 (release)
[2025-01-31T12:12:46.792+0100][gc,init] CPUs: 8 total, 8 available
[2025-01-31T12:12:46.792+0100][gc,init] Memory: 16384M
[2025-01-31T12:12:46.792+0100][gc,init] Large Page Support: Disabled
[2025-01-31T12:12:46.792+0100][gc,init] NUMA Support: Disabled
[2025-01-31T12:12:46.792+0100][gc,init] Compressed Oops: Enabled (Zero based)
[2025-01-31T12:12:46.792+0100][gc,init] Heap Region Size: 1M
[2025-01-31T12:12:46.792+0100][gc,init] Heap Min Capacity: 1G
[2025-01-31T12:12:46.792+0100][gc,init] Heap Initial Capacity: 1G
[2025-01-31T12:12:46.792+0100][gc,init] Heap Max Capacity: 1G
[2025-01-31T12:12:46.792+0100][gc,init] Pre-touch: Disabled
[2025-01-31T12:12:46.792+0100][gc,init] Parallel Workers: 8
[2025-01-31T12:12:46.792+0100][gc,init] Concurrent Workers: 2
[2025-01-31T12:12:46.792+0100][gc,init] Concurrent Refinement Workers: 8
[2025-01-31T12:12:46.792+0100][gc,init] Periodic GC: Disabled
[2025-01-31T12:12:46.796+0100][gc,metaspace] CDS archive(s) mapped at: [0x000000a800000000-0x000000a800ca4000-0x000000a800ca4000), size 13254656, SharedBaseAddress: 0x000000a800000000, ArchiveRelocationMode: 1.
[2025-01-31T12:12:46.796+0100][gc,metaspace] Compressed class space mapped at: 0x000000a801000000-0x000000a841000000, reserved size: 1073741824
[2025-01-31T12:12:46.796+0100][gc,metaspace] Narrow klass base: 0x000000a800000000, Narrow klass shift: 0, Narrow klass range: 0x100000000
[2025-01-31T12:12:47.677+0100][gc,start    ] GC(0) Pause Young (Normal) (G1 Evacuation Pause)
[2025-01-31T12:12:47.677+0100][gc,task     ] GC(0) Using 8 workers of 8 for evacuation
[2025-01-31T12:12:47.680+0100][gc,phases   ] GC(0)   Pre Evacuate Collection Set: 0.1ms
[2025-01-31T12:12:47.680+0100][gc,phases   ] GC(0)   Merge Heap Roots: 0.0ms
[2025-01-31T12:12:47.680+0100][gc,phases   ] GC(0)   Evacuate Collection Set: 2.4ms
[2025-01-31T12:12:47.680+0100][gc,phases   ] GC(0)   Post Evacuate Collection Set: 0.2ms
[2025-01-31T12:12:47.680+0100][gc,phases   ] GC(0)   Other: 0.2ms
[2025-01-31T12:12:47.680+0100][gc,heap     ] GC(0) Eden regions: 51->0(44)
[2025-01-31T12:12:47.680+0100][gc,heap     ] GC(0) Survivor regions: 0->7(7)
[2025-01-31T12:12:47.680+0100][gc,heap     ] GC(0) Old regions: 2->4
[2025-01-31T12:12:47.680+0100][gc,heap     ] GC(0) Humongous regions: 0->0
[2025-01-31T12:12:47.680+0100][gc,metaspace] GC(0) Metaspace: 17302K(17472K)->17302K(17472K) NonClass: 15266K(15360K)->15266K(15360K) Class: 2035K(2112K)->2035K(2112K)
[2025-01-31T12:12:47.680+0100][gc          ] GC(0) Pause Young (Normal) (G1 Evacuation Pause) 52M->9M(1024M) 3.091ms
[2025-01-31T12:12:47.680+0100][gc,cpu      ] GC(0) User=0.01s Sys=0.00s Real=0.01s
[2025-01-31T12:12:47.798+0100][gc,start    ] GC(1) Pause Young (Concurrent Start) (Metadata GC Threshold)
[2025-01-31T12:12:47.798+0100][gc,task     ] GC(1) Using 8 workers of 8 for evacuation
[2025-01-31T12:12:47.801+0100][gc,phases   ] GC(1)   Pre Evacuate Collection Set: 0.2ms
[2025-01-31T12:12:47.801+0100][gc,phases   ] GC(1)   Merge Heap Roots: 0.0ms
[2025-01-31T12:12:47.801+0100][gc,phases   ] GC(1)   Evacuate Collection Set: 2.7ms
[2025-01-31T12:12:47.801+0100][gc,phases   ] GC(1)   Post Evacuate Collection Set: 0.2ms
[2025-01-31T12:12:47.801+0100][gc,phases   ] GC(1)   Other: 0.0ms
[2025-01-31T12:12:47.801+0100][gc,heap     ] GC(1) Eden regions: 15->0(49)
[2025-01-31T12:12:47.801+0100][gc,heap     ] GC(1) Survivor regions: 7->2(7)
[2025-01-31T12:12:47.801+0100][gc,heap     ] GC(1) Old regions: 4->11
[2025-01-31T12:12:47.801+0100][gc,heap     ] GC(1) Humongous regions: 0->0
[2025-01-31T12:12:47.802+0100][gc,metaspace] GC(1) Metaspace: 21314K(21504K)->21314K(21504K) NonClass: 18790K(18880K)->18790K(18880K) Class: 2523K(2624K)->2523K(2624K)
[2025-01-31T12:12:47.802+0100][gc          ] GC(1) Pause Young (Concurrent Start) (Metadata GC Threshold) 24M->11M(1024M) 3.285ms
[2025-01-31T12:12:47.802+0100][gc,cpu      ] GC(1) User=0.01s Sys=0.00s Real=0.01s
[2025-01-31T12:12:47.802+0100][gc          ] GC(2) Concurrent Mark Cycle
[2025-01-31T12:12:47.802+0100][gc,marking  ] GC(2) Concurrent Scan Root Regions
[2025-01-31T12:12:47.803+0100][gc,marking  ] GC(2) Concurrent Scan Root Regions 1.458ms
[2025-01-31T12:12:47.803+0100][gc,marking  ] GC(2) Concurrent Mark
[2025-01-31T12:12:47.803+0100][gc,marking  ] GC(2) Concurrent Mark From Roots
[2025-01-31T12:12:47.803+0100][gc,task     ] GC(2) Using 2 workers of 2 for marking
[2025-01-31T12:12:47.804+0100][gc,marking  ] GC(2) Concurrent Mark From Roots 1.421ms
[2025-01-31T12:12:47.805+0100][gc,marking  ] GC(2) Concurrent Preclean
[2025-01-31T12:12:47.805+0100][gc,marking  ] GC(2) Concurrent Preclean 0.007ms
[2025-01-31T12:12:47.805+0100][gc,start    ] GC(2) Pause Remark
[2025-01-31T12:12:47.806+0100][gc          ] GC(2) Pause Remark 12M->12M(1024M) 1.146ms
[2025-01-31T12:12:47.806+0100][gc,cpu      ] GC(2) User=0.01s Sys=0.00s Real=0.00s
[2025-01-31T12:12:47.806+0100][gc,marking  ] GC(2) Concurrent Mark 2.696ms
[2025-01-31T12:12:47.806+0100][gc,marking  ] GC(2) Concurrent Rebuild Remembered Sets and Scrub Regions
[2025-01-31T12:12:47.807+0100][gc,marking  ] GC(2) Concurrent Rebuild Remembered Sets and Scrub Regions 1.195ms
[2025-01-31T12:12:47.807+0100][gc,start    ] GC(2) Pause Cleanup
[2025-01-31T12:12:47.807+0100][gc          ] GC(2) Pause Cleanup 12M->12M(1024M) 0.068ms
[2025-01-31T12:12:47.807+0100][gc,cpu      ] GC(2) User=0.00s Sys=0.00s Real=0.00s
[2025-01-31T12:12:47.807+0100][gc,marking  ] GC(2) Concurrent Clear Claimed Marks
[2025-01-31T12:12:47.807+0100][gc,marking  ] GC(2) Concurrent Clear Claimed Marks 0.013ms
[2025-01-31T12:12:47.807+0100][gc,marking  ] GC(2) Concurrent Cleanup for Next Mark
[2025-01-31T12:12:47.808+0100][gc,marking  ] GC(2) Concurrent Cleanup for Next Mark 1.361ms
[2025-01-31T12:12:47.809+0100][gc          ] GC(2) Concurrent Mark Cycle 6.977ms
[2025-01-31T12:12:48.139+0100][gc,start    ] GC(3) Pause Young (Prepare Mixed) (GCLocker Initiated GC)
[2025-01-31T12:12:48.139+0100][gc,task     ] GC(3) Using 8 workers of 8 for evacuation
[2025-01-31T12:12:48.141+0100][gc,phases   ] GC(3)   Pre Evacuate Collection Set: 0.1ms
[2025-01-31T12:12:48.141+0100][gc,phases   ] GC(3)   Merge Heap Roots: 0.0ms
[2025-01-31T12:12:48.141+0100][gc,phases   ] GC(3)   Evacuate Collection Set: 2.0ms
[2025-01-31T12:12:48.141+0100][gc,phases   ] GC(3)   Post Evacuate Collection Set: 0.2ms
[2025-01-31T12:12:48.141+0100][gc,phases   ] GC(3)   Other: 0.0ms
[2025-01-31T12:12:48.141+0100][gc,heap     ] GC(3) Eden regions: 49->0(44)
[2025-01-31T12:12:48.141+0100][gc,heap     ] GC(3) Survivor regions: 2->7(7)
[2025-01-31T12:12:48.141+0100][gc,heap     ] GC(3) Old regions: 11->11
[2025-01-31T12:12:48.141+0100][gc,heap     ] GC(3) Humongous regions: 129->129
[2025-01-31T12:12:48.141+0100][gc,metaspace] GC(3) Metaspace: 33152K(33408K)->33152K(33408K) NonClass: 29507K(29632K)->29507K(29632K) Class: 3645K(3776K)->3645K(3776K)
[2025-01-31T12:12:48.141+0100][gc          ] GC(3) Pause Young (Prepare Mixed) (GCLocker Initiated GC) 189M->145M(1024M) 2.445ms
[2025-01-31T12:12:48.141+0100][gc,cpu      ] GC(3) User=0.02s Sys=0.01s Real=0.01s
[2025-01-31T12:12:48.279+0100][gc,start    ] GC(4) Pause Young (Mixed) (Metadata GC Threshold)
[2025-01-31T12:12:48.279+0100][gc,task     ] GC(4) Using 8 workers of 8 for evacuation
[2025-01-31T12:12:48.283+0100][gc,phases   ] GC(4)   Pre Evacuate Collection Set: 0.2ms
[2025-01-31T12:12:48.283+0100][gc,phases   ] GC(4)   Merge Heap Roots: 0.0ms
[2025-01-31T12:12:48.283+0100][gc,phases   ] GC(4)   Evacuate Collection Set: 2.9ms
[2025-01-31T12:12:48.283+0100][gc,phases   ] GC(4)   Post Evacuate Collection Set: 0.2ms
[2025-01-31T12:12:48.283+0100][gc,phases   ] GC(4)   Other: 0.0ms
[2025-01-31T12:12:48.283+0100][gc,heap     ] GC(4) Eden regions: 11->0(49)
[2025-01-31T12:12:48.283+0100][gc,heap     ] GC(4) Survivor regions: 7->2(7)
[2025-01-31T12:12:48.283+0100][gc,heap     ] GC(4) Old regions: 11->16
[2025-01-31T12:12:48.283+0100][gc,heap     ] GC(4) Humongous regions: 129->129
[2025-01-31T12:12:48.283+0100][gc,metaspace] GC(4) Metaspace: 35633K(35968K)->35633K(35968K) NonClass: 31665K(31808K)->31665K(31808K) Class: 3967K(4160K)->3967K(4160K)
[2025-01-31T12:12:48.283+0100][gc          ] GC(4) Pause Young (Mixed) (Metadata GC Threshold) 156M->146M(1024M) 3.535ms
[2025-01-31T12:12:48.283+0100][gc,cpu      ] GC(4) User=0.03s Sys=0.01s Real=0.01s
[2025-01-31T12:12:48.295+0100][gc,start    ] GC(5) Pause Young (Concurrent Start) (Metadata GC Threshold)
[2025-01-31T12:12:48.295+0100][gc,task     ] GC(5) Using 8 workers of 8 for evacuation
[2025-01-31T12:12:48.296+0100][gc,phases   ] GC(5)   Pre Evacuate Collection Set: 0.2ms
[2025-01-31T12:12:48.296+0100][gc,phases   ] GC(5)   Merge Heap Roots: 0.0ms
[2025-01-31T12:12:48.296+0100][gc,phases   ] GC(5)   Evacuate Collection Set: 0.5ms
[2025-01-31T12:12:48.296+0100][gc,phases   ] GC(5)   Post Evacuate Collection Set: 0.1ms
[2025-01-31T12:12:48.296+0100][gc,phases   ] GC(5)   Other: 0.0ms
[2025-01-31T12:12:48.296+0100][gc,heap     ] GC(5) Eden regions: 2->0(50)
[2025-01-31T12:12:48.296+0100][gc,heap     ] GC(5) Survivor regions: 2->1(7)
[2025-01-31T12:12:48.296+0100][gc,heap     ] GC(5) Old regions: 16->16
[2025-01-31T12:12:48.296+0100][gc,heap     ] GC(5) Humongous regions: 129->129
[2025-01-31T12:12:48.296+0100][gc,metaspace] GC(5) Metaspace: 36025K(36288K)->36025K(36288K) NonClass: 32008K(32128K)->32008K(32128K) Class: 4017K(4160K)->4017K(4160K)
[2025-01-31T12:12:48.296+0100][gc          ] GC(5) Pause Young (Concurrent Start) (Metadata GC Threshold) 147M->145M(1024M) 0.961ms
[2025-01-31T12:12:48.296+0100][gc          ] GC(6) Concurrent Mark Cycle
[2025-01-31T12:12:48.296+0100][gc,cpu      ] GC(5) User=0.00s Sys=0.00s Real=0.00s
[2025-01-31T12:12:48.296+0100][gc,marking  ] GC(6) Concurrent Scan Root Regions
[2025-01-31T12:12:48.297+0100][gc,marking  ] GC(6) Concurrent Scan Root Regions 0.667ms
[2025-01-31T12:12:48.297+0100][gc,marking  ] GC(6) Concurrent Mark
[2025-01-31T12:12:48.297+0100][gc,marking  ] GC(6) Concurrent Mark From Roots
[2025-01-31T12:12:48.297+0100][gc,task     ] GC(6) Using 2 workers of 2 for marking
[2025-01-31T12:12:48.304+0100][gc,marking  ] GC(6) Concurrent Mark From Roots 7.250ms
[2025-01-31T12:12:48.304+0100][gc,marking  ] GC(6) Concurrent Preclean
[2025-01-31T12:12:48.304+0100][gc,marking  ] GC(6) Concurrent Preclean 0.032ms
[2025-01-31T12:12:48.304+0100][gc,start    ] GC(6) Pause Remark
[2025-01-31T12:12:48.305+0100][gc          ] GC(6) Pause Remark 146M->146M(1024M) 1.004ms
[2025-01-31T12:12:48.305+0100][gc,cpu      ] GC(6) User=0.01s Sys=0.00s Real=0.00s
[2025-01-31T12:12:48.305+0100][gc,marking  ] GC(6) Concurrent Mark 8.400ms
[2025-01-31T12:12:48.305+0100][gc,marking  ] GC(6) Concurrent Rebuild Remembered Sets and Scrub Regions
[2025-01-31T12:12:48.308+0100][gc,marking  ] GC(6) Concurrent Rebuild Remembered Sets and Scrub Regions 2.884ms
[2025-01-31T12:12:48.308+0100][gc,start    ] GC(6) Pause Cleanup
[2025-01-31T12:12:48.308+0100][gc          ] GC(6) Pause Cleanup 147M->147M(1024M) 0.072ms
[2025-01-31T12:12:48.308+0100][gc,cpu      ] GC(6) User=0.00s Sys=0.00s Real=0.00s
[2025-01-31T12:12:48.308+0100][gc,marking  ] GC(6) Concurrent Clear Claimed Marks
[2025-01-31T12:12:48.308+0100][gc,marking  ] GC(6) Concurrent Clear Claimed Marks 0.020ms
[2025-01-31T12:12:48.308+0100][gc,marking  ] GC(6) Concurrent Cleanup for Next Mark
[2025-01-31T12:12:48.309+0100][gc,marking  ] GC(6) Concurrent Cleanup for Next Mark 0.931ms
[2025-01-31T12:12:48.309+0100][gc          ] GC(6) Concurrent Mark Cycle 13.117ms
[2025-01-31T12:15:46.620+0100][gc,start    ] GC(7) Pause Young (Prepare Mixed) (G1 Evacuation Pause)
[2025-01-31T12:15:46.620+0100][gc,task     ] GC(7) Using 8 workers of 8 for evacuation
[2025-01-31T12:15:46.623+0100][gc,phases   ] GC(7)   Pre Evacuate Collection Set: 0.1ms
[2025-01-31T12:15:46.623+0100][gc,phases   ] GC(7)   Merge Heap Roots: 0.1ms
[2025-01-31T12:15:46.623+0100][gc,phases   ] GC(7)   Evacuate Collection Set: 2.5ms
[2025-01-31T12:15:46.623+0100][gc,phases   ] GC(7)   Post Evacuate Collection Set: 0.3ms
[2025-01-31T12:15:46.623+0100][gc,phases   ] GC(7)   Other: 0.1ms
[2025-01-31T12:15:46.623+0100][gc,heap     ] GC(7) Eden regions: 50->0(47)
[2025-01-31T12:15:46.623+0100][gc,heap     ] GC(7) Survivor regions: 1->4(7)
[2025-01-31T12:15:46.623+0100][gc,heap     ] GC(7) Old regions: 16->16
[2025-01-31T12:15:46.623+0100][gc,heap     ] GC(7) Humongous regions: 129->129
[2025-01-31T12:15:46.623+0100][gc,metaspace] GC(7) Metaspace: 42778K(43392K)->42778K(43392K) NonClass: 37599K(37952K)->37599K(37952K) Class: 5179K(5440K)->5179K(5440K)
[2025-01-31T12:15:46.623+0100][gc          ] GC(7) Pause Young (Prepare Mixed) (G1 Evacuation Pause) 195M->148M(1024M) 3.456ms
[2025-01-31T12:15:46.623+0100][gc,cpu      ] GC(7) User=0.01s Sys=0.00s Real=0.00s
[2025-01-31T12:15:46.749+0100][gc,heap,exit] Heap
[2025-01-31T12:15:46.749+0100][gc,heap,exit]  garbage-first heap   total 1048576K, used 157461K [0x00000007c0000000, 0x0000000800000000)
[2025-01-31T12:15:46.749+0100][gc,heap,exit]   region size 1024K, 10 young (10240K), 4 survivors (4096K)
[2025-01-31T12:15:46.749+0100][gc,heap,exit]  Metaspace       used 42925K, committed 43520K, reserved 1114112K
[2025-01-31T12:15:46.749+0100][gc,heap,exit]   class space    used 5216K, committed 5440K, reserved 1048576K
