[2025-01-31T12:16:14.886+0100][gc,init] CardTable entry size: 512
[2025-01-31T12:16:14.886+0100][gc     ] Using G1
[2025-01-31T12:16:14.888+0100][gc,init] Version: 21.0.1+12-29 (release)
[2025-01-31T12:16:14.888+0100][gc,init] CPUs: 8 total, 8 available
[2025-01-31T12:16:14.888+0100][gc,init] Memory: 16384M
[2025-01-31T12:16:14.888+0100][gc,init] Large Page Support: Disabled
[2025-01-31T12:16:14.888+0100][gc,init] NUMA Support: Disabled
[2025-01-31T12:16:14.888+0100][gc,init] Compressed Oops: Enabled (Zero based)
[2025-01-31T12:16:14.888+0100][gc,init] Heap Region Size: 1M
[2025-01-31T12:16:14.888+0100][gc,init] Heap Min Capacity: 1G
[2025-01-31T12:16:14.888+0100][gc,init] Heap Initial Capacity: 1G
[2025-01-31T12:16:14.888+0100][gc,init] Heap Max Capacity: 1G
[2025-01-31T12:16:14.888+0100][gc,init] Pre-touch: Disabled
[2025-01-31T12:16:14.888+0100][gc,init] Parallel Workers: 8
[2025-01-31T12:16:14.888+0100][gc,init] Concurrent Workers: 2
[2025-01-31T12:16:14.888+0100][gc,init] Concurrent Refinement Workers: 8
[2025-01-31T12:16:14.888+0100][gc,init] Periodic GC: Disabled
[2025-01-31T12:16:14.891+0100][gc,metaspace] CDS archive(s) mapped at: [0x000000e000000000-0x000000e000ca4000-0x000000e000ca4000), size 13254656, SharedBaseAddress: 0x000000e000000000, ArchiveRelocationMode: 1.
[2025-01-31T12:16:14.891+0100][gc,metaspace] Compressed class space mapped at: 0x000000e001000000-0x000000e041000000, reserved size: 1073741824
[2025-01-31T12:16:14.891+0100][gc,metaspace] Narrow klass base: 0x000000e000000000, Narrow klass shift: 0, Narrow klass range: 0x100000000
[2025-01-31T12:16:15.632+0100][gc,start    ] GC(0) Pause Young (Normal) (G1 Evacuation Pause)
[2025-01-31T12:16:15.632+0100][gc,task     ] GC(0) Using 8 workers of 8 for evacuation
[2025-01-31T12:16:15.635+0100][gc,phases   ] GC(0)   Pre Evacuate Collection Set: 0.1ms
[2025-01-31T12:16:15.635+0100][gc,phases   ] GC(0)   Merge Heap Roots: 0.1ms
[2025-01-31T12:16:15.635+0100][gc,phases   ] GC(0)   Evacuate Collection Set: 2.3ms
[2025-01-31T12:16:15.635+0100][gc,phases   ] GC(0)   Post Evacuate Collection Set: 0.3ms
[2025-01-31T12:16:15.635+0100][gc,phases   ] GC(0)   Other: 0.2ms
[2025-01-31T12:16:15.635+0100][gc,heap     ] GC(0) Eden regions: 51->0(44)
[2025-01-31T12:16:15.635+0100][gc,heap     ] GC(0) Survivor regions: 0->7(7)
[2025-01-31T12:16:15.635+0100][gc,heap     ] GC(0) Old regions: 2->4
[2025-01-31T12:16:15.635+0100][gc,heap     ] GC(0) Humongous regions: 0->0
[2025-01-31T12:16:15.635+0100][gc,metaspace] GC(0) Metaspace: 17238K(17472K)->17238K(17472K) NonClass: 15204K(15360K)->15204K(15360K) Class: 2034K(2112K)->2034K(2112K)
[2025-01-31T12:16:15.635+0100][gc          ] GC(0) Pause Young (Normal) (G1 Evacuation Pause) 52M->9M(1024M) 3.152ms
[2025-01-31T12:16:15.635+0100][gc,cpu      ] GC(0) User=0.01s Sys=0.00s Real=0.00s
[2025-01-31T12:16:15.726+0100][gc,start    ] GC(1) Pause Young (Concurrent Start) (Metadata GC Threshold)
[2025-01-31T12:16:15.726+0100][gc,task     ] GC(1) Using 8 workers of 8 for evacuation
[2025-01-31T12:16:15.728+0100][gc,phases   ] GC(1)   Pre Evacuate Collection Set: 0.1ms
[2025-01-31T12:16:15.728+0100][gc,phases   ] GC(1)   Merge Heap Roots: 0.0ms
[2025-01-31T12:16:15.728+0100][gc,phases   ] GC(1)   Evacuate Collection Set: 1.8ms
[2025-01-31T12:16:15.728+0100][gc,phases   ] GC(1)   Post Evacuate Collection Set: 0.2ms
[2025-01-31T12:16:15.728+0100][gc,phases   ] GC(1)   Other: 0.0ms
[2025-01-31T12:16:15.728+0100][gc,heap     ] GC(1) Eden regions: 15->0(49)
[2025-01-31T12:16:15.728+0100][gc,heap     ] GC(1) Survivor regions: 7->2(7)
[2025-01-31T12:16:15.728+0100][gc,heap     ] GC(1) Old regions: 4->11
[2025-01-31T12:16:15.728+0100][gc,heap     ] GC(1) Humongous regions: 0->0
[2025-01-31T12:16:15.728+0100][gc,metaspace] GC(1) Metaspace: 21308K(21504K)->21308K(21504K) NonClass: 18788K(18880K)->18788K(18880K) Class: 2520K(2624K)->2520K(2624K)
[2025-01-31T12:16:15.728+0100][gc          ] GC(1) Pause Young (Concurrent Start) (Metadata GC Threshold) 24M->10M(1024M) 2.317ms
[2025-01-31T12:16:15.728+0100][gc,cpu      ] GC(1) User=0.01s Sys=0.00s Real=0.00s
[2025-01-31T12:16:15.728+0100][gc          ] GC(2) Concurrent Mark Cycle
[2025-01-31T12:16:15.728+0100][gc,marking  ] GC(2) Concurrent Scan Root Regions
[2025-01-31T12:16:15.729+0100][gc,marking  ] GC(2) Concurrent Scan Root Regions 1.115ms
[2025-01-31T12:16:15.729+0100][gc,marking  ] GC(2) Concurrent Mark
[2025-01-31T12:16:15.729+0100][gc,marking  ] GC(2) Concurrent Mark From Roots
[2025-01-31T12:16:15.729+0100][gc,task     ] GC(2) Using 2 workers of 2 for marking
[2025-01-31T12:16:15.730+0100][gc,marking  ] GC(2) Concurrent Mark From Roots 1.018ms
[2025-01-31T12:16:15.730+0100][gc,marking  ] GC(2) Concurrent Preclean
[2025-01-31T12:16:15.730+0100][gc,marking  ] GC(2) Concurrent Preclean 0.007ms
[2025-01-31T12:16:15.730+0100][gc,start    ] GC(2) Pause Remark
[2025-01-31T12:16:15.731+0100][gc          ] GC(2) Pause Remark 11M->11M(1024M) 0.888ms
[2025-01-31T12:16:15.731+0100][gc,cpu      ] GC(2) User=0.00s Sys=0.00s Real=0.00s
[2025-01-31T12:16:15.731+0100][gc,marking  ] GC(2) Concurrent Mark 2.048ms
[2025-01-31T12:16:15.731+0100][gc,marking  ] GC(2) Concurrent Rebuild Remembered Sets and Scrub Regions
[2025-01-31T12:16:15.733+0100][gc,marking  ] GC(2) Concurrent Rebuild Remembered Sets and Scrub Regions 1.092ms
[2025-01-31T12:16:15.733+0100][gc,start    ] GC(2) Pause Cleanup
[2025-01-31T12:16:15.733+0100][gc          ] GC(2) Pause Cleanup 11M->11M(1024M) 0.062ms
[2025-01-31T12:16:15.733+0100][gc,cpu      ] GC(2) User=0.00s Sys=0.00s Real=0.00s
[2025-01-31T12:16:15.733+0100][gc,marking  ] GC(2) Concurrent Clear Claimed Marks
[2025-01-31T12:16:15.733+0100][gc,marking  ] GC(2) Concurrent Clear Claimed Marks 0.011ms
[2025-01-31T12:16:15.733+0100][gc,marking  ] GC(2) Concurrent Cleanup for Next Mark
[2025-01-31T12:16:15.734+0100][gc,marking  ] GC(2) Concurrent Cleanup for Next Mark 1.265ms
[2025-01-31T12:16:15.734+0100][gc          ] GC(2) Concurrent Mark Cycle 5.720ms
[2025-01-31T12:16:16.222+0100][gc,start    ] GC(3) Pause Young (Prepare Mixed) (G1 Evacuation Pause)
[2025-01-31T12:16:16.222+0100][gc,task     ] GC(3) Using 8 workers of 8 for evacuation
[2025-01-31T12:16:16.225+0100][gc,phases   ] GC(3)   Pre Evacuate Collection Set: 0.1ms
[2025-01-31T12:16:16.225+0100][gc,phases   ] GC(3)   Merge Heap Roots: 0.0ms
[2025-01-31T12:16:16.225+0100][gc,phases   ] GC(3)   Evacuate Collection Set: 2.0ms
[2025-01-31T12:16:16.225+0100][gc,phases   ] GC(3)   Post Evacuate Collection Set: 0.2ms
[2025-01-31T12:16:16.225+0100][gc,phases   ] GC(3)   Other: 0.0ms
[2025-01-31T12:16:16.225+0100][gc,heap     ] GC(3) Eden regions: 49->0(45)
[2025-01-31T12:16:16.225+0100][gc,heap     ] GC(3) Survivor regions: 2->6(7)
[2025-01-31T12:16:16.225+0100][gc,heap     ] GC(3) Old regions: 11->11
[2025-01-31T12:16:16.225+0100][gc,heap     ] GC(3) Humongous regions: 129->129
[2025-01-31T12:16:16.225+0100][gc,metaspace] GC(3) Metaspace: 31113K(31360K)->31113K(31360K) NonClass: 27629K(27776K)->27629K(27776K) Class: 3484K(3584K)->3484K(3584K)
[2025-01-31T12:16:16.225+0100][gc          ] GC(3) Pause Young (Prepare Mixed) (G1 Evacuation Pause) 188M->144M(1024M) 2.512ms
[2025-01-31T12:16:16.225+0100][gc,cpu      ] GC(3) User=0.01s Sys=0.00s Real=0.00s
[2025-01-31T12:16:16.324+0100][gc,start    ] GC(4) Pause Young (Mixed) (Metadata GC Threshold)
[2025-01-31T12:16:16.324+0100][gc,task     ] GC(4) Using 8 workers of 8 for evacuation
[2025-01-31T12:16:16.327+0100][gc,phases   ] GC(4)   Pre Evacuate Collection Set: 0.1ms
[2025-01-31T12:16:16.327+0100][gc,phases   ] GC(4)   Merge Heap Roots: 0.0ms
[2025-01-31T12:16:16.327+0100][gc,phases   ] GC(4)   Evacuate Collection Set: 2.1ms
[2025-01-31T12:16:16.327+0100][gc,phases   ] GC(4)   Post Evacuate Collection Set: 0.2ms
[2025-01-31T12:16:16.327+0100][gc,phases   ] GC(4)   Other: 0.0ms
[2025-01-31T12:16:16.327+0100][gc,heap     ] GC(4) Eden regions: 17->0(49)
[2025-01-31T12:16:16.327+0100][gc,heap     ] GC(4) Survivor regions: 6->2(7)
[2025-01-31T12:16:16.327+0100][gc,heap     ] GC(4) Old regions: 11->16
[2025-01-31T12:16:16.327+0100][gc,heap     ] GC(4) Humongous regions: 129->129
[2025-01-31T12:16:16.327+0100][gc,metaspace] GC(4) Metaspace: 35836K(36096K)->35836K(36096K) NonClass: 31899K(32064K)->31899K(32064K) Class: 3937K(4032K)->3937K(4032K)
[2025-01-31T12:16:16.327+0100][gc          ] GC(4) Pause Young (Mixed) (Metadata GC Threshold) 161M->146M(1024M) 2.634ms
[2025-01-31T12:16:16.327+0100][gc,cpu      ] GC(4) User=0.01s Sys=0.00s Real=0.00s
[2025-01-31T12:16:16.333+0100][gc,start    ] GC(5) Pause Young (Concurrent Start) (Metadata GC Threshold)
[2025-01-31T12:16:16.333+0100][gc,task     ] GC(5) Using 8 workers of 8 for evacuation
[2025-01-31T12:16:16.334+0100][gc,phases   ] GC(5)   Pre Evacuate Collection Set: 0.1ms
[2025-01-31T12:16:16.334+0100][gc,phases   ] GC(5)   Merge Heap Roots: 0.0ms
[2025-01-31T12:16:16.334+0100][gc,phases   ] GC(5)   Evacuate Collection Set: 0.8ms
[2025-01-31T12:16:16.334+0100][gc,phases   ] GC(5)   Post Evacuate Collection Set: 0.1ms
[2025-01-31T12:16:16.334+0100][gc,phases   ] GC(5)   Other: 0.0ms
[2025-01-31T12:16:16.334+0100][gc,heap     ] GC(5) Eden regions: 3->0(49)
[2025-01-31T12:16:16.334+0100][gc,heap     ] GC(5) Survivor regions: 2->2(7)
[2025-01-31T12:16:16.334+0100][gc,heap     ] GC(5) Old regions: 16->16
[2025-01-31T12:16:16.334+0100][gc,heap     ] GC(5) Humongous regions: 129->129
[2025-01-31T12:16:16.334+0100][gc,metaspace] GC(5) Metaspace: 36147K(36416K)->36147K(36416K) NonClass: 32156K(32320K)->32156K(32320K) Class: 3991K(4096K)->3991K(4096K)
[2025-01-31T12:16:16.334+0100][gc          ] GC(5) Pause Young (Concurrent Start) (Metadata GC Threshold) 149M->145M(1024M) 1.262ms
[2025-01-31T12:16:16.334+0100][gc          ] GC(6) Concurrent Mark Cycle
[2025-01-31T12:16:16.334+0100][gc,cpu      ] GC(5) User=0.01s Sys=0.00s Real=0.00s
[2025-01-31T12:16:16.334+0100][gc,marking  ] GC(6) Concurrent Scan Root Regions
[2025-01-31T12:16:16.335+0100][gc,marking  ] GC(6) Concurrent Scan Root Regions 0.576ms
[2025-01-31T12:16:16.335+0100][gc,marking  ] GC(6) Concurrent Mark
[2025-01-31T12:16:16.335+0100][gc,marking  ] GC(6) Concurrent Mark From Roots
[2025-01-31T12:16:16.335+0100][gc,task     ] GC(6) Using 2 workers of 2 for marking
[2025-01-31T12:16:16.341+0100][gc,marking  ] GC(6) Concurrent Mark From Roots 6.104ms
[2025-01-31T12:16:16.341+0100][gc,marking  ] GC(6) Concurrent Preclean
[2025-01-31T12:16:16.341+0100][gc,marking  ] GC(6) Concurrent Preclean 0.035ms
[2025-01-31T12:16:16.341+0100][gc,start    ] GC(6) Pause Remark
[2025-01-31T12:16:16.342+0100][gc          ] GC(6) Pause Remark 147M->147M(1024M) 1.081ms
[2025-01-31T12:16:16.342+0100][gc,cpu      ] GC(6) User=0.00s Sys=0.00s Real=0.00s
[2025-01-31T12:16:16.342+0100][gc,marking  ] GC(6) Concurrent Mark 7.433ms
[2025-01-31T12:16:16.342+0100][gc,marking  ] GC(6) Concurrent Rebuild Remembered Sets and Scrub Regions
[2025-01-31T12:16:16.345+0100][gc,marking  ] GC(6) Concurrent Rebuild Remembered Sets and Scrub Regions 2.462ms
[2025-01-31T12:16:16.345+0100][gc,start    ] GC(6) Pause Cleanup
[2025-01-31T12:16:16.345+0100][gc          ] GC(6) Pause Cleanup 148M->148M(1024M) 0.078ms
[2025-01-31T12:16:16.345+0100][gc,cpu      ] GC(6) User=0.00s Sys=0.00s Real=0.00s
[2025-01-31T12:16:16.345+0100][gc,marking  ] GC(6) Concurrent Clear Claimed Marks
[2025-01-31T12:16:16.345+0100][gc,marking  ] GC(6) Concurrent Clear Claimed Marks 0.024ms
[2025-01-31T12:16:16.345+0100][gc,marking  ] GC(6) Concurrent Cleanup for Next Mark
[2025-01-31T12:16:16.346+0100][gc,marking  ] GC(6) Concurrent Cleanup for Next Mark 0.924ms
[2025-01-31T12:16:16.346+0100][gc          ] GC(6) Concurrent Mark Cycle 11.707ms
[2025-01-31T12:19:16.663+0100][gc,heap,exit] Heap
[2025-01-31T12:19:16.664+0100][gc,heap,exit]  garbage-first heap   total 1048576K, used 202385K [0x00000007c0000000, 0x0000000800000000)
[2025-01-31T12:19:16.664+0100][gc,heap,exit]   region size 1024K, 48 young (49152K), 2 survivors (2048K)
[2025-01-31T12:19:16.664+0100][gc,heap,exit]  Metaspace       used 42644K, committed 43328K, reserved 1114112K
[2025-01-31T12:19:16.664+0100][gc,heap,exit]   class space    used 5165K, committed 5440K, reserved 1048576K
