[2025-02-01T10:41:26.894+0100][gc,init] CardTable entry size: 512
[2025-02-01T10:41:26.894+0100][gc     ] Using G1
[2025-02-01T10:41:26.895+0100][gc,init] Version: 21.0.1+12-29 (release)
[2025-02-01T10:41:26.895+0100][gc,init] CPUs: 8 total, 8 available
[2025-02-01T10:41:26.895+0100][gc,init] Memory: 16384M
[2025-02-01T10:41:26.895+0100][gc,init] Large Page Support: Disabled
[2025-02-01T10:41:26.895+0100][gc,init] NUMA Support: Disabled
[2025-02-01T10:41:26.895+0100][gc,init] Compressed Oops: Enabled (Zero based)
[2025-02-01T10:41:26.895+0100][gc,init] Heap Region Size: 1M
[2025-02-01T10:41:26.895+0100][gc,init] Heap Min Capacity: 512M
[2025-02-01T10:41:26.895+0100][gc,init] Heap Initial Capacity: 512M
[2025-02-01T10:41:26.895+0100][gc,init] Heap Max Capacity: 512M
[2025-02-01T10:41:26.895+0100][gc,init] Pre-touch: Disabled
[2025-02-01T10:41:26.895+0100][gc,init] Parallel Workers: 8
[2025-02-01T10:41:26.895+0100][gc,init] Concurrent Workers: 2
[2025-02-01T10:41:26.895+0100][gc,init] Concurrent Refinement Workers: 8
[2025-02-01T10:41:26.895+0100][gc,init] Periodic GC: Disabled
[2025-02-01T10:41:26.898+0100][gc,metaspace] CDS archive(s) mapped at: [0x000000a000000000-0x000000a000ca4000-0x000000a000ca4000), size 13254656, SharedBaseAddress: 0x000000a000000000, ArchiveRelocationMode: 1.
[2025-02-01T10:41:26.898+0100][gc,metaspace] Compressed class space mapped at: 0x000000a001000000-0x000000a041000000, reserved size: 1073741824
[2025-02-01T10:41:26.898+0100][gc,metaspace] Narrow klass base: 0x000000a000000000, Narrow klass shift: 0, Narrow klass range: 0x100000000
[2025-02-01T10:41:27.456+0100][gc,start    ] GC(0) Pause Young (Normal) (G1 Evacuation Pause)
[2025-02-01T10:41:27.457+0100][gc,task     ] GC(0) Using 8 workers of 8 for evacuation
[2025-02-01T10:41:27.461+0100][gc,phases   ] GC(0)   Pre Evacuate Collection Set: 0.1ms
[2025-02-01T10:41:27.461+0100][gc,phases   ] GC(0)   Merge Heap Roots: 0.6ms
[2025-02-01T10:41:27.461+0100][gc,phases   ] GC(0)   Evacuate Collection Set: 2.3ms
[2025-02-01T10:41:27.461+0100][gc,phases   ] GC(0)   Post Evacuate Collection Set: 0.6ms
[2025-02-01T10:41:27.461+0100][gc,phases   ] GC(0)   Other: 0.8ms
[2025-02-01T10:41:27.461+0100][gc,heap     ] GC(0) Eden regions: 25->0(21)
[2025-02-01T10:41:27.461+0100][gc,heap     ] GC(0) Survivor regions: 0->4(4)
[2025-02-01T10:41:27.461+0100][gc,heap     ] GC(0) Old regions: 2->7
[2025-02-01T10:41:27.461+0100][gc,heap     ] GC(0) Humongous regions: 0->0
[2025-02-01T10:41:27.461+0100][gc,metaspace] GC(0) Metaspace: 8028K(8192K)->8028K(8192K) NonClass: 7172K(7232K)->7172K(7232K) Class: 855K(960K)->855K(960K)
[2025-02-01T10:41:27.461+0100][gc          ] GC(0) Pause Young (Normal) (G1 Evacuation Pause) 26M->9M(512M) 4.454ms
[2025-02-01T10:41:27.461+0100][gc,cpu      ] GC(0) User=0.01s Sys=0.00s Real=0.01s
[2025-02-01T17:14:35.675+0100][gc,start    ] GC(1) Pause Young (Normal) (G1 Evacuation Pause)
[2025-02-01T17:14:35.675+0100][gc,task     ] GC(1) Using 8 workers of 8 for evacuation
[2025-02-01T17:14:35.690+0100][gc,phases   ] GC(1)   Pre Evacuate Collection Set: 0.7ms
[2025-02-01T17:14:35.691+0100][gc,phases   ] GC(1)   Merge Heap Roots: 0.2ms
[2025-02-01T17:14:35.691+0100][gc,phases   ] GC(1)   Evacuate Collection Set: 13.4ms
[2025-02-01T17:14:35.691+0100][gc,phases   ] GC(1)   Post Evacuate Collection Set: 0.5ms
[2025-02-01T17:14:35.691+0100][gc,phases   ] GC(1)   Other: 0.3ms
[2025-02-01T17:14:35.691+0100][gc,heap     ] GC(1) Eden regions: 21->0(24)
[2025-02-01T17:14:35.691+0100][gc,heap     ] GC(1) Survivor regions: 4->1(4)
[2025-02-01T17:14:35.691+0100][gc,heap     ] GC(1) Old regions: 7->11
[2025-02-01T17:14:35.691+0100][gc,heap     ] GC(1) Humongous regions: 0->0
[2025-02-01T17:14:35.691+0100][gc,metaspace] GC(1) Metaspace: 9487K(9728K)->9487K(9728K) NonClass: 8508K(8640K)->8508K(8640K) Class: 978K(1088K)->978K(1088K)
[2025-02-01T17:14:35.691+0100][gc          ] GC(1) Pause Young (Normal) (G1 Evacuation Pause) 30M->10M(512M) 16.222ms
[2025-02-01T17:14:35.691+0100][gc,cpu      ] GC(1) User=0.01s Sys=0.03s Real=0.02s
[2025-02-03T17:08:54.810+0100][gc,start    ] GC(2) Pause Young (Normal) (G1 Evacuation Pause)
[2025-02-03T17:08:54.813+0100][gc,task     ] GC(2) Using 8 workers of 8 for evacuation
[2025-02-03T17:08:54.828+0100][gc,phases   ] GC(2)   Pre Evacuate Collection Set: 2.5ms
[2025-02-03T17:08:54.828+0100][gc,phases   ] GC(2)   Merge Heap Roots: 0.6ms
[2025-02-03T17:08:54.828+0100][gc,phases   ] GC(2)   Evacuate Collection Set: 9.6ms
[2025-02-03T17:08:54.828+0100][gc,phases   ] GC(2)   Post Evacuate Collection Set: 0.9ms
[2025-02-03T17:08:54.828+0100][gc,phases   ] GC(2)   Other: 1.5ms
[2025-02-03T17:08:54.828+0100][gc,heap     ] GC(2) Eden regions: 24->0(24)
[2025-02-03T17:08:54.828+0100][gc,heap     ] GC(2) Survivor regions: 1->1(4)
[2025-02-03T17:08:54.828+0100][gc,heap     ] GC(2) Old regions: 11->11
[2025-02-03T17:08:54.828+0100][gc,heap     ] GC(2) Humongous regions: 0->0
[2025-02-03T17:08:54.828+0100][gc,metaspace] GC(2) Metaspace: 9503K(9728K)->9503K(9728K) NonClass: 8524K(8640K)->8524K(8640K) Class: 979K(1088K)->979K(1088K)
[2025-02-03T17:08:54.828+0100][gc          ] GC(2) Pause Young (Normal) (G1 Evacuation Pause) 34M->10M(512M) 19.003ms
[2025-02-03T17:08:54.828+0100][gc,cpu      ] GC(2) User=0.01s Sys=0.02s Real=0.02s
[2025-02-04T01:54:00.784+0100][gc,start    ] GC(3) Pause Young (Normal) (G1 Evacuation Pause)
[2025-02-04T01:54:00.787+0100][gc,task     ] GC(3) Using 8 workers of 8 for evacuation
[2025-02-04T01:54:00.794+0100][gc,phases   ] GC(3)   Pre Evacuate Collection Set: 0.7ms
[2025-02-04T01:54:00.794+0100][gc,phases   ] GC(3)   Merge Heap Roots: 0.4ms
[2025-02-04T01:54:00.794+0100][gc,phases   ] GC(3)   Evacuate Collection Set: 4.0ms
[2025-02-04T01:54:00.794+0100][gc,phases   ] GC(3)   Post Evacuate Collection Set: 0.4ms
[2025-02-04T01:54:00.794+0100][gc,phases   ] GC(3)   Other: 1.0ms
[2025-02-04T01:54:00.794+0100][gc,heap     ] GC(3) Eden regions: 24->0(24)
[2025-02-04T01:54:00.794+0100][gc,heap     ] GC(3) Survivor regions: 1->1(4)
[2025-02-04T01:54:00.794+0100][gc,heap     ] GC(3) Old regions: 11->11
[2025-02-04T01:54:00.794+0100][gc,heap     ] GC(3) Humongous regions: 0->0
[2025-02-04T01:54:00.794+0100][gc,metaspace] GC(3) Metaspace: 9508K(9728K)->9508K(9728K) NonClass: 8528K(8640K)->8528K(8640K) Class: 979K(1088K)->979K(1088K)
[2025-02-04T01:54:00.794+0100][gc          ] GC(3) Pause Young (Normal) (G1 Evacuation Pause) 34M->10M(512M) 11.326ms
[2025-02-04T01:54:00.794+0100][gc,cpu      ] GC(3) User=0.00s Sys=0.01s Real=0.01s
[2025-02-05T09:13:19.835+0100][gc,start    ] GC(4) Pause Young (Normal) (G1 Evacuation Pause)
[2025-02-05T09:13:19.838+0100][gc,task     ] GC(4) Using 8 workers of 8 for evacuation
[2025-02-05T09:13:19.848+0100][gc,phases   ] GC(4)   Pre Evacuate Collection Set: 1.3ms
[2025-02-05T09:13:19.848+0100][gc,phases   ] GC(4)   Merge Heap Roots: 1.4ms
[2025-02-05T09:13:19.848+0100][gc,phases   ] GC(4)   Evacuate Collection Set: 5.4ms
[2025-02-05T09:13:19.848+0100][gc,phases   ] GC(4)   Post Evacuate Collection Set: 0.8ms
[2025-02-05T09:13:19.848+0100][gc,phases   ] GC(4)   Other: 1.6ms
[2025-02-05T09:13:19.848+0100][gc,heap     ] GC(4) Eden regions: 24->0(24)
[2025-02-05T09:13:19.848+0100][gc,heap     ] GC(4) Survivor regions: 1->1(4)
[2025-02-05T09:13:19.848+0100][gc,heap     ] GC(4) Old regions: 11->11
[2025-02-05T09:13:19.848+0100][gc,heap     ] GC(4) Humongous regions: 0->0
[2025-02-05T09:13:19.848+0100][gc,metaspace] GC(4) Metaspace: 9511K(9728K)->9511K(9728K) NonClass: 8531K(8640K)->8531K(8640K) Class: 979K(1088K)->979K(1088K)
[2025-02-05T09:13:19.848+0100][gc          ] GC(4) Pause Young (Normal) (G1 Evacuation Pause) 34M->10M(512M) 14.163ms
[2025-02-05T09:13:19.848+0100][gc,cpu      ] GC(4) User=0.00s Sys=0.01s Real=0.01s
[2025-02-11T18:28:49.294+0100][gc,heap,exit] Heap
[2025-02-11T18:28:49.295+0100][gc,heap,exit]  garbage-first heap   total 524288K, used 18665K [0x00000007e0000000, 0x0000000800000000)
[2025-02-11T18:28:49.295+0100][gc,heap,exit]   region size 1024K, 10 young (10240K), 1 survivors (1024K)
[2025-02-11T18:28:49.295+0100][gc,heap,exit]  Metaspace       used 9525K, committed 9728K, reserved 1114112K
[2025-02-11T18:28:49.295+0100][gc,heap,exit]   class space    used 979K, committed 1088K, reserved 1048576K
