[2025-01-31T11:33:43.705+0100][gc,init] CardTable entry size: 512
[2025-01-31T11:33:43.705+0100][gc     ] Using G1
[2025-01-31T11:33:43.705+0100][gc,init] Version: 21.0.1+12-29 (release)
[2025-01-31T11:33:43.705+0100][gc,init] CPUs: 8 total, 8 available
[2025-01-31T11:33:43.705+0100][gc,init] Memory: 16384M
[2025-01-31T11:33:43.705+0100][gc,init] Large Page Support: Disabled
[2025-01-31T11:33:43.705+0100][gc,init] NUMA Support: Disabled
[2025-01-31T11:33:43.705+0100][gc,init] Compressed Oops: Enabled (Zero based)
[2025-01-31T11:33:43.705+0100][gc,init] Heap Region Size: 1M
[2025-01-31T11:33:43.705+0100][gc,init] Heap Min Capacity: 512M
[2025-01-31T11:33:43.705+0100][gc,init] Heap Initial Capacity: 512M
[2025-01-31T11:33:43.705+0100][gc,init] Heap Max Capacity: 512M
[2025-01-31T11:33:43.705+0100][gc,init] Pre-touch: Disabled
[2025-01-31T11:33:43.705+0100][gc,init] Parallel Workers: 8
[2025-01-31T11:33:43.705+0100][gc,init] Concurrent Workers: 2
[2025-01-31T11:33:43.705+0100][gc,init] Concurrent Refinement Workers: 8
[2025-01-31T11:33:43.705+0100][gc,init] Periodic GC: Disabled
[2025-01-31T11:33:43.709+0100][gc,metaspace] CDS archive(s) mapped at: [0x0000007000000000-0x0000007000ca4000-0x0000007000ca4000), size 13254656, SharedBaseAddress: 0x0000007000000000, ArchiveRelocationMode: 1.
[2025-01-31T11:33:43.709+0100][gc,metaspace] Compressed class space mapped at: 0x0000007001000000-0x0000007041000000, reserved size: 1073741824
[2025-01-31T11:33:43.709+0100][gc,metaspace] Narrow klass base: 0x0000007000000000, Narrow klass shift: 0, Narrow klass range: 0x100000000
[2025-01-31T11:33:44.340+0100][gc,start    ] GC(0) Pause Young (Normal) (G1 Evacuation Pause)
[2025-01-31T11:33:44.340+0100][gc,task     ] GC(0) Using 8 workers of 8 for evacuation
[2025-01-31T11:33:44.344+0100][gc,phases   ] GC(0)   Pre Evacuate Collection Set: 0.1ms
[2025-01-31T11:33:44.344+0100][gc,phases   ] GC(0)   Merge Heap Roots: 0.3ms
[2025-01-31T11:33:44.344+0100][gc,phases   ] GC(0)   Evacuate Collection Set: 2.2ms
[2025-01-31T11:33:44.344+0100][gc,phases   ] GC(0)   Post Evacuate Collection Set: 0.5ms
[2025-01-31T11:33:44.344+0100][gc,phases   ] GC(0)   Other: 1.3ms
[2025-01-31T11:33:44.344+0100][gc,heap     ] GC(0) Eden regions: 25->0(21)
[2025-01-31T11:33:44.344+0100][gc,heap     ] GC(0) Survivor regions: 0->4(4)
[2025-01-31T11:33:44.344+0100][gc,heap     ] GC(0) Old regions: 2->7
[2025-01-31T11:33:44.344+0100][gc,heap     ] GC(0) Humongous regions: 0->0
[2025-01-31T11:33:44.344+0100][gc,metaspace] GC(0) Metaspace: 7713K(7872K)->7713K(7872K) NonClass: 6887K(6976K)->6887K(6976K) Class: 826K(896K)->826K(896K)
[2025-01-31T11:33:44.344+0100][gc          ] GC(0) Pause Young (Normal) (G1 Evacuation Pause) 26M->9M(512M) 4.434ms
[2025-01-31T11:33:44.344+0100][gc,cpu      ] GC(0) User=0.01s Sys=0.01s Real=0.00s
[2025-01-31T11:34:07.474+0100][gc,heap,exit] Heap
[2025-01-31T11:34:07.474+0100][gc,heap,exit]  garbage-first heap   total 524288K, used 17342K [0x00000007e0000000, 0x0000000800000000)
[2025-01-31T11:34:07.474+0100][gc,heap,exit]   region size 1024K, 12 young (12288K), 4 survivors (4096K)
[2025-01-31T11:34:07.474+0100][gc,heap,exit]  Metaspace       used 8976K, committed 9216K, reserved 1114112K
[2025-01-31T11:34:07.474+0100][gc,heap,exit]   class space    used 975K, committed 1088K, reserved 1048576K
