[2025-01-31T18:07:27.180+0100][gc,init] CardTable entry size: 512
[2025-01-31T18:07:27.180+0100][gc     ] Using G1
[2025-01-31T18:07:27.182+0100][gc,init] Version: 21.0.1+12-29 (release)
[2025-01-31T18:07:27.182+0100][gc,init] CPUs: 8 total, 8 available
[2025-01-31T18:07:27.182+0100][gc,init] Memory: 16384M
[2025-01-31T18:07:27.182+0100][gc,init] Large Page Support: Disabled
[2025-01-31T18:07:27.182+0100][gc,init] NUMA Support: Disabled
[2025-01-31T18:07:27.182+0100][gc,init] Compressed Oops: Enabled (Zero based)
[2025-01-31T18:07:27.182+0100][gc,init] Heap Region Size: 1M
[2025-01-31T18:07:27.182+0100][gc,init] Heap Min Capacity: 1G
[2025-01-31T18:07:27.182+0100][gc,init] Heap Initial Capacity: 1G
[2025-01-31T18:07:27.182+0100][gc,init] Heap Max Capacity: 1G
[2025-01-31T18:07:27.182+0100][gc,init] Pre-touch: Disabled
[2025-01-31T18:07:27.182+0100][gc,init] Parallel Workers: 8
[2025-01-31T18:07:27.182+0100][gc,init] Concurrent Workers: 2
[2025-01-31T18:07:27.182+0100][gc,init] Concurrent Refinement Workers: 8
[2025-01-31T18:07:27.182+0100][gc,init] Periodic GC: Disabled
[2025-01-31T18:07:27.185+0100][gc,metaspace] CDS archive(s) mapped at: [0x0000008800000000-0x0000008800ca4000-0x0000008800ca4000), size 13254656, SharedBaseAddress: 0x0000008800000000, ArchiveRelocationMode: 1.
[2025-01-31T18:07:27.185+0100][gc,metaspace] Compressed class space mapped at: 0x0000008801000000-0x0000008841000000, reserved size: 1073741824
[2025-01-31T18:07:27.185+0100][gc,metaspace] Narrow klass base: 0x0000008800000000, Narrow klass shift: 0, Narrow klass range: 0x100000000
[2025-01-31T18:07:27.947+0100][gc,start    ] GC(0) Pause Young (Normal) (G1 Evacuation Pause)
[2025-01-31T18:07:27.948+0100][gc,task     ] GC(0) Using 8 workers of 8 for evacuation
[2025-01-31T18:07:27.951+0100][gc,phases   ] GC(0)   Pre Evacuate Collection Set: 0.2ms
[2025-01-31T18:07:27.951+0100][gc,phases   ] GC(0)   Merge Heap Roots: 0.0ms
[2025-01-31T18:07:27.951+0100][gc,phases   ] GC(0)   Evacuate Collection Set: 2.4ms
[2025-01-31T18:07:27.951+0100][gc,phases   ] GC(0)   Post Evacuate Collection Set: 0.3ms
[2025-01-31T18:07:27.951+0100][gc,phases   ] GC(0)   Other: 0.2ms
[2025-01-31T18:07:27.951+0100][gc,heap     ] GC(0) Eden regions: 51->0(44)
[2025-01-31T18:07:27.951+0100][gc,heap     ] GC(0) Survivor regions: 0->7(7)
[2025-01-31T18:07:27.951+0100][gc,heap     ] GC(0) Old regions: 2->4
[2025-01-31T18:07:27.951+0100][gc,heap     ] GC(0) Humongous regions: 0->0
[2025-01-31T18:07:27.951+0100][gc,metaspace] GC(0) Metaspace: 17139K(17344K)->17139K(17344K) NonClass: 15117K(15232K)->15117K(15232K) Class: 2022K(2112K)->2022K(2112K)
[2025-01-31T18:07:27.951+0100][gc          ] GC(0) Pause Young (Normal) (G1 Evacuation Pause) 52M->9M(1024M) 3.353ms
[2025-01-31T18:07:27.951+0100][gc,cpu      ] GC(0) User=0.01s Sys=0.01s Real=0.01s
[2025-01-31T18:07:28.043+0100][gc,start    ] GC(1) Pause Young (Concurrent Start) (Metadata GC Threshold)
[2025-01-31T18:07:28.044+0100][gc,task     ] GC(1) Using 8 workers of 8 for evacuation
[2025-01-31T18:07:28.046+0100][gc,phases   ] GC(1)   Pre Evacuate Collection Set: 0.1ms
[2025-01-31T18:07:28.046+0100][gc,phases   ] GC(1)   Merge Heap Roots: 0.0ms
[2025-01-31T18:07:28.046+0100][gc,phases   ] GC(1)   Evacuate Collection Set: 1.9ms
[2025-01-31T18:07:28.046+0100][gc,phases   ] GC(1)   Post Evacuate Collection Set: 0.2ms
[2025-01-31T18:07:28.046+0100][gc,phases   ] GC(1)   Other: 0.0ms
[2025-01-31T18:07:28.046+0100][gc,heap     ] GC(1) Eden regions: 16->0(49)
[2025-01-31T18:07:28.046+0100][gc,heap     ] GC(1) Survivor regions: 7->2(7)
[2025-01-31T18:07:28.046+0100][gc,heap     ] GC(1) Old regions: 4->11
[2025-01-31T18:07:28.046+0100][gc,heap     ] GC(1) Humongous regions: 0->0
[2025-01-31T18:07:28.046+0100][gc,metaspace] GC(1) Metaspace: 21282K(21504K)->21282K(21504K) NonClass: 18763K(18880K)->18763K(18880K) Class: 2518K(2624K)->2518K(2624K)
[2025-01-31T18:07:28.046+0100][gc          ] GC(1) Pause Young (Concurrent Start) (Metadata GC Threshold) 25M->10M(1024M) 2.440ms
[2025-01-31T18:07:28.046+0100][gc,cpu      ] GC(1) User=0.01s Sys=0.00s Real=0.00s
[2025-01-31T18:07:28.046+0100][gc          ] GC(2) Concurrent Mark Cycle
[2025-01-31T18:07:28.046+0100][gc,marking  ] GC(2) Concurrent Scan Root Regions
[2025-01-31T18:07:28.047+0100][gc,marking  ] GC(2) Concurrent Scan Root Regions 1.186ms
[2025-01-31T18:07:28.047+0100][gc,marking  ] GC(2) Concurrent Mark
[2025-01-31T18:07:28.047+0100][gc,marking  ] GC(2) Concurrent Mark From Roots
[2025-01-31T18:07:28.047+0100][gc,task     ] GC(2) Using 2 workers of 2 for marking
[2025-01-31T18:07:28.048+0100][gc,marking  ] GC(2) Concurrent Mark From Roots 1.040ms
[2025-01-31T18:07:28.048+0100][gc,marking  ] GC(2) Concurrent Preclean
[2025-01-31T18:07:28.048+0100][gc,marking  ] GC(2) Concurrent Preclean 0.007ms
[2025-01-31T18:07:28.048+0100][gc,start    ] GC(2) Pause Remark
[2025-01-31T18:07:28.049+0100][gc          ] GC(2) Pause Remark 11M->11M(1024M) 0.857ms
[2025-01-31T18:07:28.049+0100][gc,cpu      ] GC(2) User=0.00s Sys=0.00s Real=0.00s
[2025-01-31T18:07:28.049+0100][gc,marking  ] GC(2) Concurrent Mark 2.061ms
[2025-01-31T18:07:28.049+0100][gc,marking  ] GC(2) Concurrent Rebuild Remembered Sets and Scrub Regions
[2025-01-31T18:07:28.050+0100][gc,marking  ] GC(2) Concurrent Rebuild Remembered Sets and Scrub Regions 1.147ms
[2025-01-31T18:07:28.050+0100][gc,start    ] GC(2) Pause Cleanup
[2025-01-31T18:07:28.051+0100][gc          ] GC(2) Pause Cleanup 11M->11M(1024M) 0.068ms
[2025-01-31T18:07:28.051+0100][gc,cpu      ] GC(2) User=0.00s Sys=0.00s Real=0.00s
[2025-01-31T18:07:28.051+0100][gc,marking  ] GC(2) Concurrent Clear Claimed Marks
[2025-01-31T18:07:28.051+0100][gc,marking  ] GC(2) Concurrent Clear Claimed Marks 0.010ms
[2025-01-31T18:07:28.051+0100][gc,marking  ] GC(2) Concurrent Cleanup for Next Mark
[2025-01-31T18:07:28.052+0100][gc,marking  ] GC(2) Concurrent Cleanup for Next Mark 1.297ms
[2025-01-31T18:07:28.052+0100][gc          ] GC(2) Concurrent Mark Cycle 5.946ms
[2025-01-31T18:07:28.510+0100][gc,start    ] GC(3) Pause Young (Prepare Mixed) (G1 Evacuation Pause)
[2025-01-31T18:07:28.511+0100][gc,task     ] GC(3) Using 8 workers of 8 for evacuation
[2025-01-31T18:07:28.513+0100][gc,phases   ] GC(3)   Pre Evacuate Collection Set: 0.1ms
[2025-01-31T18:07:28.513+0100][gc,phases   ] GC(3)   Merge Heap Roots: 0.0ms
[2025-01-31T18:07:28.513+0100][gc,phases   ] GC(3)   Evacuate Collection Set: 1.7ms
[2025-01-31T18:07:28.513+0100][gc,phases   ] GC(3)   Post Evacuate Collection Set: 0.2ms
[2025-01-31T18:07:28.513+0100][gc,phases   ] GC(3)   Other: 0.0ms
[2025-01-31T18:07:28.513+0100][gc,heap     ] GC(3) Eden regions: 49->0(45)
[2025-01-31T18:07:28.513+0100][gc,heap     ] GC(3) Survivor regions: 2->6(7)
[2025-01-31T18:07:28.513+0100][gc,heap     ] GC(3) Old regions: 11->11
[2025-01-31T18:07:28.513+0100][gc,heap     ] GC(3) Humongous regions: 129->129
[2025-01-31T18:07:28.513+0100][gc,metaspace] GC(3) Metaspace: 30950K(31232K)->30950K(31232K) NonClass: 27479K(27648K)->27479K(27648K) Class: 3470K(3584K)->3470K(3584K)
[2025-01-31T18:07:28.513+0100][gc          ] GC(3) Pause Young (Prepare Mixed) (G1 Evacuation Pause) 188M->144M(1024M) 2.257ms
[2025-01-31T18:07:28.513+0100][gc,cpu      ] GC(3) User=0.02s Sys=0.00s Real=0.00s
[2025-01-31T18:07:29.030+0100][gc,heap,exit] Heap
[2025-01-31T18:07:29.030+0100][gc,heap,exit]  garbage-first heap   total 1048576K, used 162420K [0x00000007c0000000, 0x0000000800000000)
[2025-01-31T18:07:29.030+0100][gc,heap,exit]   region size 1024K, 20 young (20480K), 6 survivors (6144K)
[2025-01-31T18:07:29.030+0100][gc,heap,exit]  Metaspace       used 33138K, committed 33472K, reserved 1114112K
[2025-01-31T18:07:29.030+0100][gc,heap,exit]   class space    used 3804K, committed 3968K, reserved 1048576K
