[2025-01-31T12:19:45.918+0100][gc,init] CardTable entry size: 512
[2025-01-31T12:19:45.918+0100][gc     ] Using G1
[2025-01-31T12:19:45.919+0100][gc,init] Version: 21.0.1+12-29 (release)
[2025-01-31T12:19:45.919+0100][gc,init] CPUs: 8 total, 8 available
[2025-01-31T12:19:45.919+0100][gc,init] Memory: 16384M
[2025-01-31T12:19:45.919+0100][gc,init] Large Page Support: Disabled
[2025-01-31T12:19:45.919+0100][gc,init] NUMA Support: Disabled
[2025-01-31T12:19:45.919+0100][gc,init] Compressed Oops: Enabled (Zero based)
[2025-01-31T12:19:45.919+0100][gc,init] Heap Region Size: 1M
[2025-01-31T12:19:45.919+0100][gc,init] Heap Min Capacity: 1G
[2025-01-31T12:19:45.919+0100][gc,init] Heap Initial Capacity: 1G
[2025-01-31T12:19:45.919+0100][gc,init] Heap Max Capacity: 1G
[2025-01-31T12:19:45.919+0100][gc,init] Pre-touch: Disabled
[2025-01-31T12:19:45.919+0100][gc,init] Parallel Workers: 8
[2025-01-31T12:19:45.919+0100][gc,init] Concurrent Workers: 2
[2025-01-31T12:19:45.919+0100][gc,init] Concurrent Refinement Workers: 8
[2025-01-31T12:19:45.919+0100][gc,init] Periodic GC: Disabled
[2025-01-31T12:19:45.923+0100][gc,metaspace] CDS archive(s) mapped at: [0x0000000600000000-0x0000000600ca4000-0x0000000600ca4000), size 13254656, SharedBaseAddress: 0x0000000600000000, ArchiveRelocationMode: 1.
[2025-01-31T12:19:45.923+0100][gc,metaspace] Compressed class space mapped at: 0x0000000601000000-0x0000000641000000, reserved size: 1073741824
[2025-01-31T12:19:45.923+0100][gc,metaspace] Narrow klass base: 0x0000000600000000, Narrow klass shift: 0, Narrow klass range: 0x100000000
[2025-01-31T12:19:46.663+0100][gc,start    ] GC(0) Pause Young (Normal) (G1 Evacuation Pause)
[2025-01-31T12:19:46.663+0100][gc,task     ] GC(0) Using 8 workers of 8 for evacuation
[2025-01-31T12:19:46.666+0100][gc,phases   ] GC(0)   Pre Evacuate Collection Set: 0.2ms
[2025-01-31T12:19:46.666+0100][gc,phases   ] GC(0)   Merge Heap Roots: 0.0ms
[2025-01-31T12:19:46.666+0100][gc,phases   ] GC(0)   Evacuate Collection Set: 2.1ms
[2025-01-31T12:19:46.666+0100][gc,phases   ] GC(0)   Post Evacuate Collection Set: 0.3ms
[2025-01-31T12:19:46.666+0100][gc,phases   ] GC(0)   Other: 0.2ms
[2025-01-31T12:19:46.666+0100][gc,heap     ] GC(0) Eden regions: 51->0(44)
[2025-01-31T12:19:46.666+0100][gc,heap     ] GC(0) Survivor regions: 0->7(7)
[2025-01-31T12:19:46.666+0100][gc,heap     ] GC(0) Old regions: 2->4
[2025-01-31T12:19:46.666+0100][gc,heap     ] GC(0) Humongous regions: 0->0
[2025-01-31T12:19:46.666+0100][gc,metaspace] GC(0) Metaspace: 17146K(17344K)->17146K(17344K) NonClass: 15122K(15232K)->15122K(15232K) Class: 2024K(2112K)->2024K(2112K)
[2025-01-31T12:19:46.666+0100][gc          ] GC(0) Pause Young (Normal) (G1 Evacuation Pause) 52M->9M(1024M) 3.110ms
[2025-01-31T12:19:46.666+0100][gc,cpu      ] GC(0) User=0.01s Sys=0.01s Real=0.00s
[2025-01-31T12:19:46.758+0100][gc,start    ] GC(1) Pause Young (Concurrent Start) (Metadata GC Threshold)
[2025-01-31T12:19:46.758+0100][gc,task     ] GC(1) Using 8 workers of 8 for evacuation
[2025-01-31T12:19:46.761+0100][gc,phases   ] GC(1)   Pre Evacuate Collection Set: 0.1ms
[2025-01-31T12:19:46.761+0100][gc,phases   ] GC(1)   Merge Heap Roots: 0.1ms
[2025-01-31T12:19:46.761+0100][gc,phases   ] GC(1)   Evacuate Collection Set: 1.9ms
[2025-01-31T12:19:46.761+0100][gc,phases   ] GC(1)   Post Evacuate Collection Set: 0.2ms
[2025-01-31T12:19:46.761+0100][gc,phases   ] GC(1)   Other: 0.0ms
[2025-01-31T12:19:46.761+0100][gc,heap     ] GC(1) Eden regions: 16->0(50)
[2025-01-31T12:19:46.761+0100][gc,heap     ] GC(1) Survivor regions: 7->1(7)
[2025-01-31T12:19:46.761+0100][gc,heap     ] GC(1) Old regions: 4->11
[2025-01-31T12:19:46.761+0100][gc,heap     ] GC(1) Humongous regions: 0->0
[2025-01-31T12:19:46.761+0100][gc,metaspace] GC(1) Metaspace: 21328K(21504K)->21328K(21504K) NonClass: 18800K(18880K)->18800K(18880K) Class: 2528K(2624K)->2528K(2624K)
[2025-01-31T12:19:46.761+0100][gc          ] GC(1) Pause Young (Concurrent Start) (Metadata GC Threshold) 25M->10M(1024M) 2.404ms
[2025-01-31T12:19:46.761+0100][gc,cpu      ] GC(1) User=0.01s Sys=0.00s Real=0.01s
[2025-01-31T12:19:46.761+0100][gc          ] GC(2) Concurrent Mark Cycle
[2025-01-31T12:19:46.761+0100][gc,marking  ] GC(2) Concurrent Scan Root Regions
[2025-01-31T12:19:46.762+0100][gc,marking  ] GC(2) Concurrent Scan Root Regions 1.260ms
[2025-01-31T12:19:46.762+0100][gc,marking  ] GC(2) Concurrent Mark
[2025-01-31T12:19:46.762+0100][gc,marking  ] GC(2) Concurrent Mark From Roots
[2025-01-31T12:19:46.762+0100][gc,task     ] GC(2) Using 2 workers of 2 for marking
[2025-01-31T12:19:46.763+0100][gc,marking  ] GC(2) Concurrent Mark From Roots 1.197ms
[2025-01-31T12:19:46.763+0100][gc,marking  ] GC(2) Concurrent Preclean
[2025-01-31T12:19:46.763+0100][gc,marking  ] GC(2) Concurrent Preclean 0.006ms
[2025-01-31T12:19:46.764+0100][gc,start    ] GC(2) Pause Remark
[2025-01-31T12:19:46.764+0100][gc          ] GC(2) Pause Remark 11M->11M(1024M) 0.780ms
[2025-01-31T12:19:46.764+0100][gc,cpu      ] GC(2) User=0.01s Sys=0.00s Real=0.00s
[2025-01-31T12:19:46.764+0100][gc,marking  ] GC(2) Concurrent Mark 2.153ms
[2025-01-31T12:19:46.764+0100][gc,marking  ] GC(2) Concurrent Rebuild Remembered Sets and Scrub Regions
[2025-01-31T12:19:46.765+0100][gc,marking  ] GC(2) Concurrent Rebuild Remembered Sets and Scrub Regions 1.102ms
[2025-01-31T12:19:46.765+0100][gc,start    ] GC(2) Pause Cleanup
[2025-01-31T12:19:46.766+0100][gc          ] GC(2) Pause Cleanup 11M->11M(1024M) 0.073ms
[2025-01-31T12:19:46.766+0100][gc,cpu      ] GC(2) User=0.00s Sys=0.00s Real=0.00s
[2025-01-31T12:19:46.766+0100][gc,marking  ] GC(2) Concurrent Clear Claimed Marks
[2025-01-31T12:19:46.766+0100][gc,marking  ] GC(2) Concurrent Clear Claimed Marks 0.010ms
[2025-01-31T12:19:46.766+0100][gc,marking  ] GC(2) Concurrent Cleanup for Next Mark
[2025-01-31T12:19:46.767+0100][gc,marking  ] GC(2) Concurrent Cleanup for Next Mark 1.215ms
[2025-01-31T12:19:46.767+0100][gc          ] GC(2) Concurrent Mark Cycle 5.993ms
[2025-01-31T12:19:47.225+0100][gc,start    ] GC(3) Pause Young (Prepare Mixed) (G1 Evacuation Pause)
[2025-01-31T12:19:47.225+0100][gc,task     ] GC(3) Using 8 workers of 8 for evacuation
[2025-01-31T12:19:47.228+0100][gc,phases   ] GC(3)   Pre Evacuate Collection Set: 0.2ms
[2025-01-31T12:19:47.228+0100][gc,phases   ] GC(3)   Merge Heap Roots: 0.0ms
[2025-01-31T12:19:47.228+0100][gc,phases   ] GC(3)   Evacuate Collection Set: 1.9ms
[2025-01-31T12:19:47.228+0100][gc,phases   ] GC(3)   Post Evacuate Collection Set: 0.2ms
[2025-01-31T12:19:47.228+0100][gc,phases   ] GC(3)   Other: 0.0ms
[2025-01-31T12:19:47.228+0100][gc,heap     ] GC(3) Eden regions: 50->0(44)
[2025-01-31T12:19:47.228+0100][gc,heap     ] GC(3) Survivor regions: 1->7(7)
[2025-01-31T12:19:47.228+0100][gc,heap     ] GC(3) Old regions: 11->11
[2025-01-31T12:19:47.228+0100][gc,heap     ] GC(3) Humongous regions: 129->129
[2025-01-31T12:19:47.228+0100][gc,metaspace] GC(3) Metaspace: 31202K(31488K)->31202K(31488K) NonClass: 27698K(27840K)->27698K(27840K) Class: 3504K(3648K)->3504K(3648K)
[2025-01-31T12:19:47.228+0100][gc          ] GC(3) Pause Young (Prepare Mixed) (G1 Evacuation Pause) 189M->144M(1024M) 2.523ms
[2025-01-31T12:19:47.228+0100][gc,cpu      ] GC(3) User=0.02s Sys=0.00s Real=0.00s
[2025-01-31T12:19:47.331+0100][gc,start    ] GC(4) Pause Young (Mixed) (Metadata GC Threshold)
[2025-01-31T12:19:47.331+0100][gc,task     ] GC(4) Using 8 workers of 8 for evacuation
[2025-01-31T12:19:47.334+0100][gc,phases   ] GC(4)   Pre Evacuate Collection Set: 0.1ms
[2025-01-31T12:19:47.334+0100][gc,phases   ] GC(4)   Merge Heap Roots: 0.0ms
[2025-01-31T12:19:47.334+0100][gc,phases   ] GC(4)   Evacuate Collection Set: 2.3ms
[2025-01-31T12:19:47.334+0100][gc,phases   ] GC(4)   Post Evacuate Collection Set: 0.2ms
[2025-01-31T12:19:47.334+0100][gc,phases   ] GC(4)   Other: 0.0ms
[2025-01-31T12:19:47.334+0100][gc,heap     ] GC(4) Eden regions: 18->0(49)
[2025-01-31T12:19:47.334+0100][gc,heap     ] GC(4) Survivor regions: 7->2(7)
[2025-01-31T12:19:47.334+0100][gc,heap     ] GC(4) Old regions: 11->16
[2025-01-31T12:19:47.334+0100][gc,heap     ] GC(4) Humongous regions: 129->129
[2025-01-31T12:19:47.334+0100][gc,metaspace] GC(4) Metaspace: 35888K(36160K)->35888K(36160K) NonClass: 31943K(32128K)->31943K(32128K) Class: 3944K(4032K)->3944K(4032K)
[2025-01-31T12:19:47.334+0100][gc          ] GC(4) Pause Young (Mixed) (Metadata GC Threshold) 162M->146M(1024M) 2.878ms
[2025-01-31T12:19:47.334+0100][gc,cpu      ] GC(4) User=0.02s Sys=0.00s Real=0.00s
[2025-01-31T12:19:47.340+0100][gc,start    ] GC(5) Pause Young (Concurrent Start) (Metadata GC Threshold)
[2025-01-31T12:19:47.340+0100][gc,task     ] GC(5) Using 8 workers of 8 for evacuation
[2025-01-31T12:19:47.341+0100][gc,phases   ] GC(5)   Pre Evacuate Collection Set: 0.1ms
[2025-01-31T12:19:47.341+0100][gc,phases   ] GC(5)   Merge Heap Roots: 0.0ms
[2025-01-31T12:19:47.341+0100][gc,phases   ] GC(5)   Evacuate Collection Set: 0.6ms
[2025-01-31T12:19:47.341+0100][gc,phases   ] GC(5)   Post Evacuate Collection Set: 0.2ms
[2025-01-31T12:19:47.341+0100][gc,phases   ] GC(5)   Other: 0.0ms
[2025-01-31T12:19:47.341+0100][gc,heap     ] GC(5) Eden regions: 3->0(49)
[2025-01-31T12:19:47.341+0100][gc,heap     ] GC(5) Survivor regions: 2->2(7)
[2025-01-31T12:19:47.341+0100][gc,heap     ] GC(5) Old regions: 16->16
[2025-01-31T12:19:47.341+0100][gc,heap     ] GC(5) Humongous regions: 129->129
[2025-01-31T12:19:47.341+0100][gc,metaspace] GC(5) Metaspace: 36231K(36480K)->36231K(36480K) NonClass: 32238K(32384K)->32238K(32384K) Class: 3992K(4096K)->3992K(4096K)
[2025-01-31T12:19:47.341+0100][gc          ] GC(5) Pause Young (Concurrent Start) (Metadata GC Threshold) 148M->145M(1024M) 1.096ms
[2025-01-31T12:19:47.341+0100][gc,cpu      ] GC(5) User=0.01s Sys=0.00s Real=0.00s
[2025-01-31T12:19:47.341+0100][gc          ] GC(6) Concurrent Mark Cycle
[2025-01-31T12:19:47.341+0100][gc,marking  ] GC(6) Concurrent Scan Root Regions
[2025-01-31T12:19:47.342+0100][gc,marking  ] GC(6) Concurrent Scan Root Regions 0.728ms
[2025-01-31T12:19:47.342+0100][gc,marking  ] GC(6) Concurrent Mark
[2025-01-31T12:19:47.342+0100][gc,marking  ] GC(6) Concurrent Mark From Roots
[2025-01-31T12:19:47.342+0100][gc,task     ] GC(6) Using 2 workers of 2 for marking
[2025-01-31T12:19:47.348+0100][gc,marking  ] GC(6) Concurrent Mark From Roots 5.452ms
[2025-01-31T12:19:47.348+0100][gc,marking  ] GC(6) Concurrent Preclean
[2025-01-31T12:19:47.348+0100][gc,marking  ] GC(6) Concurrent Preclean 0.040ms
[2025-01-31T12:19:47.348+0100][gc,start    ] GC(6) Pause Remark
[2025-01-31T12:19:47.349+0100][gc          ] GC(6) Pause Remark 147M->147M(1024M) 1.223ms
[2025-01-31T12:19:47.349+0100][gc,cpu      ] GC(6) User=0.01s Sys=0.00s Real=0.00s
[2025-01-31T12:19:47.349+0100][gc,marking  ] GC(6) Concurrent Mark 6.889ms
[2025-01-31T12:19:47.349+0100][gc,marking  ] GC(6) Concurrent Rebuild Remembered Sets and Scrub Regions
[2025-01-31T12:19:47.352+0100][gc,marking  ] GC(6) Concurrent Rebuild Remembered Sets and Scrub Regions 2.411ms
[2025-01-31T12:19:47.352+0100][gc,start    ] GC(6) Pause Cleanup
[2025-01-31T12:19:47.352+0100][gc          ] GC(6) Pause Cleanup 147M->147M(1024M) 0.083ms
[2025-01-31T12:19:47.352+0100][gc,cpu      ] GC(6) User=0.00s Sys=0.00s Real=0.00s
[2025-01-31T12:19:47.352+0100][gc,marking  ] GC(6) Concurrent Clear Claimed Marks
[2025-01-31T12:19:47.352+0100][gc,marking  ] GC(6) Concurrent Clear Claimed Marks 0.017ms
[2025-01-31T12:19:47.352+0100][gc,marking  ] GC(6) Concurrent Cleanup for Next Mark
[2025-01-31T12:19:47.353+0100][gc,marking  ] GC(6) Concurrent Cleanup for Next Mark 1.199ms
[2025-01-31T12:19:47.353+0100][gc          ] GC(6) Concurrent Mark Cycle 11.636ms
[2025-01-31T12:20:02.292+0100][gc,heap,exit] Heap
[2025-01-31T12:20:02.292+0100][gc,heap,exit]  garbage-first heap   total 1048576K, used 193586K [0x00000007c0000000, 0x0000000800000000)
[2025-01-31T12:20:02.292+0100][gc,heap,exit]   region size 1024K, 34 young (34816K), 2 survivors (2048K)
[2025-01-31T12:20:02.292+0100][gc,heap,exit]  Metaspace       used 40532K, committed 41024K, reserved 1114112K
[2025-01-31T12:20:02.292+0100][gc,heap,exit]   class space    used 4772K, committed 4992K, reserved 1048576K
