[2025-05-16T19:29:28.361+0200][gc,init] CardTable entry size: 512
[2025-05-16T19:29:28.361+0200][gc     ] Using G1
[2025-05-16T19:29:28.362+0200][gc,init] Version: 21.0.1+12-29 (release)
[2025-05-16T19:29:28.362+0200][gc,init] CPUs: 8 total, 8 available
[2025-05-16T19:29:28.362+0200][gc,init] Memory: 16384M
[2025-05-16T19:29:28.362+0200][gc,init] Large Page Support: Disabled
[2025-05-16T19:29:28.362+0200][gc,init] NUMA Support: Disabled
[2025-05-16T19:29:28.362+0200][gc,init] Compressed Oops: Enabled (Zero based)
[2025-05-16T19:29:28.362+0200][gc,init] Heap Region Size: 1M
[2025-05-16T19:29:28.362+0200][gc,init] Heap Min Capacity: 1G
[2025-05-16T19:29:28.362+0200][gc,init] Heap Initial Capacity: 1G
[2025-05-16T19:29:28.362+0200][gc,init] Heap Max Capacity: 1G
[2025-05-16T19:29:28.362+0200][gc,init] Pre-touch: Disabled
[2025-05-16T19:29:28.362+0200][gc,init] Parallel Workers: 8
[2025-05-16T19:29:28.362+0200][gc,init] Concurrent Workers: 2
[2025-05-16T19:29:28.362+0200][gc,init] Concurrent Refinement Workers: 8
[2025-05-16T19:29:28.362+0200][gc,init] Periodic GC: Disabled
[2025-05-16T19:29:28.365+0200][gc,metaspace] CDS archive(s) mapped at: [0x000000e000000000-0x000000e000ca4000-0x000000e000ca4000), size 13254656, SharedBaseAddress: 0x000000e000000000, ArchiveRelocationMode: 1.
[2025-05-16T19:29:28.365+0200][gc,metaspace] Compressed class space mapped at: 0x000000e001000000-0x000000e041000000, reserved size: 1073741824
[2025-05-16T19:29:28.365+0200][gc,metaspace] Narrow klass base: 0x000000e000000000, Narrow klass shift: 0, Narrow klass range: 0x100000000
[2025-05-16T19:29:29.095+0200][gc,start    ] GC(0) Pause Young (Normal) (G1 Evacuation Pause)
[2025-05-16T19:29:29.095+0200][gc,task     ] GC(0) Using 8 workers of 8 for evacuation
[2025-05-16T19:29:29.097+0200][gc,phases   ] GC(0)   Pre Evacuate Collection Set: 0.1ms
[2025-05-16T19:29:29.098+0200][gc,phases   ] GC(0)   Merge Heap Roots: 0.0ms
[2025-05-16T19:29:29.098+0200][gc,phases   ] GC(0)   Evacuate Collection Set: 2.2ms
[2025-05-16T19:29:29.098+0200][gc,phases   ] GC(0)   Post Evacuate Collection Set: 0.3ms
[2025-05-16T19:29:29.098+0200][gc,phases   ] GC(0)   Other: 0.2ms
[2025-05-16T19:29:29.098+0200][gc,heap     ] GC(0) Eden regions: 51->0(44)
[2025-05-16T19:29:29.098+0200][gc,heap     ] GC(0) Survivor regions: 0->7(7)
[2025-05-16T19:29:29.098+0200][gc,heap     ] GC(0) Old regions: 2->4
[2025-05-16T19:29:29.098+0200][gc,heap     ] GC(0) Humongous regions: 0->0
[2025-05-16T19:29:29.098+0200][gc,metaspace] GC(0) Metaspace: 17235K(17472K)->17235K(17472K) NonClass: 15204K(15360K)->15204K(15360K) Class: 2031K(2112K)->2031K(2112K)
[2025-05-16T19:29:29.098+0200][gc          ] GC(0) Pause Young (Normal) (G1 Evacuation Pause) 52M->9M(1024M) 3.019ms
[2025-05-16T19:29:29.098+0200][gc,cpu      ] GC(0) User=0.01s Sys=0.00s Real=0.00s
[2025-05-16T19:29:29.188+0200][gc,start    ] GC(1) Pause Young (Concurrent Start) (Metadata GC Threshold)
[2025-05-16T19:29:29.188+0200][gc,task     ] GC(1) Using 8 workers of 8 for evacuation
[2025-05-16T19:29:29.191+0200][gc,phases   ] GC(1)   Pre Evacuate Collection Set: 0.1ms
[2025-05-16T19:29:29.191+0200][gc,phases   ] GC(1)   Merge Heap Roots: 0.0ms
[2025-05-16T19:29:29.191+0200][gc,phases   ] GC(1)   Evacuate Collection Set: 2.1ms
[2025-05-16T19:29:29.191+0200][gc,phases   ] GC(1)   Post Evacuate Collection Set: 0.2ms
[2025-05-16T19:29:29.191+0200][gc,phases   ] GC(1)   Other: 0.0ms
[2025-05-16T19:29:29.191+0200][gc,heap     ] GC(1) Eden regions: 15->0(50)
[2025-05-16T19:29:29.191+0200][gc,heap     ] GC(1) Survivor regions: 7->1(7)
[2025-05-16T19:29:29.191+0200][gc,heap     ] GC(1) Old regions: 4->11
[2025-05-16T19:29:29.191+0200][gc,heap     ] GC(1) Humongous regions: 0->0
[2025-05-16T19:29:29.191+0200][gc,metaspace] GC(1) Metaspace: 21322K(21504K)->21322K(21504K) NonClass: 18804K(18880K)->18804K(18880K) Class: 2518K(2624K)->2518K(2624K)
[2025-05-16T19:29:29.191+0200][gc          ] GC(1) Pause Young (Concurrent Start) (Metadata GC Threshold) 24M->11M(1024M) 2.683ms
[2025-05-16T19:29:29.191+0200][gc,cpu      ] GC(1) User=0.01s Sys=0.00s Real=0.01s
[2025-05-16T19:29:29.191+0200][gc          ] GC(2) Concurrent Mark Cycle
[2025-05-16T19:29:29.191+0200][gc,marking  ] GC(2) Concurrent Scan Root Regions
[2025-05-16T19:29:29.192+0200][gc,marking  ] GC(2) Concurrent Scan Root Regions 1.207ms
[2025-05-16T19:29:29.192+0200][gc,marking  ] GC(2) Concurrent Mark
[2025-05-16T19:29:29.192+0200][gc,marking  ] GC(2) Concurrent Mark From Roots
[2025-05-16T19:29:29.192+0200][gc,task     ] GC(2) Using 2 workers of 2 for marking
[2025-05-16T19:29:29.193+0200][gc,marking  ] GC(2) Concurrent Mark From Roots 1.116ms
[2025-05-16T19:29:29.193+0200][gc,marking  ] GC(2) Concurrent Preclean
[2025-05-16T19:29:29.193+0200][gc,marking  ] GC(2) Concurrent Preclean 0.006ms
[2025-05-16T19:29:29.193+0200][gc,start    ] GC(2) Pause Remark
[2025-05-16T19:29:29.194+0200][gc          ] GC(2) Pause Remark 11M->11M(1024M) 0.922ms
[2025-05-16T19:29:29.194+0200][gc,cpu      ] GC(2) User=0.01s Sys=0.00s Real=0.00s
[2025-05-16T19:29:29.194+0200][gc,marking  ] GC(2) Concurrent Mark 2.162ms
[2025-05-16T19:29:29.194+0200][gc,marking  ] GC(2) Concurrent Rebuild Remembered Sets and Scrub Regions
[2025-05-16T19:29:29.195+0200][gc,marking  ] GC(2) Concurrent Rebuild Remembered Sets and Scrub Regions 1.100ms
[2025-05-16T19:29:29.195+0200][gc,start    ] GC(2) Pause Cleanup
[2025-05-16T19:29:29.195+0200][gc          ] GC(2) Pause Cleanup 11M->11M(1024M) 0.073ms
[2025-05-16T19:29:29.195+0200][gc,cpu      ] GC(2) User=0.00s Sys=0.00s Real=0.00s
[2025-05-16T19:29:29.195+0200][gc,marking  ] GC(2) Concurrent Clear Claimed Marks
[2025-05-16T19:29:29.195+0200][gc,marking  ] GC(2) Concurrent Clear Claimed Marks 0.015ms
[2025-05-16T19:29:29.195+0200][gc,marking  ] GC(2) Concurrent Cleanup for Next Mark
[2025-05-16T19:29:29.197+0200][gc,marking  ] GC(2) Concurrent Cleanup for Next Mark 1.298ms
[2025-05-16T19:29:29.197+0200][gc          ] GC(2) Concurrent Mark Cycle 5.971ms
[2025-05-16T19:29:29.501+0200][gc,start    ] GC(3) Pause Young (Prepare Mixed) (G1 Evacuation Pause)
[2025-05-16T19:29:29.501+0200][gc,task     ] GC(3) Using 8 workers of 8 for evacuation
[2025-05-16T19:29:29.504+0200][gc,phases   ] GC(3)   Pre Evacuate Collection Set: 0.2ms
[2025-05-16T19:29:29.504+0200][gc,phases   ] GC(3)   Merge Heap Roots: 0.0ms
[2025-05-16T19:29:29.504+0200][gc,phases   ] GC(3)   Evacuate Collection Set: 2.6ms
[2025-05-16T19:29:29.504+0200][gc,phases   ] GC(3)   Post Evacuate Collection Set: 0.4ms
[2025-05-16T19:29:29.504+0200][gc,phases   ] GC(3)   Other: 0.0ms
[2025-05-16T19:29:29.504+0200][gc,heap     ] GC(3) Eden regions: 50->0(45)
[2025-05-16T19:29:29.504+0200][gc,heap     ] GC(3) Survivor regions: 1->6(7)
[2025-05-16T19:29:29.504+0200][gc,heap     ] GC(3) Old regions: 11->11
[2025-05-16T19:29:29.504+0200][gc,heap     ] GC(3) Humongous regions: 129->129
[2025-05-16T19:29:29.504+0200][gc,metaspace] GC(3) Metaspace: 31414K(31744K)->31414K(31744K) NonClass: 27877K(28096K)->27877K(28096K) Class: 3536K(3648K)->3536K(3648K)
[2025-05-16T19:29:29.504+0200][gc          ] GC(3) Pause Young (Prepare Mixed) (G1 Evacuation Pause) 190M->144M(1024M) 3.388ms
[2025-05-16T19:29:29.504+0200][gc,cpu      ] GC(3) User=0.02s Sys=0.00s Real=0.00s
[2025-05-16T19:29:29.592+0200][gc,start    ] GC(4) Pause Young (Mixed) (Metadata GC Threshold)
[2025-05-16T19:29:29.592+0200][gc,task     ] GC(4) Using 8 workers of 8 for evacuation
[2025-05-16T19:29:29.594+0200][gc,phases   ] GC(4)   Pre Evacuate Collection Set: 0.1ms
[2025-05-16T19:29:29.594+0200][gc,phases   ] GC(4)   Merge Heap Roots: 0.0ms
[2025-05-16T19:29:29.594+0200][gc,phases   ] GC(4)   Evacuate Collection Set: 2.1ms
[2025-05-16T19:29:29.594+0200][gc,phases   ] GC(4)   Post Evacuate Collection Set: 0.2ms
[2025-05-16T19:29:29.594+0200][gc,phases   ] GC(4)   Other: 0.0ms
[2025-05-16T19:29:29.594+0200][gc,heap     ] GC(4) Eden regions: 16->0(49)
[2025-05-16T19:29:29.594+0200][gc,heap     ] GC(4) Survivor regions: 6->2(7)
[2025-05-16T19:29:29.594+0200][gc,heap     ] GC(4) Old regions: 11->16
[2025-05-16T19:29:29.594+0200][gc,heap     ] GC(4) Humongous regions: 129->129
[2025-05-16T19:29:29.594+0200][gc,metaspace] GC(4) Metaspace: 35828K(36096K)->35828K(36096K) NonClass: 31865K(32000K)->31865K(32000K) Class: 3963K(4096K)->3963K(4096K)
[2025-05-16T19:29:29.594+0200][gc          ] GC(4) Pause Young (Mixed) (Metadata GC Threshold) 160M->146M(1024M) 2.564ms
[2025-05-16T19:29:29.594+0200][gc,cpu      ] GC(4) User=0.02s Sys=0.00s Real=0.00s
[2025-05-16T19:29:29.599+0200][gc,start    ] GC(5) Pause Young (Concurrent Start) (GCLocker Initiated GC)
[2025-05-16T19:29:29.599+0200][gc,task     ] GC(5) Using 8 workers of 8 for evacuation
[2025-05-16T19:29:29.600+0200][gc,phases   ] GC(5)   Pre Evacuate Collection Set: 0.1ms
[2025-05-16T19:29:29.600+0200][gc,phases   ] GC(5)   Merge Heap Roots: 0.0ms
[2025-05-16T19:29:29.600+0200][gc,phases   ] GC(5)   Evacuate Collection Set: 0.7ms
[2025-05-16T19:29:29.600+0200][gc,phases   ] GC(5)   Post Evacuate Collection Set: 0.1ms
[2025-05-16T19:29:29.600+0200][gc,phases   ] GC(5)   Other: 0.0ms
[2025-05-16T19:29:29.600+0200][gc,heap     ] GC(5) Eden regions: 3->0(49)
[2025-05-16T19:29:29.600+0200][gc,heap     ] GC(5) Survivor regions: 2->2(7)
[2025-05-16T19:29:29.600+0200][gc,heap     ] GC(5) Old regions: 16->16
[2025-05-16T19:29:29.600+0200][gc,heap     ] GC(5) Humongous regions: 129->129
[2025-05-16T19:29:29.600+0200][gc,metaspace] GC(5) Metaspace: 36170K(36480K)->36170K(36480K) NonClass: 32165K(32320K)->32165K(32320K) Class: 4005K(4160K)->4005K(4160K)
[2025-05-16T19:29:29.600+0200][gc          ] GC(5) Pause Young (Concurrent Start) (GCLocker Initiated GC) 148M->146M(1024M) 1.056ms
[2025-05-16T19:29:29.600+0200][gc          ] GC(6) Concurrent Mark Cycle
[2025-05-16T19:29:29.600+0200][gc,cpu      ] GC(5) User=0.00s Sys=0.00s Real=0.01s
[2025-05-16T19:29:29.600+0200][gc,marking  ] GC(6) Concurrent Scan Root Regions
[2025-05-16T19:29:29.600+0200][gc,marking  ] GC(6) Concurrent Scan Root Regions 0.601ms
[2025-05-16T19:29:29.600+0200][gc,marking  ] GC(6) Concurrent Mark
[2025-05-16T19:29:29.600+0200][gc,marking  ] GC(6) Concurrent Mark From Roots
[2025-05-16T19:29:29.600+0200][gc,task     ] GC(6) Using 2 workers of 2 for marking
[2025-05-16T19:29:29.606+0200][gc,marking  ] GC(6) Concurrent Mark From Roots 5.355ms
[2025-05-16T19:29:29.606+0200][gc,marking  ] GC(6) Concurrent Preclean
[2025-05-16T19:29:29.606+0200][gc,marking  ] GC(6) Concurrent Preclean 0.038ms
[2025-05-16T19:29:29.606+0200][gc,start    ] GC(6) Pause Remark
[2025-05-16T19:29:29.607+0200][gc          ] GC(6) Pause Remark 148M->148M(1024M) 0.992ms
[2025-05-16T19:29:29.607+0200][gc,cpu      ] GC(6) User=0.00s Sys=0.00s Real=0.00s
[2025-05-16T19:29:29.607+0200][gc,marking  ] GC(6) Concurrent Mark 6.811ms
[2025-05-16T19:29:29.607+0200][gc,marking  ] GC(6) Concurrent Rebuild Remembered Sets and Scrub Regions
[2025-05-16T19:29:29.610+0200][gc,marking  ] GC(6) Concurrent Rebuild Remembered Sets and Scrub Regions 2.457ms
[2025-05-16T19:29:29.610+0200][gc,start    ] GC(6) Pause Cleanup
[2025-05-16T19:29:29.610+0200][gc          ] GC(6) Pause Cleanup 148M->148M(1024M) 0.080ms
[2025-05-16T19:29:29.610+0200][gc,cpu      ] GC(6) User=0.00s Sys=0.00s Real=0.00s
[2025-05-16T19:29:29.610+0200][gc,marking  ] GC(6) Concurrent Clear Claimed Marks
[2025-05-16T19:29:29.610+0200][gc,marking  ] GC(6) Concurrent Clear Claimed Marks 0.018ms
[2025-05-16T19:29:29.610+0200][gc,marking  ] GC(6) Concurrent Cleanup for Next Mark
[2025-05-16T19:29:29.611+0200][gc,marking  ] GC(6) Concurrent Cleanup for Next Mark 0.863ms
[2025-05-16T19:29:29.611+0200][gc          ] GC(6) Concurrent Mark Cycle 10.964ms
[2025-05-16T19:32:10.677+0200][gc,start    ] GC(7) Pause Young (Prepare Mixed) (G1 Evacuation Pause)
[2025-05-16T19:32:10.678+0200][gc,task     ] GC(7) Using 8 workers of 8 for evacuation
[2025-05-16T19:32:10.686+0200][gc,phases   ] GC(7)   Pre Evacuate Collection Set: 0.5ms
[2025-05-16T19:32:10.686+0200][gc,phases   ] GC(7)   Merge Heap Roots: 0.1ms
[2025-05-16T19:32:10.686+0200][gc,phases   ] GC(7)   Evacuate Collection Set: 6.7ms
[2025-05-16T19:32:10.686+0200][gc,phases   ] GC(7)   Post Evacuate Collection Set: 0.6ms
[2025-05-16T19:32:10.686+0200][gc,phases   ] GC(7)   Other: 0.1ms
[2025-05-16T19:32:10.686+0200][gc,heap     ] GC(7) Eden regions: 49->0(45)
[2025-05-16T19:32:10.686+0200][gc,heap     ] GC(7) Survivor regions: 2->6(7)
[2025-05-16T19:32:10.686+0200][gc,heap     ] GC(7) Old regions: 16->16
[2025-05-16T19:32:10.686+0200][gc,heap     ] GC(7) Humongous regions: 135->129
[2025-05-16T19:32:10.686+0200][gc,metaspace] GC(7) Metaspace: 42006K(42560K)->42006K(42560K) NonClass: 37118K(37440K)->37118K(37440K) Class: 4888K(5120K)->4888K(5120K)
[2025-05-16T19:32:10.687+0200][gc          ] GC(7) Pause Young (Prepare Mixed) (G1 Evacuation Pause) 201M->150M(1024M) 9.539ms
[2025-05-16T19:32:10.687+0200][gc,cpu      ] GC(7) User=0.04s Sys=0.00s Real=0.01s
[2025-05-16T19:32:15.948+0200][gc,start    ] GC(8) Pause Young (Mixed) (G1 Evacuation Pause)
[2025-05-16T19:32:15.948+0200][gc,task     ] GC(8) Using 8 workers of 8 for evacuation
[2025-05-16T19:32:15.956+0200][gc,phases   ] GC(8)   Pre Evacuate Collection Set: 0.3ms
[2025-05-16T19:32:15.956+0200][gc,phases   ] GC(8)   Merge Heap Roots: 0.1ms
[2025-05-16T19:32:15.956+0200][gc,phases   ] GC(8)   Evacuate Collection Set: 6.4ms
[2025-05-16T19:32:15.956+0200][gc,phases   ] GC(8)   Post Evacuate Collection Set: 0.5ms
[2025-05-16T19:32:15.956+0200][gc,phases   ] GC(8)   Other: 0.1ms
[2025-05-16T19:32:15.956+0200][gc,heap     ] GC(8) Eden regions: 45->0(48)
[2025-05-16T19:32:15.956+0200][gc,heap     ] GC(8) Survivor regions: 6->3(7)
[2025-05-16T19:32:15.956+0200][gc,heap     ] GC(8) Old regions: 16->20
[2025-05-16T19:32:15.956+0200][gc,heap     ] GC(8) Humongous regions: 213->129
[2025-05-16T19:32:15.956+0200][gc,metaspace] GC(8) Metaspace: 42500K(43072K)->42500K(43072K) NonClass: 37541K(37888K)->37541K(37888K) Class: 4959K(5184K)->4959K(5184K)
[2025-05-16T19:32:15.956+0200][gc          ] GC(8) Pause Young (Mixed) (G1 Evacuation Pause) 279M->150M(1024M) 7.797ms
[2025-05-16T19:32:15.956+0200][gc,cpu      ] GC(8) User=0.03s Sys=0.00s Real=0.01s
[2025-05-16T19:32:22.696+0200][gc,start    ] GC(9) Pause Young (Normal) (G1 Evacuation Pause)
[2025-05-16T19:32:22.697+0200][gc,task     ] GC(9) Using 8 workers of 8 for evacuation
[2025-05-16T19:32:22.700+0200][gc,phases   ] GC(9)   Pre Evacuate Collection Set: 0.2ms
[2025-05-16T19:32:22.700+0200][gc,phases   ] GC(9)   Merge Heap Roots: 0.1ms
[2025-05-16T19:32:22.700+0200][gc,phases   ] GC(9)   Evacuate Collection Set: 2.7ms
[2025-05-16T19:32:22.700+0200][gc,phases   ] GC(9)   Post Evacuate Collection Set: 0.3ms
[2025-05-16T19:32:22.701+0200][gc,phases   ] GC(9)   Other: 0.1ms
[2025-05-16T19:32:22.701+0200][gc,heap     ] GC(9) Eden regions: 48->0(48)
[2025-05-16T19:32:22.701+0200][gc,heap     ] GC(9) Survivor regions: 3->3(7)
[2025-05-16T19:32:22.701+0200][gc,heap     ] GC(9) Old regions: 20->20
[2025-05-16T19:32:22.701+0200][gc,heap     ] GC(9) Humongous regions: 211->129
[2025-05-16T19:32:22.701+0200][gc,metaspace] GC(9) Metaspace: 42529K(43072K)->42529K(43072K) NonClass: 37568K(37888K)->37568K(37888K) Class: 4961K(5184K)->4961K(5184K)
[2025-05-16T19:32:22.701+0200][gc          ] GC(9) Pause Young (Normal) (G1 Evacuation Pause) 280M->150M(1024M) 4.443ms
[2025-05-16T19:32:22.701+0200][gc,cpu      ] GC(9) User=0.01s Sys=0.00s Real=0.01s
[2025-05-16T19:32:30.539+0200][gc,start    ] GC(10) Pause Young (Normal) (G1 Evacuation Pause)
[2025-05-16T19:32:30.539+0200][gc,task     ] GC(10) Using 8 workers of 8 for evacuation
[2025-05-16T19:32:30.543+0200][gc,phases   ] GC(10)   Pre Evacuate Collection Set: 0.3ms
[2025-05-16T19:32:30.543+0200][gc,phases   ] GC(10)   Merge Heap Roots: 0.1ms
[2025-05-16T19:32:30.543+0200][gc,phases   ] GC(10)   Evacuate Collection Set: 3.0ms
[2025-05-16T19:32:30.543+0200][gc,phases   ] GC(10)   Post Evacuate Collection Set: 0.4ms
[2025-05-16T19:32:30.543+0200][gc,phases   ] GC(10)   Other: 0.1ms
[2025-05-16T19:32:30.543+0200][gc,heap     ] GC(10) Eden regions: 48->0(46)
[2025-05-16T19:32:30.543+0200][gc,heap     ] GC(10) Survivor regions: 3->5(7)
[2025-05-16T19:32:30.543+0200][gc,heap     ] GC(10) Old regions: 20->20
[2025-05-16T19:32:30.543+0200][gc,heap     ] GC(10) Humongous regions: 129->129
[2025-05-16T19:32:30.543+0200][gc,metaspace] GC(10) Metaspace: 42536K(43072K)->42536K(43072K) NonClass: 37575K(37888K)->37575K(37888K) Class: 4961K(5184K)->4961K(5184K)
[2025-05-16T19:32:30.543+0200][gc          ] GC(10) Pause Young (Normal) (G1 Evacuation Pause) 198M->152M(1024M) 4.161ms
[2025-05-16T19:32:30.543+0200][gc,cpu      ] GC(10) User=0.02s Sys=0.01s Real=0.01s
[2025-05-16T19:32:33.230+0200][gc,start    ] GC(11) Pause Young (Normal) (G1 Evacuation Pause)
[2025-05-16T19:32:33.230+0200][gc,task     ] GC(11) Using 8 workers of 8 for evacuation
[2025-05-16T19:32:33.233+0200][gc,phases   ] GC(11)   Pre Evacuate Collection Set: 0.2ms
[2025-05-16T19:32:33.233+0200][gc,phases   ] GC(11)   Merge Heap Roots: 0.1ms
[2025-05-16T19:32:33.233+0200][gc,phases   ] GC(11)   Evacuate Collection Set: 2.1ms
[2025-05-16T19:32:33.233+0200][gc,phases   ] GC(11)   Post Evacuate Collection Set: 0.3ms
[2025-05-16T19:32:33.233+0200][gc,phases   ] GC(11)   Other: 0.0ms
[2025-05-16T19:32:33.233+0200][gc,heap     ] GC(11) Eden regions: 46->0(59)
[2025-05-16T19:32:33.233+0200][gc,heap     ] GC(11) Survivor regions: 5->4(7)
[2025-05-16T19:32:33.233+0200][gc,heap     ] GC(11) Old regions: 20->21
[2025-05-16T19:32:33.233+0200][gc,heap     ] GC(11) Humongous regions: 289->129
[2025-05-16T19:32:33.233+0200][gc,metaspace] GC(11) Metaspace: 42592K(43136K)->42592K(43136K) NonClass: 37631K(37952K)->37631K(37952K) Class: 4961K(5184K)->4961K(5184K)
[2025-05-16T19:32:33.233+0200][gc          ] GC(11) Pause Young (Normal) (G1 Evacuation Pause) 358M->152M(1024M) 3.024ms
[2025-05-16T19:32:33.233+0200][gc,cpu      ] GC(11) User=0.02s Sys=0.01s Real=0.00s
[2025-05-16T19:32:57.559+0200][gc,heap,exit] Heap
[2025-05-16T19:32:57.559+0200][gc,heap,exit]  garbage-first heap   total 1048576K, used 171592K [0x00000007c0000000, 0x0000000800000000)
[2025-05-16T19:32:57.559+0200][gc,heap,exit]   region size 1024K, 19 young (19456K), 4 survivors (4096K)
[2025-05-16T19:32:57.559+0200][gc,heap,exit]  Metaspace       used 43510K, committed 44032K, reserved 1114112K
[2025-05-16T19:32:57.559+0200][gc,heap,exit]   class space    used 5147K, committed 5376K, reserved 1048576K
