[2025-01-31T12:25:19.434+0100][gc,init] CardTable entry size: 512
[2025-01-31T12:25:19.434+0100][gc     ] Using G1
[2025-01-31T12:25:19.436+0100][gc,init] Version: 21.0.1+12-29 (release)
[2025-01-31T12:25:19.436+0100][gc,init] CPUs: 8 total, 8 available
[2025-01-31T12:25:19.436+0100][gc,init] Memory: 16384M
[2025-01-31T12:25:19.436+0100][gc,init] Large Page Support: Disabled
[2025-01-31T12:25:19.436+0100][gc,init] NUMA Support: Disabled
[2025-01-31T12:25:19.436+0100][gc,init] Compressed Oops: Enabled (Zero based)
[2025-01-31T12:25:19.436+0100][gc,init] Heap Region Size: 1M
[2025-01-31T12:25:19.436+0100][gc,init] Heap Min Capacity: 1G
[2025-01-31T12:25:19.436+0100][gc,init] Heap Initial Capacity: 1G
[2025-01-31T12:25:19.436+0100][gc,init] Heap Max Capacity: 1G
[2025-01-31T12:25:19.436+0100][gc,init] Pre-touch: Disabled
[2025-01-31T12:25:19.436+0100][gc,init] Parallel Workers: 8
[2025-01-31T12:25:19.436+0100][gc,init] Concurrent Workers: 2
[2025-01-31T12:25:19.436+0100][gc,init] Concurrent Refinement Workers: 8
[2025-01-31T12:25:19.436+0100][gc,init] Periodic GC: Disabled
[2025-01-31T12:25:19.439+0100][gc,metaspace] CDS archive(s) mapped at: [0x000000f800000000-0x000000f800ca4000-0x000000f800ca4000), size 13254656, SharedBaseAddress: 0x000000f800000000, ArchiveRelocationMode: 1.
[2025-01-31T12:25:19.439+0100][gc,metaspace] Compressed class space mapped at: 0x000000f801000000-0x000000f841000000, reserved size: 1073741824
[2025-01-31T12:25:19.439+0100][gc,metaspace] Narrow klass base: 0x000000f800000000, Narrow klass shift: 0, Narrow klass range: 0x100000000
[2025-01-31T12:25:20.196+0100][gc,start    ] GC(0) Pause Young (Normal) (G1 Evacuation Pause)
[2025-01-31T12:25:20.196+0100][gc,task     ] GC(0) Using 8 workers of 8 for evacuation
[2025-01-31T12:25:20.199+0100][gc,phases   ] GC(0)   Pre Evacuate Collection Set: 0.2ms
[2025-01-31T12:25:20.199+0100][gc,phases   ] GC(0)   Merge Heap Roots: 0.0ms
[2025-01-31T12:25:20.199+0100][gc,phases   ] GC(0)   Evacuate Collection Set: 2.3ms
[2025-01-31T12:25:20.199+0100][gc,phases   ] GC(0)   Post Evacuate Collection Set: 0.3ms
[2025-01-31T12:25:20.199+0100][gc,phases   ] GC(0)   Other: 0.2ms
[2025-01-31T12:25:20.199+0100][gc,heap     ] GC(0) Eden regions: 51->0(44)
[2025-01-31T12:25:20.199+0100][gc,heap     ] GC(0) Survivor regions: 0->7(7)
[2025-01-31T12:25:20.199+0100][gc,heap     ] GC(0) Old regions: 2->4
[2025-01-31T12:25:20.199+0100][gc,heap     ] GC(0) Humongous regions: 0->0
[2025-01-31T12:25:20.199+0100][gc,metaspace] GC(0) Metaspace: 17223K(17408K)->17223K(17408K) NonClass: 15191K(15296K)->15191K(15296K) Class: 2031K(2112K)->2031K(2112K)
[2025-01-31T12:25:20.199+0100][gc          ] GC(0) Pause Young (Normal) (G1 Evacuation Pause) 52M->9M(1024M) 3.167ms
[2025-01-31T12:25:20.199+0100][gc,cpu      ] GC(0) User=0.02s Sys=0.00s Real=0.00s
[2025-01-31T12:25:20.290+0100][gc,start    ] GC(1) Pause Young (Concurrent Start) (Metadata GC Threshold)
[2025-01-31T12:25:20.290+0100][gc,task     ] GC(1) Using 8 workers of 8 for evacuation
[2025-01-31T12:25:20.292+0100][gc,phases   ] GC(1)   Pre Evacuate Collection Set: 0.1ms
[2025-01-31T12:25:20.292+0100][gc,phases   ] GC(1)   Merge Heap Roots: 0.0ms
[2025-01-31T12:25:20.292+0100][gc,phases   ] GC(1)   Evacuate Collection Set: 2.0ms
[2025-01-31T12:25:20.292+0100][gc,phases   ] GC(1)   Post Evacuate Collection Set: 0.2ms
[2025-01-31T12:25:20.292+0100][gc,phases   ] GC(1)   Other: 0.0ms
[2025-01-31T12:25:20.292+0100][gc,heap     ] GC(1) Eden regions: 15->0(50)
[2025-01-31T12:25:20.292+0100][gc,heap     ] GC(1) Survivor regions: 7->1(7)
[2025-01-31T12:25:20.292+0100][gc,heap     ] GC(1) Old regions: 4->11
[2025-01-31T12:25:20.292+0100][gc,heap     ] GC(1) Humongous regions: 0->0
[2025-01-31T12:25:20.292+0100][gc,metaspace] GC(1) Metaspace: 21285K(21504K)->21285K(21504K) NonClass: 18769K(18880K)->18769K(18880K) Class: 2516K(2624K)->2516K(2624K)
[2025-01-31T12:25:20.292+0100][gc          ] GC(1) Pause Young (Concurrent Start) (Metadata GC Threshold) 24M->10M(1024M) 2.527ms
[2025-01-31T12:25:20.292+0100][gc,cpu      ] GC(1) User=0.01s Sys=0.00s Real=0.00s
[2025-01-31T12:25:20.292+0100][gc          ] GC(2) Concurrent Mark Cycle
[2025-01-31T12:25:20.292+0100][gc,marking  ] GC(2) Concurrent Scan Root Regions
[2025-01-31T12:25:20.293+0100][gc,marking  ] GC(2) Concurrent Scan Root Regions 1.079ms
[2025-01-31T12:25:20.293+0100][gc,marking  ] GC(2) Concurrent Mark
[2025-01-31T12:25:20.293+0100][gc,marking  ] GC(2) Concurrent Mark From Roots
[2025-01-31T12:25:20.293+0100][gc,task     ] GC(2) Using 2 workers of 2 for marking
[2025-01-31T12:25:20.295+0100][gc,marking  ] GC(2) Concurrent Mark From Roots 1.162ms
[2025-01-31T12:25:20.295+0100][gc,marking  ] GC(2) Concurrent Preclean
[2025-01-31T12:25:20.295+0100][gc,marking  ] GC(2) Concurrent Preclean 0.006ms
[2025-01-31T12:25:20.295+0100][gc,start    ] GC(2) Pause Remark
[2025-01-31T12:25:20.296+0100][gc          ] GC(2) Pause Remark 11M->11M(1024M) 0.898ms
[2025-01-31T12:25:20.296+0100][gc,cpu      ] GC(2) User=0.00s Sys=0.00s Real=0.00s
[2025-01-31T12:25:20.296+0100][gc,marking  ] GC(2) Concurrent Mark 2.177ms
[2025-01-31T12:25:20.296+0100][gc,marking  ] GC(2) Concurrent Rebuild Remembered Sets and Scrub Regions
[2025-01-31T12:25:20.297+0100][gc,marking  ] GC(2) Concurrent Rebuild Remembered Sets and Scrub Regions 1.198ms
[2025-01-31T12:25:20.297+0100][gc,start    ] GC(2) Pause Cleanup
[2025-01-31T12:25:20.297+0100][gc          ] GC(2) Pause Cleanup 11M->11M(1024M) 0.067ms
[2025-01-31T12:25:20.297+0100][gc,cpu      ] GC(2) User=0.00s Sys=0.00s Real=0.00s
[2025-01-31T12:25:20.297+0100][gc,marking  ] GC(2) Concurrent Clear Claimed Marks
[2025-01-31T12:25:20.297+0100][gc,marking  ] GC(2) Concurrent Clear Claimed Marks 0.019ms
[2025-01-31T12:25:20.297+0100][gc,marking  ] GC(2) Concurrent Cleanup for Next Mark
[2025-01-31T12:25:20.298+0100][gc,marking  ] GC(2) Concurrent Cleanup for Next Mark 1.200ms
[2025-01-31T12:25:20.298+0100][gc          ] GC(2) Concurrent Mark Cycle 5.896ms
[2025-01-31T12:25:20.783+0100][gc,start    ] GC(3) Pause Young (Prepare Mixed) (G1 Evacuation Pause)
[2025-01-31T12:25:20.783+0100][gc,task     ] GC(3) Using 8 workers of 8 for evacuation
[2025-01-31T12:25:20.785+0100][gc,phases   ] GC(3)   Pre Evacuate Collection Set: 0.1ms
[2025-01-31T12:25:20.785+0100][gc,phases   ] GC(3)   Merge Heap Roots: 0.0ms
[2025-01-31T12:25:20.785+0100][gc,phases   ] GC(3)   Evacuate Collection Set: 1.8ms
[2025-01-31T12:25:20.785+0100][gc,phases   ] GC(3)   Post Evacuate Collection Set: 0.2ms
[2025-01-31T12:25:20.785+0100][gc,phases   ] GC(3)   Other: 0.0ms
[2025-01-31T12:25:20.785+0100][gc,heap     ] GC(3) Eden regions: 50->0(45)
[2025-01-31T12:25:20.785+0100][gc,heap     ] GC(3) Survivor regions: 1->6(7)
[2025-01-31T12:25:20.785+0100][gc,heap     ] GC(3) Old regions: 11->11
[2025-01-31T12:25:20.785+0100][gc,heap     ] GC(3) Humongous regions: 129->129
[2025-01-31T12:25:20.785+0100][gc,metaspace] GC(3) Metaspace: 31198K(31424K)->31198K(31424K) NonClass: 27701K(27840K)->27701K(27840K) Class: 3497K(3584K)->3497K(3584K)
[2025-01-31T12:25:20.785+0100][gc          ] GC(3) Pause Young (Prepare Mixed) (G1 Evacuation Pause) 189M->144M(1024M) 2.375ms
[2025-01-31T12:25:20.785+0100][gc,cpu      ] GC(3) User=0.01s Sys=0.00s Real=0.00s
[2025-01-31T12:25:20.880+0100][gc,start    ] GC(4) Pause Young (Mixed) (Metadata GC Threshold)
[2025-01-31T12:25:20.880+0100][gc,task     ] GC(4) Using 8 workers of 8 for evacuation
[2025-01-31T12:25:20.883+0100][gc,phases   ] GC(4)   Pre Evacuate Collection Set: 0.1ms
[2025-01-31T12:25:20.883+0100][gc,phases   ] GC(4)   Merge Heap Roots: 0.0ms
[2025-01-31T12:25:20.883+0100][gc,phases   ] GC(4)   Evacuate Collection Set: 2.6ms
[2025-01-31T12:25:20.883+0100][gc,phases   ] GC(4)   Post Evacuate Collection Set: 0.2ms
[2025-01-31T12:25:20.883+0100][gc,phases   ] GC(4)   Other: 0.0ms
[2025-01-31T12:25:20.883+0100][gc,heap     ] GC(4) Eden regions: 17->0(49)
[2025-01-31T12:25:20.883+0100][gc,heap     ] GC(4) Survivor regions: 6->2(7)
[2025-01-31T12:25:20.883+0100][gc,heap     ] GC(4) Old regions: 11->16
[2025-01-31T12:25:20.883+0100][gc,heap     ] GC(4) Humongous regions: 129->129
[2025-01-31T12:25:20.883+0100][gc,metaspace] GC(4) Metaspace: 35743K(35968K)->35743K(35968K) NonClass: 31812K(31936K)->31812K(31936K) Class: 3931K(4032K)->3931K(4032K)
[2025-01-31T12:25:20.883+0100][gc          ] GC(4) Pause Young (Mixed) (Metadata GC Threshold) 160M->146M(1024M) 3.112ms
[2025-01-31T12:25:20.883+0100][gc,cpu      ] GC(4) User=0.02s Sys=0.00s Real=0.00s
[2025-01-31T12:25:20.889+0100][gc,start    ] GC(5) Pause Young (Concurrent Start) (Metadata GC Threshold)
[2025-01-31T12:25:20.889+0100][gc,task     ] GC(5) Using 8 workers of 8 for evacuation
[2025-01-31T12:25:20.891+0100][gc,phases   ] GC(5)   Pre Evacuate Collection Set: 0.1ms
[2025-01-31T12:25:20.891+0100][gc,phases   ] GC(5)   Merge Heap Roots: 0.0ms
[2025-01-31T12:25:20.891+0100][gc,phases   ] GC(5)   Evacuate Collection Set: 0.8ms
[2025-01-31T12:25:20.891+0100][gc,phases   ] GC(5)   Post Evacuate Collection Set: 0.2ms
[2025-01-31T12:25:20.891+0100][gc,phases   ] GC(5)   Other: 0.0ms
[2025-01-31T12:25:20.891+0100][gc,heap     ] GC(5) Eden regions: 3->0(49)
[2025-01-31T12:25:20.891+0100][gc,heap     ] GC(5) Survivor regions: 2->2(7)
[2025-01-31T12:25:20.891+0100][gc,heap     ] GC(5) Old regions: 16->16
[2025-01-31T12:25:20.891+0100][gc,heap     ] GC(5) Humongous regions: 129->129
[2025-01-31T12:25:20.891+0100][gc,metaspace] GC(5) Metaspace: 36039K(36288K)->36039K(36288K) NonClass: 32067K(32192K)->32067K(32192K) Class: 3972K(4096K)->3972K(4096K)
[2025-01-31T12:25:20.891+0100][gc          ] GC(5) Pause Young (Concurrent Start) (Metadata GC Threshold) 148M->145M(1024M) 1.249ms
[2025-01-31T12:25:20.891+0100][gc,cpu      ] GC(5) User=0.00s Sys=0.00s Real=0.01s
[2025-01-31T12:25:20.891+0100][gc          ] GC(6) Concurrent Mark Cycle
[2025-01-31T12:25:20.891+0100][gc,marking  ] GC(6) Concurrent Scan Root Regions
[2025-01-31T12:25:20.891+0100][gc,marking  ] GC(6) Concurrent Scan Root Regions 0.616ms
[2025-01-31T12:25:20.891+0100][gc,marking  ] GC(6) Concurrent Mark
[2025-01-31T12:25:20.891+0100][gc,marking  ] GC(6) Concurrent Mark From Roots
[2025-01-31T12:25:20.891+0100][gc,task     ] GC(6) Using 2 workers of 2 for marking
[2025-01-31T12:25:20.897+0100][gc,marking  ] GC(6) Concurrent Mark From Roots 5.651ms
[2025-01-31T12:25:20.897+0100][gc,marking  ] GC(6) Concurrent Preclean
[2025-01-31T12:25:20.897+0100][gc,marking  ] GC(6) Concurrent Preclean 0.034ms
[2025-01-31T12:25:20.897+0100][gc,start    ] GC(6) Pause Remark
[2025-01-31T12:25:20.898+0100][gc          ] GC(6) Pause Remark 147M->147M(1024M) 1.090ms
[2025-01-31T12:25:20.898+0100][gc,cpu      ] GC(6) User=0.01s Sys=0.01s Real=0.00s
[2025-01-31T12:25:20.898+0100][gc,marking  ] GC(6) Concurrent Mark 6.977ms
[2025-01-31T12:25:20.898+0100][gc,marking  ] GC(6) Concurrent Rebuild Remembered Sets and Scrub Regions
[2025-01-31T12:25:20.901+0100][gc,marking  ] GC(6) Concurrent Rebuild Remembered Sets and Scrub Regions 2.699ms
[2025-01-31T12:25:20.901+0100][gc,start    ] GC(6) Pause Cleanup
[2025-01-31T12:25:20.901+0100][gc          ] GC(6) Pause Cleanup 147M->147M(1024M) 0.077ms
[2025-01-31T12:25:20.901+0100][gc,cpu      ] GC(6) User=0.00s Sys=0.00s Real=0.00s
[2025-01-31T12:25:20.901+0100][gc,marking  ] GC(6) Concurrent Clear Claimed Marks
[2025-01-31T12:25:20.901+0100][gc,marking  ] GC(6) Concurrent Clear Claimed Marks 0.017ms
[2025-01-31T12:25:20.901+0100][gc,marking  ] GC(6) Concurrent Cleanup for Next Mark
[2025-01-31T12:25:20.902+0100][gc,marking  ] GC(6) Concurrent Cleanup for Next Mark 0.978ms
[2025-01-31T12:25:20.902+0100][gc          ] GC(6) Concurrent Mark Cycle 11.598ms
[2025-01-31T12:51:22.297+0100][gc,start    ] GC(7) Pause Young (Prepare Mixed) (G1 Evacuation Pause)
[2025-01-31T12:51:22.298+0100][gc,task     ] GC(7) Using 8 workers of 8 for evacuation
[2025-01-31T12:51:22.314+0100][gc,phases   ] GC(7)   Pre Evacuate Collection Set: 0.8ms
[2025-01-31T12:51:22.315+0100][gc,phases   ] GC(7)   Merge Heap Roots: 0.2ms
[2025-01-31T12:51:22.315+0100][gc,phases   ] GC(7)   Evacuate Collection Set: 14.5ms
[2025-01-31T12:51:22.315+0100][gc,phases   ] GC(7)   Post Evacuate Collection Set: 0.8ms
[2025-01-31T12:51:22.315+0100][gc,phases   ] GC(7)   Other: 0.2ms
[2025-01-31T12:51:22.315+0100][gc,heap     ] GC(7) Eden regions: 49->0(47)
[2025-01-31T12:51:22.315+0100][gc,heap     ] GC(7) Survivor regions: 2->4(7)
[2025-01-31T12:51:22.315+0100][gc,heap     ] GC(7) Old regions: 16->16
[2025-01-31T12:51:22.315+0100][gc,heap     ] GC(7) Humongous regions: 141->129
[2025-01-31T12:51:22.315+0100][gc,metaspace] GC(7) Metaspace: 41925K(42560K)->41925K(42560K) NonClass: 36930K(37312K)->36930K(37312K) Class: 4995K(5248K)->4995K(5248K)
[2025-01-31T12:51:22.315+0100][gc          ] GC(7) Pause Young (Prepare Mixed) (G1 Evacuation Pause) 206M->148M(1024M) 18.202ms
[2025-01-31T12:51:22.315+0100][gc,cpu      ] GC(7) User=0.03s Sys=0.03s Real=0.02s
[2025-01-31T14:28:07.891+0100][gc,start    ] GC(8) Pause Young (Mixed) (G1 Evacuation Pause)
[2025-01-31T14:28:07.893+0100][gc,task     ] GC(8) Using 8 workers of 8 for evacuation
[2025-01-31T14:28:07.904+0100][gc,phases   ] GC(8)   Pre Evacuate Collection Set: 0.6ms
[2025-01-31T14:28:07.904+0100][gc,phases   ] GC(8)   Merge Heap Roots: 0.2ms
[2025-01-31T14:28:07.904+0100][gc,phases   ] GC(8)   Evacuate Collection Set: 9.3ms
[2025-01-31T14:28:07.904+0100][gc,phases   ] GC(8)   Post Evacuate Collection Set: 0.5ms
[2025-01-31T14:28:07.904+0100][gc,phases   ] GC(8)   Other: 0.2ms
[2025-01-31T14:28:07.904+0100][gc,heap     ] GC(8) Eden regions: 47->0(47)
[2025-01-31T14:28:07.904+0100][gc,heap     ] GC(8) Survivor regions: 4->4(7)
[2025-01-31T14:28:07.904+0100][gc,heap     ] GC(8) Old regions: 16->16
[2025-01-31T14:28:07.904+0100][gc,heap     ] GC(8) Humongous regions: 129->129
[2025-01-31T14:28:07.904+0100][gc,metaspace] GC(8) Metaspace: 42136K(42816K)->42136K(42816K) NonClass: 37141K(37568K)->37141K(37568K) Class: 4995K(5248K)->4995K(5248K)
[2025-01-31T14:28:07.904+0100][gc          ] GC(8) Pause Young (Mixed) (G1 Evacuation Pause) 195M->147M(1024M) 12.690ms
[2025-01-31T14:28:07.904+0100][gc,cpu      ] GC(8) User=0.03s Sys=0.01s Real=0.01s
[2025-01-31T15:17:12.889+0100][gc,start    ] GC(9) Pause Young (Normal) (G1 Evacuation Pause)
[2025-01-31T15:17:12.890+0100][gc,task     ] GC(9) Using 8 workers of 8 for evacuation
[2025-01-31T15:17:12.900+0100][gc,phases   ] GC(9)   Pre Evacuate Collection Set: 0.4ms
[2025-01-31T15:17:12.900+0100][gc,phases   ] GC(9)   Merge Heap Roots: 0.1ms
[2025-01-31T15:17:12.900+0100][gc,phases   ] GC(9)   Evacuate Collection Set: 8.3ms
[2025-01-31T15:17:12.900+0100][gc,phases   ] GC(9)   Post Evacuate Collection Set: 0.8ms
[2025-01-31T15:17:12.900+0100][gc,phases   ] GC(9)   Other: 0.2ms
[2025-01-31T15:17:12.900+0100][gc,heap     ] GC(9) Eden regions: 47->0(46)
[2025-01-31T15:17:12.900+0100][gc,heap     ] GC(9) Survivor regions: 4->5(7)
[2025-01-31T15:17:12.900+0100][gc,heap     ] GC(9) Old regions: 16->16
[2025-01-31T15:17:12.900+0100][gc,heap     ] GC(9) Humongous regions: 129->129
[2025-01-31T15:17:12.901+0100][gc,metaspace] GC(9) Metaspace: 42233K(42944K)->42233K(42944K) NonClass: 37234K(37632K)->37234K(37632K) Class: 4998K(5312K)->4998K(5312K)
[2025-01-31T15:17:12.901+0100][gc          ] GC(9) Pause Young (Normal) (G1 Evacuation Pause) 194M->148M(1024M) 11.234ms
[2025-01-31T15:17:12.901+0100][gc,cpu      ] GC(9) User=0.03s Sys=0.00s Real=0.02s
[2025-01-31T15:54:52.842+0100][gc,start    ] GC(10) Pause Young (Normal) (G1 Evacuation Pause)
[2025-01-31T15:54:52.844+0100][gc,task     ] GC(10) Using 8 workers of 8 for evacuation
[2025-01-31T15:54:52.859+0100][gc,phases   ] GC(10)   Pre Evacuate Collection Set: 1.4ms
[2025-01-31T15:54:52.859+0100][gc,phases   ] GC(10)   Merge Heap Roots: 0.3ms
[2025-01-31T15:54:52.859+0100][gc,phases   ] GC(10)   Evacuate Collection Set: 11.7ms
[2025-01-31T15:54:52.859+0100][gc,phases   ] GC(10)   Post Evacuate Collection Set: 0.8ms
[2025-01-31T15:54:52.859+0100][gc,phases   ] GC(10)   Other: 0.3ms
[2025-01-31T15:54:52.859+0100][gc,heap     ] GC(10) Eden regions: 46->0(47)
[2025-01-31T15:54:52.859+0100][gc,heap     ] GC(10) Survivor regions: 5->4(7)
[2025-01-31T15:54:52.859+0100][gc,heap     ] GC(10) Old regions: 16->16
[2025-01-31T15:54:52.859+0100][gc,heap     ] GC(10) Humongous regions: 129->129
[2025-01-31T15:54:52.859+0100][gc,metaspace] GC(10) Metaspace: 42265K(42944K)->42265K(42944K) NonClass: 37266K(37632K)->37266K(37632K) Class: 4998K(5312K)->4998K(5312K)
[2025-01-31T15:54:52.859+0100][gc          ] GC(10) Pause Young (Normal) (G1 Evacuation Pause) 194M->148M(1024M) 16.647ms
[2025-01-31T15:54:52.859+0100][gc,cpu      ] GC(10) User=0.03s Sys=0.02s Real=0.01s
[2025-01-31T16:33:07.919+0100][gc,start    ] GC(11) Pause Young (Normal) (G1 Evacuation Pause)
[2025-01-31T16:33:07.920+0100][gc,task     ] GC(11) Using 8 workers of 8 for evacuation
[2025-01-31T16:33:07.934+0100][gc,phases   ] GC(11)   Pre Evacuate Collection Set: 1.4ms
[2025-01-31T16:33:07.934+0100][gc,phases   ] GC(11)   Merge Heap Roots: 0.3ms
[2025-01-31T16:33:07.934+0100][gc,phases   ] GC(11)   Evacuate Collection Set: 11.8ms
[2025-01-31T16:33:07.934+0100][gc,phases   ] GC(11)   Post Evacuate Collection Set: 0.8ms
[2025-01-31T16:33:07.934+0100][gc,phases   ] GC(11)   Other: 0.3ms
[2025-01-31T16:33:07.934+0100][gc,heap     ] GC(11) Eden regions: 47->0(47)
[2025-01-31T16:33:07.935+0100][gc,heap     ] GC(11) Survivor regions: 4->4(7)
[2025-01-31T16:33:07.935+0100][gc,heap     ] GC(11) Old regions: 16->16
[2025-01-31T16:33:07.935+0100][gc,heap     ] GC(11) Humongous regions: 129->129
[2025-01-31T16:33:07.935+0100][gc,metaspace] GC(11) Metaspace: 42303K(43008K)->42303K(43008K) NonClass: 37304K(37696K)->37304K(37696K) Class: 4998K(5312K)->4998K(5312K)
[2025-01-31T16:33:07.935+0100][gc          ] GC(11) Pause Young (Normal) (G1 Evacuation Pause) 195M->148M(1024M) 15.833ms
[2025-01-31T16:33:07.935+0100][gc,cpu      ] GC(11) User=0.02s Sys=0.02s Real=0.02s
[2025-01-31T17:23:24.320+0100][gc,start    ] GC(12) Pause Young (Normal) (G1 Evacuation Pause)
[2025-01-31T17:23:24.322+0100][gc,task     ] GC(12) Using 8 workers of 8 for evacuation
[2025-01-31T17:23:24.337+0100][gc,phases   ] GC(12)   Pre Evacuate Collection Set: 1.3ms
[2025-01-31T17:23:24.337+0100][gc,phases   ] GC(12)   Merge Heap Roots: 0.3ms
[2025-01-31T17:23:24.337+0100][gc,phases   ] GC(12)   Evacuate Collection Set: 12.6ms
[2025-01-31T17:23:24.337+0100][gc,phases   ] GC(12)   Post Evacuate Collection Set: 0.7ms
[2025-01-31T17:23:24.337+0100][gc,phases   ] GC(12)   Other: 0.3ms
[2025-01-31T17:23:24.337+0100][gc,heap     ] GC(12) Eden regions: 47->0(57)
[2025-01-31T17:23:24.337+0100][gc,heap     ] GC(12) Survivor regions: 4->3(7)
[2025-01-31T17:23:24.337+0100][gc,heap     ] GC(12) Old regions: 16->17
[2025-01-31T17:23:24.337+0100][gc,heap     ] GC(12) Humongous regions: 129->129
[2025-01-31T17:23:24.338+0100][gc,metaspace] GC(12) Metaspace: 42313K(43008K)->42313K(43008K) NonClass: 37314K(37696K)->37314K(37696K) Class: 4998K(5312K)->4998K(5312K)
[2025-01-31T17:23:24.338+0100][gc          ] GC(12) Pause Young (Normal) (G1 Evacuation Pause) 195M->148M(1024M) 17.387ms
[2025-01-31T17:23:24.338+0100][gc,cpu      ] GC(12) User=0.03s Sys=0.03s Real=0.01s
[2025-01-31T17:26:06.605+0100][gc,heap,exit] Heap
[2025-01-31T17:26:06.606+0100][gc,heap,exit]  garbage-first heap   total 1048576K, used 165985K [0x00000007c0000000, 0x0000000800000000)
[2025-01-31T17:26:06.606+0100][gc,heap,exit]   region size 1024K, 17 young (17408K), 3 survivors (3072K)
[2025-01-31T17:26:06.606+0100][gc,heap,exit]  Metaspace       used 43231K, committed 43968K, reserved 1114112K
[2025-01-31T17:26:06.606+0100][gc,heap,exit]   class space    used 5190K, committed 5504K, reserved 1048576K
