[2025-01-31T12:20:06.155+0100][gc,init] CardTable entry size: 512
[2025-01-31T12:20:06.155+0100][gc     ] Using G1
[2025-01-31T12:20:06.156+0100][gc,init] Version: 21.0.1+12-29 (release)
[2025-01-31T12:20:06.156+0100][gc,init] CPUs: 8 total, 8 available
[2025-01-31T12:20:06.156+0100][gc,init] Memory: 16384M
[2025-01-31T12:20:06.156+0100][gc,init] Large Page Support: Disabled
[2025-01-31T12:20:06.156+0100][gc,init] NUMA Support: Disabled
[2025-01-31T12:20:06.156+0100][gc,init] Compressed Oops: Enabled (Zero based)
[2025-01-31T12:20:06.156+0100][gc,init] Heap Region Size: 1M
[2025-01-31T12:20:06.156+0100][gc,init] Heap Min Capacity: 1G
[2025-01-31T12:20:06.156+0100][gc,init] Heap Initial Capacity: 1G
[2025-01-31T12:20:06.156+0100][gc,init] Heap Max Capacity: 1G
[2025-01-31T12:20:06.156+0100][gc,init] Pre-touch: Disabled
[2025-01-31T12:20:06.156+0100][gc,init] Parallel Workers: 8
[2025-01-31T12:20:06.156+0100][gc,init] Concurrent Workers: 2
[2025-01-31T12:20:06.156+0100][gc,init] Concurrent Refinement Workers: 8
[2025-01-31T12:20:06.156+0100][gc,init] Periodic GC: Disabled
[2025-01-31T12:20:06.160+0100][gc,metaspace] CDS archive(s) mapped at: [0x0000007000000000-0x0000007000ca4000-0x0000007000ca4000), size 13254656, SharedBaseAddress: 0x0000007000000000, ArchiveRelocationMode: 1.
[2025-01-31T12:20:06.160+0100][gc,metaspace] Compressed class space mapped at: 0x0000007001000000-0x0000007041000000, reserved size: 1073741824
[2025-01-31T12:20:06.160+0100][gc,metaspace] Narrow klass base: 0x0000007000000000, Narrow klass shift: 0, Narrow klass range: 0x100000000
[2025-01-31T12:20:06.902+0100][gc,start    ] GC(0) Pause Young (Normal) (G1 Evacuation Pause)
[2025-01-31T12:20:06.903+0100][gc,task     ] GC(0) Using 8 workers of 8 for evacuation
[2025-01-31T12:20:06.906+0100][gc,phases   ] GC(0)   Pre Evacuate Collection Set: 0.1ms
[2025-01-31T12:20:06.906+0100][gc,phases   ] GC(0)   Merge Heap Roots: 0.1ms
[2025-01-31T12:20:06.906+0100][gc,phases   ] GC(0)   Evacuate Collection Set: 2.4ms
[2025-01-31T12:20:06.906+0100][gc,phases   ] GC(0)   Post Evacuate Collection Set: 0.3ms
[2025-01-31T12:20:06.906+0100][gc,phases   ] GC(0)   Other: 0.2ms
[2025-01-31T12:20:06.906+0100][gc,heap     ] GC(0) Eden regions: 51->0(44)
[2025-01-31T12:20:06.906+0100][gc,heap     ] GC(0) Survivor regions: 0->7(7)
[2025-01-31T12:20:06.906+0100][gc,heap     ] GC(0) Old regions: 2->4
[2025-01-31T12:20:06.906+0100][gc,heap     ] GC(0) Humongous regions: 0->0
[2025-01-31T12:20:06.906+0100][gc,metaspace] GC(0) Metaspace: 17150K(17344K)->17150K(17344K) NonClass: 15125K(15232K)->15125K(15232K) Class: 2024K(2112K)->2024K(2112K)
[2025-01-31T12:20:06.906+0100][gc          ] GC(0) Pause Young (Normal) (G1 Evacuation Pause) 52M->9M(1024M) 3.220ms
[2025-01-31T12:20:06.906+0100][gc,cpu      ] GC(0) User=0.01s Sys=0.00s Real=0.00s
[2025-01-31T12:20:06.997+0100][gc,start    ] GC(1) Pause Young (Concurrent Start) (Metadata GC Threshold)
[2025-01-31T12:20:06.998+0100][gc,task     ] GC(1) Using 8 workers of 8 for evacuation
[2025-01-31T12:20:07.000+0100][gc,phases   ] GC(1)   Pre Evacuate Collection Set: 0.2ms
[2025-01-31T12:20:07.000+0100][gc,phases   ] GC(1)   Merge Heap Roots: 0.0ms
[2025-01-31T12:20:07.000+0100][gc,phases   ] GC(1)   Evacuate Collection Set: 2.1ms
[2025-01-31T12:20:07.000+0100][gc,phases   ] GC(1)   Post Evacuate Collection Set: 0.2ms
[2025-01-31T12:20:07.000+0100][gc,phases   ] GC(1)   Other: 0.1ms
[2025-01-31T12:20:07.000+0100][gc,heap     ] GC(1) Eden regions: 16->0(50)
[2025-01-31T12:20:07.000+0100][gc,heap     ] GC(1) Survivor regions: 7->1(7)
[2025-01-31T12:20:07.000+0100][gc,heap     ] GC(1) Old regions: 4->11
[2025-01-31T12:20:07.000+0100][gc,heap     ] GC(1) Humongous regions: 0->0
[2025-01-31T12:20:07.000+0100][gc,metaspace] GC(1) Metaspace: 21276K(21504K)->21276K(21504K) NonClass: 18756K(18880K)->18756K(18880K) Class: 2520K(2624K)->2520K(2624K)
[2025-01-31T12:20:07.000+0100][gc          ] GC(1) Pause Young (Concurrent Start) (Metadata GC Threshold) 25M->10M(1024M) 2.746ms
[2025-01-31T12:20:07.000+0100][gc,cpu      ] GC(1) User=0.01s Sys=0.00s Real=0.01s
[2025-01-31T12:20:07.000+0100][gc          ] GC(2) Concurrent Mark Cycle
[2025-01-31T12:20:07.000+0100][gc,marking  ] GC(2) Concurrent Scan Root Regions
[2025-01-31T12:20:07.002+0100][gc,marking  ] GC(2) Concurrent Scan Root Regions 1.208ms
[2025-01-31T12:20:07.002+0100][gc,marking  ] GC(2) Concurrent Mark
[2025-01-31T12:20:07.002+0100][gc,marking  ] GC(2) Concurrent Mark From Roots
[2025-01-31T12:20:07.002+0100][gc,task     ] GC(2) Using 2 workers of 2 for marking
[2025-01-31T12:20:07.003+0100][gc,marking  ] GC(2) Concurrent Mark From Roots 1.226ms
[2025-01-31T12:20:07.003+0100][gc,marking  ] GC(2) Concurrent Preclean
[2025-01-31T12:20:07.003+0100][gc,marking  ] GC(2) Concurrent Preclean 0.006ms
[2025-01-31T12:20:07.003+0100][gc,start    ] GC(2) Pause Remark
[2025-01-31T12:20:07.004+0100][gc          ] GC(2) Pause Remark 11M->11M(1024M) 0.828ms
[2025-01-31T12:20:07.004+0100][gc,cpu      ] GC(2) User=0.01s Sys=0.00s Real=0.00s
[2025-01-31T12:20:07.004+0100][gc,marking  ] GC(2) Concurrent Mark 2.189ms
[2025-01-31T12:20:07.004+0100][gc,marking  ] GC(2) Concurrent Rebuild Remembered Sets and Scrub Regions
[2025-01-31T12:20:07.005+0100][gc,marking  ] GC(2) Concurrent Rebuild Remembered Sets and Scrub Regions 1.079ms
[2025-01-31T12:20:07.005+0100][gc,start    ] GC(2) Pause Cleanup
[2025-01-31T12:20:07.005+0100][gc          ] GC(2) Pause Cleanup 11M->11M(1024M) 0.069ms
[2025-01-31T12:20:07.005+0100][gc,cpu      ] GC(2) User=0.00s Sys=0.00s Real=0.00s
[2025-01-31T12:20:07.005+0100][gc,marking  ] GC(2) Concurrent Clear Claimed Marks
[2025-01-31T12:20:07.005+0100][gc,marking  ] GC(2) Concurrent Clear Claimed Marks 0.017ms
[2025-01-31T12:20:07.005+0100][gc,marking  ] GC(2) Concurrent Cleanup for Next Mark
[2025-01-31T12:20:07.006+0100][gc,marking  ] GC(2) Concurrent Cleanup for Next Mark 1.342ms
[2025-01-31T12:20:07.006+0100][gc          ] GC(2) Concurrent Mark Cycle 6.113ms
[2025-01-31T12:20:07.460+0100][gc,start    ] GC(3) Pause Young (Prepare Mixed) (G1 Evacuation Pause)
[2025-01-31T12:20:07.460+0100][gc,task     ] GC(3) Using 8 workers of 8 for evacuation
[2025-01-31T12:20:07.463+0100][gc,phases   ] GC(3)   Pre Evacuate Collection Set: 0.1ms
[2025-01-31T12:20:07.463+0100][gc,phases   ] GC(3)   Merge Heap Roots: 0.0ms
[2025-01-31T12:20:07.463+0100][gc,phases   ] GC(3)   Evacuate Collection Set: 1.9ms
[2025-01-31T12:20:07.463+0100][gc,phases   ] GC(3)   Post Evacuate Collection Set: 0.2ms
[2025-01-31T12:20:07.463+0100][gc,phases   ] GC(3)   Other: 0.0ms
[2025-01-31T12:20:07.463+0100][gc,heap     ] GC(3) Eden regions: 50->0(45)
[2025-01-31T12:20:07.463+0100][gc,heap     ] GC(3) Survivor regions: 1->6(7)
[2025-01-31T12:20:07.463+0100][gc,heap     ] GC(3) Old regions: 11->11
[2025-01-31T12:20:07.463+0100][gc,heap     ] GC(3) Humongous regions: 129->129
[2025-01-31T12:20:07.463+0100][gc,metaspace] GC(3) Metaspace: 31142K(31424K)->31142K(31424K) NonClass: 27650K(27840K)->27650K(27840K) Class: 3492K(3584K)->3492K(3584K)
[2025-01-31T12:20:07.463+0100][gc          ] GC(3) Pause Young (Prepare Mixed) (G1 Evacuation Pause) 189M->144M(1024M) 2.441ms
[2025-01-31T12:20:07.463+0100][gc,cpu      ] GC(3) User=0.02s Sys=0.00s Real=0.00s
[2025-01-31T12:20:07.559+0100][gc,start    ] GC(4) Pause Young (Mixed) (Metadata GC Threshold)
[2025-01-31T12:20:07.559+0100][gc,task     ] GC(4) Using 8 workers of 8 for evacuation
[2025-01-31T12:20:07.562+0100][gc,phases   ] GC(4)   Pre Evacuate Collection Set: 0.2ms
[2025-01-31T12:20:07.562+0100][gc,phases   ] GC(4)   Merge Heap Roots: 0.0ms
[2025-01-31T12:20:07.562+0100][gc,phases   ] GC(4)   Evacuate Collection Set: 2.4ms
[2025-01-31T12:20:07.562+0100][gc,phases   ] GC(4)   Post Evacuate Collection Set: 0.2ms
[2025-01-31T12:20:07.562+0100][gc,phases   ] GC(4)   Other: 0.0ms
[2025-01-31T12:20:07.562+0100][gc,heap     ] GC(4) Eden regions: 17->0(49)
[2025-01-31T12:20:07.562+0100][gc,heap     ] GC(4) Survivor regions: 6->2(7)
[2025-01-31T12:20:07.562+0100][gc,heap     ] GC(4) Old regions: 11->16
[2025-01-31T12:20:07.562+0100][gc,heap     ] GC(4) Humongous regions: 129->129
[2025-01-31T12:20:07.562+0100][gc,metaspace] GC(4) Metaspace: 35792K(36096K)->35792K(36096K) NonClass: 31843K(32000K)->31843K(32000K) Class: 3949K(4096K)->3949K(4096K)
[2025-01-31T12:20:07.562+0100][gc          ] GC(4) Pause Young (Mixed) (Metadata GC Threshold) 161M->146M(1024M) 3.033ms
[2025-01-31T12:20:07.562+0100][gc,cpu      ] GC(4) User=0.02s Sys=0.00s Real=0.01s
[2025-01-31T12:20:07.568+0100][gc,start    ] GC(5) Pause Young (Concurrent Start) (Metadata GC Threshold)
[2025-01-31T12:20:07.568+0100][gc,task     ] GC(5) Using 8 workers of 8 for evacuation
[2025-01-31T12:20:07.570+0100][gc,phases   ] GC(5)   Pre Evacuate Collection Set: 0.1ms
[2025-01-31T12:20:07.570+0100][gc,phases   ] GC(5)   Merge Heap Roots: 0.0ms
[2025-01-31T12:20:07.570+0100][gc,phases   ] GC(5)   Evacuate Collection Set: 0.8ms
[2025-01-31T12:20:07.570+0100][gc,phases   ] GC(5)   Post Evacuate Collection Set: 0.2ms
[2025-01-31T12:20:07.570+0100][gc,phases   ] GC(5)   Other: 0.1ms
[2025-01-31T12:20:07.570+0100][gc,heap     ] GC(5) Eden regions: 3->0(49)
[2025-01-31T12:20:07.570+0100][gc,heap     ] GC(5) Survivor regions: 2->2(7)
[2025-01-31T12:20:07.570+0100][gc,heap     ] GC(5) Old regions: 16->16
[2025-01-31T12:20:07.570+0100][gc,heap     ] GC(5) Humongous regions: 129->129
[2025-01-31T12:20:07.570+0100][gc,metaspace] GC(5) Metaspace: 36160K(36416K)->36160K(36416K) NonClass: 32159K(32320K)->32159K(32320K) Class: 4000K(4096K)->4000K(4096K)
[2025-01-31T12:20:07.570+0100][gc          ] GC(5) Pause Young (Concurrent Start) (Metadata GC Threshold) 148M->146M(1024M) 1.298ms
[2025-01-31T12:20:07.570+0100][gc,cpu      ] GC(5) User=0.01s Sys=0.00s Real=0.01s
[2025-01-31T12:20:07.570+0100][gc          ] GC(6) Concurrent Mark Cycle
[2025-01-31T12:20:07.570+0100][gc,marking  ] GC(6) Concurrent Scan Root Regions
[2025-01-31T12:20:07.570+0100][gc,marking  ] GC(6) Concurrent Scan Root Regions 0.549ms
[2025-01-31T12:20:07.570+0100][gc,marking  ] GC(6) Concurrent Mark
[2025-01-31T12:20:07.570+0100][gc,marking  ] GC(6) Concurrent Mark From Roots
[2025-01-31T12:20:07.570+0100][gc,task     ] GC(6) Using 2 workers of 2 for marking
[2025-01-31T12:20:07.575+0100][gc,marking  ] GC(6) Concurrent Mark From Roots 5.059ms
[2025-01-31T12:20:07.575+0100][gc,marking  ] GC(6) Concurrent Preclean
[2025-01-31T12:20:07.575+0100][gc,marking  ] GC(6) Concurrent Preclean 0.087ms
[2025-01-31T12:20:07.576+0100][gc,start    ] GC(6) Pause Remark
[2025-01-31T12:20:07.577+0100][gc          ] GC(6) Pause Remark 147M->147M(1024M) 1.113ms
[2025-01-31T12:20:07.577+0100][gc,cpu      ] GC(6) User=0.01s Sys=0.00s Real=0.00s
[2025-01-31T12:20:07.577+0100][gc,marking  ] GC(6) Concurrent Mark 6.530ms
[2025-01-31T12:20:07.577+0100][gc,marking  ] GC(6) Concurrent Rebuild Remembered Sets and Scrub Regions
[2025-01-31T12:20:07.579+0100][gc,marking  ] GC(6) Concurrent Rebuild Remembered Sets and Scrub Regions 2.603ms
[2025-01-31T12:20:07.580+0100][gc,start    ] GC(6) Pause Cleanup
[2025-01-31T12:20:07.580+0100][gc          ] GC(6) Pause Cleanup 147M->147M(1024M) 0.109ms
[2025-01-31T12:20:07.580+0100][gc,cpu      ] GC(6) User=0.00s Sys=0.00s Real=0.00s
[2025-01-31T12:20:07.580+0100][gc,marking  ] GC(6) Concurrent Clear Claimed Marks
[2025-01-31T12:20:07.580+0100][gc,marking  ] GC(6) Concurrent Clear Claimed Marks 0.022ms
[2025-01-31T12:20:07.580+0100][gc,marking  ] GC(6) Concurrent Cleanup for Next Mark
[2025-01-31T12:20:07.581+0100][gc,marking  ] GC(6) Concurrent Cleanup for Next Mark 1.087ms
[2025-01-31T12:20:07.581+0100][gc          ] GC(6) Concurrent Mark Cycle 11.133ms
[2025-01-31T12:24:26.109+0100][gc,heap,exit] Heap
[2025-01-31T12:24:26.110+0100][gc,heap,exit]  garbage-first heap   total 1048576K, used 203393K [0x00000007c0000000, 0x0000000800000000)
[2025-01-31T12:24:26.110+0100][gc,heap,exit]   region size 1024K, 43 young (44032K), 2 survivors (2048K)
[2025-01-31T12:24:26.110+0100][gc,heap,exit]  Metaspace       used 41231K, committed 41792K, reserved 1114112K
[2025-01-31T12:24:26.110+0100][gc,heap,exit]   class space    used 4894K, committed 5120K, reserved 1048576K
