[2025-01-31T18:07:52.931+0100][gc,init] CardTable entry size: 512
[2025-01-31T18:07:52.932+0100][gc     ] Using G1
[2025-01-31T18:07:52.933+0100][gc,init] Version: 21.0.1+12-29 (release)
[2025-01-31T18:07:52.933+0100][gc,init] CPUs: 8 total, 8 available
[2025-01-31T18:07:52.933+0100][gc,init] Memory: 16384M
[2025-01-31T18:07:52.933+0100][gc,init] Large Page Support: Disabled
[2025-01-31T18:07:52.933+0100][gc,init] NUMA Support: Disabled
[2025-01-31T18:07:52.933+0100][gc,init] Compressed Oops: Enabled (Zero based)
[2025-01-31T18:07:52.933+0100][gc,init] Heap Region Size: 1M
[2025-01-31T18:07:52.933+0100][gc,init] Heap Min Capacity: 1G
[2025-01-31T18:07:52.933+0100][gc,init] Heap Initial Capacity: 1G
[2025-01-31T18:07:52.933+0100][gc,init] Heap Max Capacity: 1G
[2025-01-31T18:07:52.933+0100][gc,init] Pre-touch: Disabled
[2025-01-31T18:07:52.933+0100][gc,init] Parallel Workers: 8
[2025-01-31T18:07:52.933+0100][gc,init] Concurrent Workers: 2
[2025-01-31T18:07:52.933+0100][gc,init] Concurrent Refinement Workers: 8
[2025-01-31T18:07:52.933+0100][gc,init] Periodic GC: Disabled
[2025-01-31T18:07:52.936+0100][gc,metaspace] CDS archive(s) mapped at: [0x0000007000000000-0x0000007000ca4000-0x0000007000ca4000), size 13254656, SharedBaseAddress: 0x0000007000000000, ArchiveRelocationMode: 1.
[2025-01-31T18:07:52.936+0100][gc,metaspace] Compressed class space mapped at: 0x0000007001000000-0x0000007041000000, reserved size: 1073741824
[2025-01-31T18:07:52.936+0100][gc,metaspace] Narrow klass base: 0x0000007000000000, Narrow klass shift: 0, Narrow klass range: 0x100000000
[2025-01-31T18:07:53.675+0100][gc,start    ] GC(0) Pause Young (Normal) (G1 Evacuation Pause)
[2025-01-31T18:07:53.675+0100][gc,task     ] GC(0) Using 8 workers of 8 for evacuation
[2025-01-31T18:07:53.678+0100][gc,phases   ] GC(0)   Pre Evacuate Collection Set: 0.2ms
[2025-01-31T18:07:53.678+0100][gc,phases   ] GC(0)   Merge Heap Roots: 0.0ms
[2025-01-31T18:07:53.678+0100][gc,phases   ] GC(0)   Evacuate Collection Set: 2.4ms
[2025-01-31T18:07:53.678+0100][gc,phases   ] GC(0)   Post Evacuate Collection Set: 0.3ms
[2025-01-31T18:07:53.678+0100][gc,phases   ] GC(0)   Other: 0.2ms
[2025-01-31T18:07:53.678+0100][gc,heap     ] GC(0) Eden regions: 51->0(44)
[2025-01-31T18:07:53.678+0100][gc,heap     ] GC(0) Survivor regions: 0->7(7)
[2025-01-31T18:07:53.678+0100][gc,heap     ] GC(0) Old regions: 2->4
[2025-01-31T18:07:53.678+0100][gc,heap     ] GC(0) Humongous regions: 0->0
[2025-01-31T18:07:53.678+0100][gc,metaspace] GC(0) Metaspace: 17149K(17344K)->17149K(17344K) NonClass: 15127K(15232K)->15127K(15232K) Class: 2022K(2112K)->2022K(2112K)
[2025-01-31T18:07:53.678+0100][gc          ] GC(0) Pause Young (Normal) (G1 Evacuation Pause) 52M->9M(1024M) 3.259ms
[2025-01-31T18:07:53.678+0100][gc,cpu      ] GC(0) User=0.01s Sys=0.01s Real=0.00s
[2025-01-31T18:07:53.770+0100][gc,start    ] GC(1) Pause Young (Concurrent Start) (Metadata GC Threshold)
[2025-01-31T18:07:53.771+0100][gc,task     ] GC(1) Using 8 workers of 8 for evacuation
[2025-01-31T18:07:53.773+0100][gc,phases   ] GC(1)   Pre Evacuate Collection Set: 0.1ms
[2025-01-31T18:07:53.773+0100][gc,phases   ] GC(1)   Merge Heap Roots: 0.0ms
[2025-01-31T18:07:53.773+0100][gc,phases   ] GC(1)   Evacuate Collection Set: 1.7ms
[2025-01-31T18:07:53.773+0100][gc,phases   ] GC(1)   Post Evacuate Collection Set: 0.2ms
[2025-01-31T18:07:53.773+0100][gc,phases   ] GC(1)   Other: 0.0ms
[2025-01-31T18:07:53.773+0100][gc,heap     ] GC(1) Eden regions: 16->0(50)
[2025-01-31T18:07:53.773+0100][gc,heap     ] GC(1) Survivor regions: 7->1(7)
[2025-01-31T18:07:53.773+0100][gc,heap     ] GC(1) Old regions: 4->11
[2025-01-31T18:07:53.773+0100][gc,heap     ] GC(1) Humongous regions: 0->0
[2025-01-31T18:07:53.773+0100][gc,metaspace] GC(1) Metaspace: 21304K(21504K)->21304K(21504K) NonClass: 18786K(18880K)->18786K(18880K) Class: 2518K(2624K)->2518K(2624K)
[2025-01-31T18:07:53.773+0100][gc          ] GC(1) Pause Young (Concurrent Start) (Metadata GC Threshold) 25M->10M(1024M) 2.270ms
[2025-01-31T18:07:53.773+0100][gc,cpu      ] GC(1) User=0.01s Sys=0.00s Real=0.00s
[2025-01-31T18:07:53.773+0100][gc          ] GC(2) Concurrent Mark Cycle
[2025-01-31T18:07:53.773+0100][gc,marking  ] GC(2) Concurrent Scan Root Regions
[2025-01-31T18:07:53.774+0100][gc,marking  ] GC(2) Concurrent Scan Root Regions 1.094ms
[2025-01-31T18:07:53.774+0100][gc,marking  ] GC(2) Concurrent Mark
[2025-01-31T18:07:53.774+0100][gc,marking  ] GC(2) Concurrent Mark From Roots
[2025-01-31T18:07:53.774+0100][gc,task     ] GC(2) Using 2 workers of 2 for marking
[2025-01-31T18:07:53.775+0100][gc,marking  ] GC(2) Concurrent Mark From Roots 1.314ms
[2025-01-31T18:07:53.775+0100][gc,marking  ] GC(2) Concurrent Preclean
[2025-01-31T18:07:53.775+0100][gc,marking  ] GC(2) Concurrent Preclean 0.006ms
[2025-01-31T18:07:53.775+0100][gc,start    ] GC(2) Pause Remark
[2025-01-31T18:07:53.776+0100][gc          ] GC(2) Pause Remark 11M->11M(1024M) 0.894ms
[2025-01-31T18:07:53.776+0100][gc,cpu      ] GC(2) User=0.00s Sys=0.00s Real=0.00s
[2025-01-31T18:07:53.776+0100][gc,marking  ] GC(2) Concurrent Mark 2.329ms
[2025-01-31T18:07:53.776+0100][gc,marking  ] GC(2) Concurrent Rebuild Remembered Sets and Scrub Regions
[2025-01-31T18:07:53.777+0100][gc,marking  ] GC(2) Concurrent Rebuild Remembered Sets and Scrub Regions 1.189ms
[2025-01-31T18:07:53.778+0100][gc,start    ] GC(2) Pause Cleanup
[2025-01-31T18:07:53.778+0100][gc          ] GC(2) Pause Cleanup 11M->11M(1024M) 0.074ms
[2025-01-31T18:07:53.778+0100][gc,cpu      ] GC(2) User=0.00s Sys=0.00s Real=0.00s
[2025-01-31T18:07:53.778+0100][gc,marking  ] GC(2) Concurrent Clear Claimed Marks
[2025-01-31T18:07:53.778+0100][gc,marking  ] GC(2) Concurrent Clear Claimed Marks 0.010ms
[2025-01-31T18:07:53.778+0100][gc,marking  ] GC(2) Concurrent Cleanup for Next Mark
[2025-01-31T18:07:53.779+0100][gc,marking  ] GC(2) Concurrent Cleanup for Next Mark 1.220ms
[2025-01-31T18:07:53.779+0100][gc          ] GC(2) Concurrent Mark Cycle 6.123ms
[2025-01-31T18:07:54.082+0100][gc,start    ] GC(3) Pause Young (Prepare Mixed) (G1 Evacuation Pause)
[2025-01-31T18:07:54.082+0100][gc,task     ] GC(3) Using 8 workers of 8 for evacuation
[2025-01-31T18:07:54.084+0100][gc,phases   ] GC(3)   Pre Evacuate Collection Set: 0.1ms
[2025-01-31T18:07:54.084+0100][gc,phases   ] GC(3)   Merge Heap Roots: 0.0ms
[2025-01-31T18:07:54.084+0100][gc,phases   ] GC(3)   Evacuate Collection Set: 1.8ms
[2025-01-31T18:07:54.084+0100][gc,phases   ] GC(3)   Post Evacuate Collection Set: 0.2ms
[2025-01-31T18:07:54.084+0100][gc,phases   ] GC(3)   Other: 0.0ms
[2025-01-31T18:07:54.084+0100][gc,heap     ] GC(3) Eden regions: 50->0(45)
[2025-01-31T18:07:54.084+0100][gc,heap     ] GC(3) Survivor regions: 1->6(7)
[2025-01-31T18:07:54.084+0100][gc,heap     ] GC(3) Old regions: 11->11
[2025-01-31T18:07:54.084+0100][gc,heap     ] GC(3) Humongous regions: 129->129
[2025-01-31T18:07:54.084+0100][gc,metaspace] GC(3) Metaspace: 31245K(31552K)->31245K(31552K) NonClass: 27725K(27904K)->27725K(27904K) Class: 3519K(3648K)->3519K(3648K)
[2025-01-31T18:07:54.084+0100][gc          ] GC(3) Pause Young (Prepare Mixed) (G1 Evacuation Pause) 189M->144M(1024M) 2.316ms
[2025-01-31T18:07:54.084+0100][gc,cpu      ] GC(3) User=0.02s Sys=0.00s Real=0.00s
[2025-01-31T18:07:54.177+0100][gc,start    ] GC(4) Pause Young (Mixed) (Metadata GC Threshold)
[2025-01-31T18:07:54.177+0100][gc,task     ] GC(4) Using 8 workers of 8 for evacuation
[2025-01-31T18:07:54.180+0100][gc,phases   ] GC(4)   Pre Evacuate Collection Set: 0.1ms
[2025-01-31T18:07:54.180+0100][gc,phases   ] GC(4)   Merge Heap Roots: 0.0ms
[2025-01-31T18:07:54.180+0100][gc,phases   ] GC(4)   Evacuate Collection Set: 2.5ms
[2025-01-31T18:07:54.180+0100][gc,phases   ] GC(4)   Post Evacuate Collection Set: 0.2ms
[2025-01-31T18:07:54.180+0100][gc,phases   ] GC(4)   Other: 0.0ms
[2025-01-31T18:07:54.180+0100][gc,heap     ] GC(4) Eden regions: 17->0(49)
[2025-01-31T18:07:54.180+0100][gc,heap     ] GC(4) Survivor regions: 6->2(7)
[2025-01-31T18:07:54.180+0100][gc,heap     ] GC(4) Old regions: 11->16
[2025-01-31T18:07:54.180+0100][gc,heap     ] GC(4) Humongous regions: 129->129
[2025-01-31T18:07:54.180+0100][gc,metaspace] GC(4) Metaspace: 35825K(36096K)->35825K(36096K) NonClass: 31880K(32064K)->31880K(32064K) Class: 3944K(4032K)->3944K(4032K)
[2025-01-31T18:07:54.180+0100][gc          ] GC(4) Pause Young (Mixed) (Metadata GC Threshold) 161M->146M(1024M) 3.063ms
[2025-01-31T18:07:54.180+0100][gc,cpu      ] GC(4) User=0.01s Sys=0.00s Real=0.01s
[2025-01-31T18:07:54.189+0100][gc,start    ] GC(5) Pause Young (Concurrent Start) (Metadata GC Threshold)
[2025-01-31T18:07:54.189+0100][gc,task     ] GC(5) Using 8 workers of 8 for evacuation
[2025-01-31T18:07:54.190+0100][gc,phases   ] GC(5)   Pre Evacuate Collection Set: 0.1ms
[2025-01-31T18:07:54.190+0100][gc,phases   ] GC(5)   Merge Heap Roots: 0.0ms
[2025-01-31T18:07:54.190+0100][gc,phases   ] GC(5)   Evacuate Collection Set: 0.8ms
[2025-01-31T18:07:54.190+0100][gc,phases   ] GC(5)   Post Evacuate Collection Set: 0.2ms
[2025-01-31T18:07:54.190+0100][gc,phases   ] GC(5)   Other: 0.0ms
[2025-01-31T18:07:54.190+0100][gc,heap     ] GC(5) Eden regions: 3->0(49)
[2025-01-31T18:07:54.190+0100][gc,heap     ] GC(5) Survivor regions: 2->2(7)
[2025-01-31T18:07:54.190+0100][gc,heap     ] GC(5) Old regions: 16->16
[2025-01-31T18:07:54.190+0100][gc,heap     ] GC(5) Humongous regions: 129->129
[2025-01-31T18:07:54.190+0100][gc,metaspace] GC(5) Metaspace: 36151K(36416K)->36151K(36416K) NonClass: 32148K(32320K)->32148K(32320K) Class: 4003K(4096K)->4003K(4096K)
[2025-01-31T18:07:54.190+0100][gc          ] GC(5) Pause Young (Concurrent Start) (Metadata GC Threshold) 149M->145M(1024M) 1.294ms
[2025-01-31T18:07:54.190+0100][gc,cpu      ] GC(5) User=0.01s Sys=0.00s Real=0.01s
[2025-01-31T18:07:54.191+0100][gc          ] GC(6) Concurrent Mark Cycle
[2025-01-31T18:07:54.191+0100][gc,marking  ] GC(6) Concurrent Scan Root Regions
[2025-01-31T18:07:54.191+0100][gc,marking  ] GC(6) Concurrent Scan Root Regions 0.666ms
[2025-01-31T18:07:54.191+0100][gc,marking  ] GC(6) Concurrent Mark
[2025-01-31T18:07:54.191+0100][gc,marking  ] GC(6) Concurrent Mark From Roots
[2025-01-31T18:07:54.191+0100][gc,task     ] GC(6) Using 2 workers of 2 for marking
[2025-01-31T18:07:54.197+0100][gc,marking  ] GC(6) Concurrent Mark From Roots 6.084ms
[2025-01-31T18:07:54.197+0100][gc,marking  ] GC(6) Concurrent Preclean
[2025-01-31T18:07:54.197+0100][gc,marking  ] GC(6) Concurrent Preclean 0.029ms
[2025-01-31T18:07:54.197+0100][gc,start    ] GC(6) Pause Remark
[2025-01-31T18:07:54.199+0100][gc          ] GC(6) Pause Remark 147M->147M(1024M) 1.189ms
[2025-01-31T18:07:54.199+0100][gc,cpu      ] GC(6) User=0.01s Sys=0.00s Real=0.00s
[2025-01-31T18:07:54.199+0100][gc,marking  ] GC(6) Concurrent Mark 7.446ms
[2025-01-31T18:07:54.199+0100][gc,marking  ] GC(6) Concurrent Rebuild Remembered Sets and Scrub Regions
[2025-01-31T18:07:54.202+0100][gc,marking  ] GC(6) Concurrent Rebuild Remembered Sets and Scrub Regions 3.834ms
[2025-01-31T18:07:54.203+0100][gc,start    ] GC(6) Pause Cleanup
[2025-01-31T18:07:54.203+0100][gc          ] GC(6) Pause Cleanup 148M->148M(1024M) 0.092ms
[2025-01-31T18:07:54.203+0100][gc,cpu      ] GC(6) User=0.00s Sys=0.00s Real=0.00s
[2025-01-31T18:07:54.203+0100][gc,marking  ] GC(6) Concurrent Clear Claimed Marks
[2025-01-31T18:07:54.203+0100][gc,marking  ] GC(6) Concurrent Clear Claimed Marks 0.064ms
[2025-01-31T18:07:54.203+0100][gc,marking  ] GC(6) Concurrent Cleanup for Next Mark
[2025-01-31T18:07:54.204+0100][gc,marking  ] GC(6) Concurrent Cleanup for Next Mark 1.088ms
[2025-01-31T18:07:54.204+0100][gc          ] GC(6) Concurrent Mark Cycle 13.736ms
[2025-01-31T18:25:43.077+0100][gc,start    ] GC(7) Pause Young (Prepare Mixed) (G1 Evacuation Pause)
[2025-01-31T18:25:43.078+0100][gc,task     ] GC(7) Using 8 workers of 8 for evacuation
[2025-01-31T18:25:43.086+0100][gc,phases   ] GC(7)   Pre Evacuate Collection Set: 0.6ms
[2025-01-31T18:25:43.086+0100][gc,phases   ] GC(7)   Merge Heap Roots: 0.1ms
[2025-01-31T18:25:43.086+0100][gc,phases   ] GC(7)   Evacuate Collection Set: 7.2ms
[2025-01-31T18:25:43.086+0100][gc,phases   ] GC(7)   Post Evacuate Collection Set: 0.3ms
[2025-01-31T18:25:43.086+0100][gc,phases   ] GC(7)   Other: 0.1ms
[2025-01-31T18:25:43.086+0100][gc,heap     ] GC(7) Eden regions: 49->0(48)
[2025-01-31T18:25:43.086+0100][gc,heap     ] GC(7) Survivor regions: 2->3(7)
[2025-01-31T18:25:43.086+0100][gc,heap     ] GC(7) Old regions: 16->16
[2025-01-31T18:25:43.086+0100][gc,heap     ] GC(7) Humongous regions: 147->129
[2025-01-31T18:25:43.086+0100][gc,metaspace] GC(7) Metaspace: 40217K(40704K)->40217K(40704K) NonClass: 35566K(35840K)->35566K(35840K) Class: 4650K(4864K)->4650K(4864K)
[2025-01-31T18:25:43.086+0100][gc          ] GC(7) Pause Young (Prepare Mixed) (G1 Evacuation Pause) 212M->147M(1024M) 8.887ms
[2025-01-31T18:25:43.086+0100][gc,cpu      ] GC(7) User=0.01s Sys=0.02s Real=0.01s
[2025-01-31T18:25:43.663+0100][gc,heap,exit] Heap
[2025-01-31T18:25:43.663+0100][gc,heap,exit]  garbage-first heap   total 1048576K, used 161691K [0x00000007c0000000, 0x0000000800000000)
[2025-01-31T18:25:43.663+0100][gc,heap,exit]   region size 1024K, 14 young (14336K), 3 survivors (3072K)
[2025-01-31T18:25:43.663+0100][gc,heap,exit]  Metaspace       used 40967K, committed 41536K, reserved 1114112K
[2025-01-31T18:25:43.663+0100][gc,heap,exit]   class space    used 4797K, committed 5056K, reserved 1048576K
