[2025-02-01T10:43:12.428+0100][gc,init] CardTable entry size: 512
[2025-02-01T10:43:12.428+0100][gc     ] Using G1
[2025-02-01T10:43:12.429+0100][gc,init] Version: 21.0.1+12-29 (release)
[2025-02-01T10:43:12.429+0100][gc,init] CPUs: 8 total, 8 available
[2025-02-01T10:43:12.429+0100][gc,init] Memory: 16384M
[2025-02-01T10:43:12.429+0100][gc,init] Large Page Support: Disabled
[2025-02-01T10:43:12.429+0100][gc,init] NUMA Support: Disabled
[2025-02-01T10:43:12.429+0100][gc,init] Compressed Oops: Enabled (Zero based)
[2025-02-01T10:43:12.429+0100][gc,init] Heap Region Size: 1M
[2025-02-01T10:43:12.429+0100][gc,init] Heap Min Capacity: 1G
[2025-02-01T10:43:12.429+0100][gc,init] Heap Initial Capacity: 1G
[2025-02-01T10:43:12.429+0100][gc,init] Heap Max Capacity: 1G
[2025-02-01T10:43:12.429+0100][gc,init] Pre-touch: Disabled
[2025-02-01T10:43:12.429+0100][gc,init] Parallel Workers: 8
[2025-02-01T10:43:12.429+0100][gc,init] Concurrent Workers: 2
[2025-02-01T10:43:12.429+0100][gc,init] Concurrent Refinement Workers: 8
[2025-02-01T10:43:12.429+0100][gc,init] Periodic GC: Disabled
[2025-02-01T10:43:12.432+0100][gc,metaspace] CDS archive(s) mapped at: [0x0000000600000000-0x0000000600ca4000-0x0000000600ca4000), size 13254656, SharedBaseAddress: 0x0000000600000000, ArchiveRelocationMode: 1.
[2025-02-01T10:43:12.432+0100][gc,metaspace] Compressed class space mapped at: 0x0000000601000000-0x0000000641000000, reserved size: 1073741824
[2025-02-01T10:43:12.432+0100][gc,metaspace] Narrow klass base: 0x0000000600000000, Narrow klass shift: 0, Narrow klass range: 0x100000000
[2025-02-01T10:43:13.381+0100][gc,start    ] GC(0) Pause Young (Normal) (G1 Evacuation Pause)
[2025-02-01T10:43:13.381+0100][gc,task     ] GC(0) Using 8 workers of 8 for evacuation
[2025-02-01T10:43:13.384+0100][gc,phases   ] GC(0)   Pre Evacuate Collection Set: 0.1ms
[2025-02-01T10:43:13.384+0100][gc,phases   ] GC(0)   Merge Heap Roots: 0.0ms
[2025-02-01T10:43:13.384+0100][gc,phases   ] GC(0)   Evacuate Collection Set: 2.3ms
[2025-02-01T10:43:13.384+0100][gc,phases   ] GC(0)   Post Evacuate Collection Set: 0.2ms
[2025-02-01T10:43:13.384+0100][gc,phases   ] GC(0)   Other: 0.2ms
[2025-02-01T10:43:13.384+0100][gc,heap     ] GC(0) Eden regions: 51->0(44)
[2025-02-01T10:43:13.384+0100][gc,heap     ] GC(0) Survivor regions: 0->7(7)
[2025-02-01T10:43:13.384+0100][gc,heap     ] GC(0) Old regions: 2->4
[2025-02-01T10:43:13.384+0100][gc,heap     ] GC(0) Humongous regions: 0->0
[2025-02-01T10:43:13.384+0100][gc,metaspace] GC(0) Metaspace: 17245K(17472K)->17245K(17472K) NonClass: 15212K(15360K)->15212K(15360K) Class: 2032K(2112K)->2032K(2112K)
[2025-02-01T10:43:13.384+0100][gc          ] GC(0) Pause Young (Normal) (G1 Evacuation Pause) 52M->9M(1024M) 3.030ms
[2025-02-01T10:43:13.384+0100][gc,cpu      ] GC(0) User=0.01s Sys=0.00s Real=0.00s
[2025-02-01T10:43:13.486+0100][gc,start    ] GC(1) Pause Young (Concurrent Start) (Metadata GC Threshold)
[2025-02-01T10:43:13.486+0100][gc,task     ] GC(1) Using 8 workers of 8 for evacuation
[2025-02-01T10:43:13.489+0100][gc,phases   ] GC(1)   Pre Evacuate Collection Set: 0.2ms
[2025-02-01T10:43:13.489+0100][gc,phases   ] GC(1)   Merge Heap Roots: 0.0ms
[2025-02-01T10:43:13.489+0100][gc,phases   ] GC(1)   Evacuate Collection Set: 2.1ms
[2025-02-01T10:43:13.489+0100][gc,phases   ] GC(1)   Post Evacuate Collection Set: 0.2ms
[2025-02-01T10:43:13.489+0100][gc,phases   ] GC(1)   Other: 0.0ms
[2025-02-01T10:43:13.489+0100][gc,heap     ] GC(1) Eden regions: 15->0(50)
[2025-02-01T10:43:13.489+0100][gc,heap     ] GC(1) Survivor regions: 7->1(7)
[2025-02-01T10:43:13.489+0100][gc,heap     ] GC(1) Old regions: 4->11
[2025-02-01T10:43:13.489+0100][gc,heap     ] GC(1) Humongous regions: 0->0
[2025-02-01T10:43:13.489+0100][gc,metaspace] GC(1) Metaspace: 21296K(21504K)->21296K(21504K) NonClass: 18781K(18880K)->18781K(18880K) Class: 2515K(2624K)->2515K(2624K)
[2025-02-01T10:43:13.489+0100][gc          ] GC(1) Pause Young (Concurrent Start) (Metadata GC Threshold) 24M->10M(1024M) 2.661ms
[2025-02-01T10:43:13.489+0100][gc          ] GC(2) Concurrent Mark Cycle
[2025-02-01T10:43:13.489+0100][gc,cpu      ] GC(1) User=0.01s Sys=0.00s Real=0.00s
[2025-02-01T10:43:13.489+0100][gc,marking  ] GC(2) Concurrent Scan Root Regions
[2025-02-01T10:43:13.490+0100][gc,marking  ] GC(2) Concurrent Scan Root Regions 1.294ms
[2025-02-01T10:43:13.490+0100][gc,marking  ] GC(2) Concurrent Mark
[2025-02-01T10:43:13.490+0100][gc,marking  ] GC(2) Concurrent Mark From Roots
[2025-02-01T10:43:13.490+0100][gc,task     ] GC(2) Using 2 workers of 2 for marking
[2025-02-01T10:43:13.491+0100][gc,marking  ] GC(2) Concurrent Mark From Roots 0.969ms
[2025-02-01T10:43:13.491+0100][gc,marking  ] GC(2) Concurrent Preclean
[2025-02-01T10:43:13.491+0100][gc,marking  ] GC(2) Concurrent Preclean 0.005ms
[2025-02-01T10:43:13.491+0100][gc,start    ] GC(2) Pause Remark
[2025-02-01T10:43:13.492+0100][gc          ] GC(2) Pause Remark 11M->11M(1024M) 0.864ms
[2025-02-01T10:43:13.492+0100][gc,cpu      ] GC(2) User=0.00s Sys=0.00s Real=0.00s
[2025-02-01T10:43:13.492+0100][gc,marking  ] GC(2) Concurrent Mark 1.941ms
[2025-02-01T10:43:13.492+0100][gc,marking  ] GC(2) Concurrent Rebuild Remembered Sets and Scrub Regions
[2025-02-01T10:43:13.493+0100][gc,marking  ] GC(2) Concurrent Rebuild Remembered Sets and Scrub Regions 1.172ms
[2025-02-01T10:43:13.493+0100][gc,start    ] GC(2) Pause Cleanup
[2025-02-01T10:43:13.493+0100][gc          ] GC(2) Pause Cleanup 11M->11M(1024M) 0.072ms
[2025-02-01T10:43:13.493+0100][gc,cpu      ] GC(2) User=0.00s Sys=0.00s Real=0.00s
[2025-02-01T10:43:13.493+0100][gc,marking  ] GC(2) Concurrent Clear Claimed Marks
[2025-02-01T10:43:13.493+0100][gc,marking  ] GC(2) Concurrent Clear Claimed Marks 0.009ms
[2025-02-01T10:43:13.493+0100][gc,marking  ] GC(2) Concurrent Cleanup for Next Mark
[2025-02-01T10:43:13.495+0100][gc,marking  ] GC(2) Concurrent Cleanup for Next Mark 1.311ms
[2025-02-01T10:43:13.495+0100][gc          ] GC(2) Concurrent Mark Cycle 6.216ms
[2025-02-01T10:43:14.014+0100][gc,start    ] GC(3) Pause Young (Prepare Mixed) (G1 Evacuation Pause)
[2025-02-01T10:43:14.014+0100][gc,task     ] GC(3) Using 8 workers of 8 for evacuation
[2025-02-01T10:43:14.017+0100][gc,phases   ] GC(3)   Pre Evacuate Collection Set: 0.1ms
[2025-02-01T10:43:14.017+0100][gc,phases   ] GC(3)   Merge Heap Roots: 0.0ms
[2025-02-01T10:43:14.017+0100][gc,phases   ] GC(3)   Evacuate Collection Set: 1.9ms
[2025-02-01T10:43:14.017+0100][gc,phases   ] GC(3)   Post Evacuate Collection Set: 0.2ms
[2025-02-01T10:43:14.017+0100][gc,phases   ] GC(3)   Other: 0.0ms
[2025-02-01T10:43:14.017+0100][gc,heap     ] GC(3) Eden regions: 50->0(45)
[2025-02-01T10:43:14.017+0100][gc,heap     ] GC(3) Survivor regions: 1->6(7)
[2025-02-01T10:43:14.017+0100][gc,heap     ] GC(3) Old regions: 11->11
[2025-02-01T10:43:14.017+0100][gc,heap     ] GC(3) Humongous regions: 129->129
[2025-02-01T10:43:14.017+0100][gc,metaspace] GC(3) Metaspace: 31222K(31552K)->31222K(31552K) NonClass: 27720K(27904K)->27720K(27904K) Class: 3502K(3648K)->3502K(3648K)
[2025-02-01T10:43:14.017+0100][gc          ] GC(3) Pause Young (Prepare Mixed) (G1 Evacuation Pause) 189M->144M(1024M) 2.312ms
[2025-02-01T10:43:14.017+0100][gc,cpu      ] GC(3) User=0.02s Sys=0.00s Real=0.00s
[2025-02-01T10:43:14.119+0100][gc,start    ] GC(4) Pause Young (Mixed) (GCLocker Initiated GC)
[2025-02-01T10:43:14.119+0100][gc,task     ] GC(4) Using 8 workers of 8 for evacuation
[2025-02-01T10:43:14.121+0100][gc,phases   ] GC(4)   Pre Evacuate Collection Set: 0.1ms
[2025-02-01T10:43:14.121+0100][gc,phases   ] GC(4)   Merge Heap Roots: 0.0ms
[2025-02-01T10:43:14.121+0100][gc,phases   ] GC(4)   Evacuate Collection Set: 2.1ms
[2025-02-01T10:43:14.121+0100][gc,phases   ] GC(4)   Post Evacuate Collection Set: 0.2ms
[2025-02-01T10:43:14.121+0100][gc,phases   ] GC(4)   Other: 0.0ms
[2025-02-01T10:43:14.121+0100][gc,heap     ] GC(4) Eden regions: 17->0(49)
[2025-02-01T10:43:14.121+0100][gc,heap     ] GC(4) Survivor regions: 6->2(7)
[2025-02-01T10:43:14.121+0100][gc,heap     ] GC(4) Old regions: 11->16
[2025-02-01T10:43:14.121+0100][gc,heap     ] GC(4) Humongous regions: 129->129
[2025-02-01T10:43:14.121+0100][gc,metaspace] GC(4) Metaspace: 35713K(36032K)->35713K(36032K) NonClass: 31787K(32000K)->31787K(32000K) Class: 3926K(4032K)->3926K(4032K)
[2025-02-01T10:43:14.121+0100][gc          ] GC(4) Pause Young (Mixed) (GCLocker Initiated GC) 161M->146M(1024M) 2.551ms
[2025-02-01T10:43:14.121+0100][gc,cpu      ] GC(4) User=0.02s Sys=0.01s Real=0.01s
[2025-02-01T10:43:14.129+0100][gc,start    ] GC(5) Pause Young (Concurrent Start) (Metadata GC Threshold)
[2025-02-01T10:43:14.129+0100][gc,task     ] GC(5) Using 8 workers of 8 for evacuation
[2025-02-01T10:43:14.130+0100][gc,phases   ] GC(5)   Pre Evacuate Collection Set: 0.2ms
[2025-02-01T10:43:14.130+0100][gc,phases   ] GC(5)   Merge Heap Roots: 0.1ms
[2025-02-01T10:43:14.130+0100][gc,phases   ] GC(5)   Evacuate Collection Set: 1.1ms
[2025-02-01T10:43:14.130+0100][gc,phases   ] GC(5)   Post Evacuate Collection Set: 0.1ms
[2025-02-01T10:43:14.130+0100][gc,phases   ] GC(5)   Other: 0.0ms
[2025-02-01T10:43:14.130+0100][gc,heap     ] GC(5) Eden regions: 3->0(49)
[2025-02-01T10:43:14.130+0100][gc,heap     ] GC(5) Survivor regions: 2->2(7)
[2025-02-01T10:43:14.130+0100][gc,heap     ] GC(5) Old regions: 16->16
[2025-02-01T10:43:14.130+0100][gc,heap     ] GC(5) Humongous regions: 129->129
[2025-02-01T10:43:14.130+0100][gc,metaspace] GC(5) Metaspace: 35993K(36288K)->35993K(36288K) NonClass: 32030K(32192K)->32030K(32192K) Class: 3963K(4096K)->3963K(4096K)
[2025-02-01T10:43:14.130+0100][gc          ] GC(5) Pause Young (Concurrent Start) (Metadata GC Threshold) 148M->146M(1024M) 1.590ms
[2025-02-01T10:43:14.130+0100][gc          ] GC(6) Concurrent Mark Cycle
[2025-02-01T10:43:14.130+0100][gc,cpu      ] GC(5) User=0.01s Sys=0.00s Real=0.01s
[2025-02-01T10:43:14.130+0100][gc,marking  ] GC(6) Concurrent Scan Root Regions
[2025-02-01T10:43:14.131+0100][gc,marking  ] GC(6) Concurrent Scan Root Regions 0.715ms
[2025-02-01T10:43:14.131+0100][gc,marking  ] GC(6) Concurrent Mark
[2025-02-01T10:43:14.131+0100][gc,marking  ] GC(6) Concurrent Mark From Roots
[2025-02-01T10:43:14.131+0100][gc,task     ] GC(6) Using 2 workers of 2 for marking
[2025-02-01T10:43:14.137+0100][gc,marking  ] GC(6) Concurrent Mark From Roots 6.248ms
[2025-02-01T10:43:14.137+0100][gc,marking  ] GC(6) Concurrent Preclean
[2025-02-01T10:43:14.137+0100][gc,marking  ] GC(6) Concurrent Preclean 0.061ms
[2025-02-01T10:43:14.138+0100][gc,start    ] GC(6) Pause Remark
[2025-02-01T10:43:14.139+0100][gc          ] GC(6) Pause Remark 148M->148M(1024M) 1.132ms
[2025-02-01T10:43:14.139+0100][gc,cpu      ] GC(6) User=0.01s Sys=0.00s Real=0.00s
[2025-02-01T10:43:14.139+0100][gc,marking  ] GC(6) Concurrent Mark 7.578ms
[2025-02-01T10:43:14.139+0100][gc,marking  ] GC(6) Concurrent Rebuild Remembered Sets and Scrub Regions
[2025-02-01T10:43:14.141+0100][gc,marking  ] GC(6) Concurrent Rebuild Remembered Sets and Scrub Regions 2.584ms
[2025-02-01T10:43:14.142+0100][gc,start    ] GC(6) Pause Cleanup
[2025-02-01T10:43:14.142+0100][gc          ] GC(6) Pause Cleanup 148M->148M(1024M) 0.087ms
[2025-02-01T10:43:14.142+0100][gc,cpu      ] GC(6) User=0.00s Sys=0.00s Real=0.00s
[2025-02-01T10:43:14.142+0100][gc,marking  ] GC(6) Concurrent Clear Claimed Marks
[2025-02-01T10:43:14.142+0100][gc,marking  ] GC(6) Concurrent Clear Claimed Marks 0.019ms
[2025-02-01T10:43:14.142+0100][gc,marking  ] GC(6) Concurrent Cleanup for Next Mark
[2025-02-01T10:43:14.143+0100][gc,marking  ] GC(6) Concurrent Cleanup for Next Mark 1.001ms
[2025-02-01T10:43:14.143+0100][gc          ] GC(6) Concurrent Mark Cycle 12.390ms
[2025-02-01T10:50:29.521+0100][gc,start    ] GC(7) Pause Young (Prepare Mixed) (G1 Evacuation Pause)
[2025-02-01T10:50:29.522+0100][gc,task     ] GC(7) Using 8 workers of 8 for evacuation
[2025-02-01T10:50:29.545+0100][gc,mmu      ] GC(7) MMU target violated: 21.0ms (20.0ms/21.0ms)
[2025-02-01T10:50:29.545+0100][gc,phases   ] GC(7)   Pre Evacuate Collection Set: 0.8ms
[2025-02-01T10:50:29.545+0100][gc,phases   ] GC(7)   Merge Heap Roots: 0.1ms
[2025-02-01T10:50:29.545+0100][gc,phases   ] GC(7)   Evacuate Collection Set: 21.2ms
[2025-02-01T10:50:29.545+0100][gc,phases   ] GC(7)   Post Evacuate Collection Set: 0.7ms
[2025-02-01T10:50:29.546+0100][gc,phases   ] GC(7)   Other: 0.2ms
[2025-02-01T10:50:29.546+0100][gc,heap     ] GC(7) Eden regions: 49->0(46)
[2025-02-01T10:50:29.546+0100][gc,heap     ] GC(7) Survivor regions: 2->5(7)
[2025-02-01T10:50:29.546+0100][gc,heap     ] GC(7) Old regions: 16->16
[2025-02-01T10:50:29.546+0100][gc,heap     ] GC(7) Humongous regions: 147->129
[2025-02-01T10:50:29.546+0100][gc,metaspace] GC(7) Metaspace: 42395K(43072K)->42395K(43072K) NonClass: 37356K(37760K)->37356K(37760K) Class: 5038K(5312K)->5038K(5312K)
[2025-02-01T10:50:29.546+0100][gc          ] GC(7) Pause Young (Prepare Mixed) (G1 Evacuation Pause) 213M->149M(1024M) 24.132ms
[2025-02-01T10:50:29.546+0100][gc,cpu      ] GC(7) User=0.03s Sys=0.07s Real=0.02s
[2025-02-01T11:03:29.238+0100][gc,start    ] GC(8) Pause Young (Mixed) (G1 Evacuation Pause)
[2025-02-01T11:03:29.239+0100][gc,task     ] GC(8) Using 8 workers of 8 for evacuation
[2025-02-01T11:03:29.255+0100][gc,phases   ] GC(8)   Pre Evacuate Collection Set: 0.8ms
[2025-02-01T11:03:29.255+0100][gc,phases   ] GC(8)   Merge Heap Roots: 0.2ms
[2025-02-01T11:03:29.255+0100][gc,phases   ] GC(8)   Evacuate Collection Set: 13.7ms
[2025-02-01T11:03:29.255+0100][gc,phases   ] GC(8)   Post Evacuate Collection Set: 0.9ms
[2025-02-01T11:03:29.255+0100][gc,phases   ] GC(8)   Other: 0.1ms
[2025-02-01T11:03:29.255+0100][gc,heap     ] GC(8) Eden regions: 46->0(45)
[2025-02-01T11:03:29.255+0100][gc,heap     ] GC(8) Survivor regions: 5->6(7)
[2025-02-01T11:03:29.255+0100][gc,heap     ] GC(8) Old regions: 16->17
[2025-02-01T11:03:29.255+0100][gc,heap     ] GC(8) Humongous regions: 129->129
[2025-02-01T11:03:29.255+0100][gc,metaspace] GC(8) Metaspace: 42904K(43520K)->42904K(43520K) NonClass: 37847K(38208K)->37847K(38208K) Class: 5056K(5312K)->5056K(5312K)
[2025-02-01T11:03:29.255+0100][gc          ] GC(8) Pause Young (Mixed) (G1 Evacuation Pause) 195M->150M(1024M) 17.329ms
[2025-02-01T11:03:29.256+0100][gc,cpu      ] GC(8) User=0.03s Sys=0.02s Real=0.02s
[2025-02-01T11:17:04.514+0100][gc,start    ] GC(9) Pause Young (Normal) (G1 Evacuation Pause)
[2025-02-01T11:17:04.516+0100][gc,task     ] GC(9) Using 8 workers of 8 for evacuation
[2025-02-01T11:17:04.528+0100][gc,phases   ] GC(9)   Pre Evacuate Collection Set: 0.9ms
[2025-02-01T11:17:04.528+0100][gc,phases   ] GC(9)   Merge Heap Roots: 0.2ms
[2025-02-01T11:17:04.528+0100][gc,phases   ] GC(9)   Evacuate Collection Set: 10.6ms
[2025-02-01T11:17:04.528+0100][gc,phases   ] GC(9)   Post Evacuate Collection Set: 0.6ms
[2025-02-01T11:17:04.528+0100][gc,phases   ] GC(9)   Other: 0.2ms
[2025-02-01T11:17:04.528+0100][gc,heap     ] GC(9) Eden regions: 45->0(48)
[2025-02-01T11:17:04.528+0100][gc,heap     ] GC(9) Survivor regions: 6->3(7)
[2025-02-01T11:17:04.528+0100][gc,heap     ] GC(9) Old regions: 17->20
[2025-02-01T11:17:04.528+0100][gc,heap     ] GC(9) Humongous regions: 129->129
[2025-02-01T11:17:04.528+0100][gc,metaspace] GC(9) Metaspace: 43027K(43712K)->43027K(43712K) NonClass: 37963K(38336K)->37963K(38336K) Class: 5063K(5376K)->5063K(5376K)
[2025-02-01T11:17:04.528+0100][gc          ] GC(9) Pause Young (Normal) (G1 Evacuation Pause) 195M->150M(1024M) 14.144ms
[2025-02-01T11:17:04.528+0100][gc,cpu      ] GC(9) User=0.02s Sys=0.02s Real=0.01s
[2025-02-01T11:31:36.250+0100][gc,start    ] GC(10) Pause Young (Normal) (G1 Evacuation Pause)
[2025-02-01T11:31:36.252+0100][gc,task     ] GC(10) Using 8 workers of 8 for evacuation
[2025-02-01T11:31:36.259+0100][gc,phases   ] GC(10)   Pre Evacuate Collection Set: 0.8ms
[2025-02-01T11:31:36.259+0100][gc,phases   ] GC(10)   Merge Heap Roots: 0.1ms
[2025-02-01T11:31:36.259+0100][gc,phases   ] GC(10)   Evacuate Collection Set: 5.3ms
[2025-02-01T11:31:36.259+0100][gc,phases   ] GC(10)   Post Evacuate Collection Set: 0.4ms
[2025-02-01T11:31:36.259+0100][gc,phases   ] GC(10)   Other: 0.2ms
[2025-02-01T11:31:36.259+0100][gc,heap     ] GC(10) Eden regions: 48->0(48)
[2025-02-01T11:31:36.259+0100][gc,heap     ] GC(10) Survivor regions: 3->3(7)
[2025-02-01T11:31:36.259+0100][gc,heap     ] GC(10) Old regions: 20->20
[2025-02-01T11:31:36.259+0100][gc,heap     ] GC(10) Humongous regions: 129->129
[2025-02-01T11:31:36.259+0100][gc,metaspace] GC(10) Metaspace: 43473K(44096K)->43473K(44096K) NonClass: 38347K(38720K)->38347K(38720K) Class: 5126K(5376K)->5126K(5376K)
[2025-02-01T11:31:36.259+0100][gc          ] GC(10) Pause Young (Normal) (G1 Evacuation Pause) 198M->150M(1024M) 8.375ms
[2025-02-01T11:31:36.259+0100][gc,cpu      ] GC(10) User=0.02s Sys=0.01s Real=0.00s
[2025-02-01T12:12:42.801+0100][gc,start    ] GC(11) Pause Young (Normal) (G1 Evacuation Pause)
[2025-02-01T12:12:42.802+0100][gc,task     ] GC(11) Using 8 workers of 8 for evacuation
[2025-02-01T12:12:42.814+0100][gc,phases   ] GC(11)   Pre Evacuate Collection Set: 1.3ms
[2025-02-01T12:12:42.814+0100][gc,phases   ] GC(11)   Merge Heap Roots: 0.1ms
[2025-02-01T12:12:42.814+0100][gc,phases   ] GC(11)   Evacuate Collection Set: 9.8ms
[2025-02-01T12:12:42.814+0100][gc,phases   ] GC(11)   Post Evacuate Collection Set: 0.5ms
[2025-02-01T12:12:42.814+0100][gc,phases   ] GC(11)   Other: 0.2ms
[2025-02-01T12:12:42.814+0100][gc,heap     ] GC(11) Eden regions: 48->0(48)
[2025-02-01T12:12:42.814+0100][gc,heap     ] GC(11) Survivor regions: 3->3(7)
[2025-02-01T12:12:42.814+0100][gc,heap     ] GC(11) Old regions: 20->20
[2025-02-01T12:12:42.815+0100][gc,heap     ] GC(11) Humongous regions: 129->129
[2025-02-01T12:12:42.815+0100][gc,metaspace] GC(11) Metaspace: 43554K(44224K)->43554K(44224K) NonClass: 38424K(38784K)->38424K(38784K) Class: 5129K(5440K)->5129K(5440K)
[2025-02-01T12:12:42.815+0100][gc          ] GC(11) Pause Young (Normal) (G1 Evacuation Pause) 198M->151M(1024M) 13.632ms
[2025-02-01T12:12:42.815+0100][gc,cpu      ] GC(11) User=0.02s Sys=0.03s Real=0.01s
[2025-02-01T12:52:54.238+0100][gc,start    ] GC(12) Pause Young (Normal) (G1 Evacuation Pause)
[2025-02-01T12:52:54.240+0100][gc,task     ] GC(12) Using 8 workers of 8 for evacuation
[2025-02-01T12:52:54.253+0100][gc,phases   ] GC(12)   Pre Evacuate Collection Set: 1.1ms
[2025-02-01T12:52:54.253+0100][gc,phases   ] GC(12)   Merge Heap Roots: 0.2ms
[2025-02-01T12:52:54.253+0100][gc,phases   ] GC(12)   Evacuate Collection Set: 11.5ms
[2025-02-01T12:52:54.253+0100][gc,phases   ] GC(12)   Post Evacuate Collection Set: 0.7ms
[2025-02-01T12:52:54.253+0100][gc,phases   ] GC(12)   Other: 0.3ms
[2025-02-01T12:52:54.253+0100][gc,heap     ] GC(12) Eden regions: 48->0(47)
[2025-02-01T12:52:54.253+0100][gc,heap     ] GC(12) Survivor regions: 3->4(7)
[2025-02-01T12:52:54.253+0100][gc,heap     ] GC(12) Old regions: 20->20
[2025-02-01T12:52:54.253+0100][gc,heap     ] GC(12) Humongous regions: 129->129
[2025-02-01T12:52:54.254+0100][gc,metaspace] GC(12) Metaspace: 43603K(44288K)->43603K(44288K) NonClass: 38473K(38848K)->38473K(38848K) Class: 5129K(5440K)->5129K(5440K)
[2025-02-01T12:52:54.254+0100][gc          ] GC(12) Pause Young (Normal) (G1 Evacuation Pause) 199M->151M(1024M) 15.271ms
[2025-02-01T12:52:54.254+0100][gc,cpu      ] GC(12) User=0.02s Sys=0.02s Real=0.02s
[2025-02-01T13:28:57.897+0100][gc,start    ] GC(13) Pause Young (Normal) (G1 Evacuation Pause)
[2025-02-01T13:28:57.899+0100][gc,task     ] GC(13) Using 8 workers of 8 for evacuation
[2025-02-01T13:28:57.912+0100][gc,phases   ] GC(13)   Pre Evacuate Collection Set: 1.0ms
[2025-02-01T13:28:57.912+0100][gc,phases   ] GC(13)   Merge Heap Roots: 0.1ms
[2025-02-01T13:28:57.912+0100][gc,phases   ] GC(13)   Evacuate Collection Set: 11.3ms
[2025-02-01T13:28:57.912+0100][gc,phases   ] GC(13)   Post Evacuate Collection Set: 0.7ms
[2025-02-01T13:28:57.912+0100][gc,phases   ] GC(13)   Other: 0.2ms
[2025-02-01T13:28:57.912+0100][gc,heap     ] GC(13) Eden regions: 47->0(47)
[2025-02-01T13:28:57.912+0100][gc,heap     ] GC(13) Survivor regions: 4->4(7)
[2025-02-01T13:28:57.912+0100][gc,heap     ] GC(13) Old regions: 20->20
[2025-02-01T13:28:57.912+0100][gc,heap     ] GC(13) Humongous regions: 129->129
[2025-02-01T13:28:57.912+0100][gc,metaspace] GC(13) Metaspace: 43638K(44352K)->43638K(44352K) NonClass: 38506K(38912K)->38506K(38912K) Class: 5131K(5440K)->5131K(5440K)
[2025-02-01T13:28:57.912+0100][gc          ] GC(13) Pause Young (Normal) (G1 Evacuation Pause) 198M->151M(1024M) 15.011ms
[2025-02-01T13:28:57.912+0100][gc,cpu      ] GC(13) User=0.02s Sys=0.02s Real=0.02s
[2025-02-01T14:05:00.101+0100][gc,start    ] GC(14) Pause Young (Normal) (G1 Evacuation Pause)
[2025-02-01T14:05:00.103+0100][gc,task     ] GC(14) Using 8 workers of 8 for evacuation
[2025-02-01T14:05:00.117+0100][gc,phases   ] GC(14)   Pre Evacuate Collection Set: 0.9ms
[2025-02-01T14:05:00.117+0100][gc,phases   ] GC(14)   Merge Heap Roots: 0.2ms
[2025-02-01T14:05:00.117+0100][gc,phases   ] GC(14)   Evacuate Collection Set: 12.1ms
[2025-02-01T14:05:00.117+0100][gc,phases   ] GC(14)   Post Evacuate Collection Set: 0.8ms
[2025-02-01T14:05:00.117+0100][gc,phases   ] GC(14)   Other: 0.3ms
[2025-02-01T14:05:00.117+0100][gc,heap     ] GC(14) Eden regions: 47->0(58)
[2025-02-01T14:05:00.117+0100][gc,heap     ] GC(14) Survivor regions: 4->4(7)
[2025-02-01T14:05:00.117+0100][gc,heap     ] GC(14) Old regions: 20->20
[2025-02-01T14:05:00.117+0100][gc,heap     ] GC(14) Humongous regions: 129->129
[2025-02-01T14:05:00.117+0100][gc,metaspace] GC(14) Metaspace: 43642K(44352K)->43642K(44352K) NonClass: 38511K(38912K)->38511K(38912K) Class: 5131K(5440K)->5131K(5440K)
[2025-02-01T14:05:00.117+0100][gc          ] GC(14) Pause Young (Normal) (G1 Evacuation Pause) 198M->151M(1024M) 16.067ms
[2025-02-01T14:05:00.117+0100][gc,cpu      ] GC(14) User=0.02s Sys=0.02s Real=0.01s
[2025-02-01T14:39:04.863+0100][gc,start    ] GC(15) Pause Young (Normal) (G1 Evacuation Pause)
[2025-02-01T14:39:04.865+0100][gc,task     ] GC(15) Using 8 workers of 8 for evacuation
[2025-02-01T14:39:04.875+0100][gc,phases   ] GC(15)   Pre Evacuate Collection Set: 0.6ms
[2025-02-01T14:39:04.875+0100][gc,phases   ] GC(15)   Merge Heap Roots: 0.1ms
[2025-02-01T14:39:04.875+0100][gc,phases   ] GC(15)   Evacuate Collection Set: 9.2ms
[2025-02-01T14:39:04.875+0100][gc,phases   ] GC(15)   Post Evacuate Collection Set: 0.4ms
[2025-02-01T14:39:04.875+0100][gc,phases   ] GC(15)   Other: 0.1ms
[2025-02-01T14:39:04.875+0100][gc,heap     ] GC(15) Eden regions: 59->0(135)
[2025-02-01T14:39:04.875+0100][gc,heap     ] GC(15) Survivor regions: 4->5(8)
[2025-02-01T14:39:04.875+0100][gc,heap     ] GC(15) Old regions: 20->20
[2025-02-01T14:39:04.875+0100][gc,heap     ] GC(15) Humongous regions: 129->129
[2025-02-01T14:39:04.875+0100][gc,metaspace] GC(15) Metaspace: 43828K(44480K)->43828K(44480K) NonClass: 38685K(39040K)->38685K(39040K) Class: 5143K(5440K)->5143K(5440K)
[2025-02-01T14:39:04.875+0100][gc          ] GC(15) Pause Young (Normal) (G1 Evacuation Pause) 210M->152M(1024M) 12.058ms
[2025-02-01T14:39:04.875+0100][gc,cpu      ] GC(15) User=0.02s Sys=0.02s Real=0.01s
[2025-02-01T14:52:08.670+0100][gc,start    ] GC(16) Pause Young (Normal) (G1 Evacuation Pause)
[2025-02-01T14:52:08.672+0100][gc,task     ] GC(16) Using 8 workers of 8 for evacuation
[2025-02-01T14:52:08.686+0100][gc,phases   ] GC(16)   Pre Evacuate Collection Set: 1.5ms
[2025-02-01T14:52:08.686+0100][gc,phases   ] GC(16)   Merge Heap Roots: 0.3ms
[2025-02-01T14:52:08.686+0100][gc,phases   ] GC(16)   Evacuate Collection Set: 11.3ms
[2025-02-01T14:52:08.686+0100][gc,phases   ] GC(16)   Post Evacuate Collection Set: 0.6ms
[2025-02-01T14:52:08.686+0100][gc,phases   ] GC(16)   Other: 0.4ms
[2025-02-01T14:52:08.686+0100][gc,heap     ] GC(16) Eden regions: 117->0(349)
[2025-02-01T14:52:08.686+0100][gc,heap     ] GC(16) Survivor regions: 5->4(16)
[2025-02-01T14:52:08.686+0100][gc,heap     ] GC(16) Old regions: 20->20
[2025-02-01T14:52:08.686+0100][gc,heap     ] GC(16) Humongous regions: 129->129
[2025-02-01T14:52:08.686+0100][gc,metaspace] GC(16) Metaspace: 43853K(44480K)->43853K(44480K) NonClass: 38710K(39040K)->38710K(39040K) Class: 5143K(5440K)->5143K(5440K)
[2025-02-01T14:52:08.686+0100][gc          ] GC(16) Pause Young (Normal) (G1 Evacuation Pause) 269M->152M(1024M) 16.168ms
[2025-02-01T14:52:08.686+0100][gc,cpu      ] GC(16) User=0.03s Sys=0.01s Real=0.01s
[2025-02-01T16:04:25.059+0100][gc,start    ] GC(17) Pause Young (Normal) (G1 Evacuation Pause)
[2025-02-01T16:04:25.060+0100][gc,task     ] GC(17) Using 8 workers of 8 for evacuation
[2025-02-01T16:04:25.071+0100][gc,phases   ] GC(17)   Pre Evacuate Collection Set: 0.6ms
[2025-02-01T16:04:25.072+0100][gc,phases   ] GC(17)   Merge Heap Roots: 0.1ms
[2025-02-01T16:04:25.072+0100][gc,phases   ] GC(17)   Evacuate Collection Set: 9.9ms
[2025-02-01T16:04:25.072+0100][gc,phases   ] GC(17)   Post Evacuate Collection Set: 0.5ms
[2025-02-01T16:04:25.072+0100][gc,phases   ] GC(17)   Other: 0.1ms
[2025-02-01T16:04:25.072+0100][gc,heap     ] GC(17) Eden regions: 335->0(129)
[2025-02-01T16:04:25.072+0100][gc,heap     ] GC(17) Survivor regions: 4->5(43)
[2025-02-01T16:04:25.072+0100][gc,heap     ] GC(17) Old regions: 20->20
[2025-02-01T16:04:25.072+0100][gc,heap     ] GC(17) Humongous regions: 185->129
[2025-02-01T16:04:25.072+0100][gc,metaspace] GC(17) Metaspace: 44281K(44928K)->44281K(44928K) NonClass: 39136K(39488K)->39136K(39488K) Class: 5145K(5440K)->5145K(5440K)
[2025-02-01T16:04:25.072+0100][gc          ] GC(17) Pause Young (Normal) (G1 Evacuation Pause) 543M->152M(1024M) 12.357ms
[2025-02-01T16:04:25.072+0100][gc,cpu      ] GC(17) User=0.02s Sys=0.03s Real=0.02s
[2025-02-01T16:05:25.657+0100][gc,start    ] GC(18) Pause Young (Normal) (G1 Evacuation Pause)
[2025-02-01T16:05:25.658+0100][gc,task     ] GC(18) Using 8 workers of 8 for evacuation
[2025-02-01T16:05:25.661+0100][gc,phases   ] GC(18)   Pre Evacuate Collection Set: 0.2ms
[2025-02-01T16:05:25.661+0100][gc,phases   ] GC(18)   Merge Heap Roots: 0.0ms
[2025-02-01T16:05:25.661+0100][gc,phases   ] GC(18)   Evacuate Collection Set: 3.1ms
[2025-02-01T16:05:25.661+0100][gc,phases   ] GC(18)   Post Evacuate Collection Set: 0.2ms
[2025-02-01T16:05:25.661+0100][gc,phases   ] GC(18)   Other: 0.0ms
[2025-02-01T16:05:25.661+0100][gc,heap     ] GC(18) Eden regions: 129->0(571)
[2025-02-01T16:05:25.661+0100][gc,heap     ] GC(18) Survivor regions: 5->5(17)
[2025-02-01T16:05:25.661+0100][gc,heap     ] GC(18) Old regions: 20->20
[2025-02-01T16:05:25.661+0100][gc,heap     ] GC(18) Humongous regions: 199->129
[2025-02-01T16:05:25.661+0100][gc,metaspace] GC(18) Metaspace: 44299K(44928K)->44299K(44928K) NonClass: 39154K(39488K)->39154K(39488K) Class: 5145K(5440K)->5145K(5440K)
[2025-02-01T16:05:25.661+0100][gc          ] GC(18) Pause Young (Normal) (G1 Evacuation Pause) 351M->152M(1024M) 3.978ms
[2025-02-01T16:05:25.661+0100][gc,cpu      ] GC(18) User=0.01s Sys=0.00s Real=0.01s
[2025-02-01T16:17:23.820+0100][gc,start    ] GC(19) Pause Young (Concurrent Start) (G1 Humongous Allocation)
[2025-02-01T16:17:23.822+0100][gc,task     ] GC(19) Using 8 workers of 8 for evacuation
[2025-02-01T16:17:23.834+0100][gc,phases   ] GC(19)   Pre Evacuate Collection Set: 2.1ms
[2025-02-01T16:17:23.834+0100][gc,phases   ] GC(19)   Merge Heap Roots: 0.3ms
[2025-02-01T16:17:23.834+0100][gc,phases   ] GC(19)   Evacuate Collection Set: 7.9ms
[2025-02-01T16:17:23.834+0100][gc,phases   ] GC(19)   Post Evacuate Collection Set: 1.6ms
[2025-02-01T16:17:23.834+0100][gc,phases   ] GC(19)   Other: 0.2ms
[2025-02-01T16:17:23.834+0100][gc,heap     ] GC(19) Eden regions: 479->0(609)
[2025-02-01T16:17:23.834+0100][gc,heap     ] GC(19) Survivor regions: 5->5(72)
[2025-02-01T16:17:23.834+0100][gc,heap     ] GC(19) Old regions: 20->20
[2025-02-01T16:17:23.834+0100][gc,heap     ] GC(19) Humongous regions: 338->130
[2025-02-01T16:17:23.834+0100][gc,metaspace] GC(19) Metaspace: 44391K(45056K)->44391K(45056K) NonClass: 39245K(39616K)->39245K(39616K) Class: 5145K(5440K)->5145K(5440K)
[2025-02-01T16:17:23.834+0100][gc          ] GC(19) Pause Young (Concurrent Start) (G1 Humongous Allocation) 840M->153M(1024M) 13.740ms
[2025-02-01T16:17:23.834+0100][gc,cpu      ] GC(19) User=0.02s Sys=0.02s Real=0.01s
[2025-02-01T16:17:23.834+0100][gc          ] GC(20) Concurrent Undo Cycle
[2025-02-01T16:17:23.834+0100][gc,marking  ] GC(20) Concurrent Clear Claimed Marks
[2025-02-01T16:17:23.834+0100][gc,marking  ] GC(20) Concurrent Clear Claimed Marks 0.058ms
[2025-02-01T16:17:23.834+0100][gc,marking  ] GC(20) Concurrent Cleanup for Next Mark
[2025-02-01T16:17:23.834+0100][gc,marking  ] GC(20) Concurrent Cleanup for Next Mark 0.119ms
[2025-02-01T16:17:23.835+0100][gc          ] GC(20) Concurrent Undo Cycle 0.918ms
[2025-02-01T16:24:59.809+0100][gc,start    ] GC(21) Pause Young (Normal) (G1 Evacuation Pause)
[2025-02-01T16:24:59.809+0100][gc,task     ] GC(21) Using 8 workers of 8 for evacuation
[2025-02-01T16:24:59.837+0100][gc,mmu      ] GC(21) MMU target violated: 21.0ms (20.0ms/21.0ms)
[2025-02-01T16:24:59.837+0100][gc,phases   ] GC(21)   Pre Evacuate Collection Set: 2.3ms
[2025-02-01T16:24:59.837+0100][gc,phases   ] GC(21)   Merge Heap Roots: 0.3ms
[2025-02-01T16:24:59.837+0100][gc,phases   ] GC(21)   Evacuate Collection Set: 23.7ms
[2025-02-01T16:24:59.837+0100][gc,phases   ] GC(21)   Post Evacuate Collection Set: 0.9ms
[2025-02-01T16:24:59.837+0100][gc,phases   ] GC(21)   Other: 0.2ms
[2025-02-01T16:24:59.837+0100][gc,heap     ] GC(21) Eden regions: 609->0(307)
[2025-02-01T16:24:59.837+0100][gc,heap     ] GC(21) Survivor regions: 5->5(77)
[2025-02-01T16:24:59.837+0100][gc,heap     ] GC(21) Old regions: 20->20
[2025-02-01T16:24:59.837+0100][gc,heap     ] GC(21) Humongous regions: 273->129
[2025-02-01T16:24:59.837+0100][gc,metaspace] GC(21) Metaspace: 44464K(45120K)->44464K(45120K) NonClass: 39319K(39680K)->39319K(39680K) Class: 5145K(5440K)->5145K(5440K)
[2025-02-01T16:24:59.837+0100][gc          ] GC(21) Pause Young (Normal) (G1 Evacuation Pause) 905M->152M(1024M) 28.189ms
[2025-02-01T16:24:59.837+0100][gc,cpu      ] GC(21) User=0.02s Sys=0.02s Real=0.03s
[2025-02-01T17:38:41.996+0100][gc,start    ] GC(22) Pause Young (Normal) (G1 Evacuation Pause)
[2025-02-01T17:38:41.997+0100][gc,task     ] GC(22) Using 8 workers of 8 for evacuation
[2025-02-01T17:38:42.012+0100][gc,phases   ] GC(22)   Pre Evacuate Collection Set: 0.6ms
[2025-02-01T17:38:42.012+0100][gc,phases   ] GC(22)   Merge Heap Roots: 0.1ms
[2025-02-01T17:38:42.012+0100][gc,phases   ] GC(22)   Evacuate Collection Set: 13.2ms
[2025-02-01T17:38:42.012+0100][gc,phases   ] GC(22)   Post Evacuate Collection Set: 1.0ms
[2025-02-01T17:38:42.012+0100][gc,phases   ] GC(22)   Other: 0.1ms
[2025-02-01T17:38:42.012+0100][gc,heap     ] GC(22) Eden regions: 292->0(608)
[2025-02-01T17:38:42.012+0100][gc,heap     ] GC(22) Survivor regions: 5->6(38)
[2025-02-01T17:38:42.012+0100][gc,heap     ] GC(22) Old regions: 20->20
[2025-02-01T17:38:42.012+0100][gc,heap     ] GC(22) Humongous regions: 191->129
[2025-02-01T17:38:42.012+0100][gc,metaspace] GC(22) Metaspace: 44490K(45120K)->44490K(45120K) NonClass: 39344K(39680K)->39344K(39680K) Class: 5145K(5440K)->5145K(5440K)
[2025-02-01T17:38:42.012+0100][gc          ] GC(22) Pause Young (Normal) (G1 Evacuation Pause) 506M->153M(1024M) 15.401ms
[2025-02-01T17:38:42.012+0100][gc,cpu      ] GC(22) User=0.01s Sys=0.02s Real=0.02s
[2025-02-01T17:40:51.529+0100][gc,start    ] GC(23) Pause Young (Normal) (G1 Evacuation Pause)
[2025-02-01T17:40:51.531+0100][gc,task     ] GC(23) Using 8 workers of 8 for evacuation
[2025-02-01T17:40:51.537+0100][gc,phases   ] GC(23)   Pre Evacuate Collection Set: 0.6ms
[2025-02-01T17:40:51.537+0100][gc,phases   ] GC(23)   Merge Heap Roots: 0.1ms
[2025-02-01T17:40:51.537+0100][gc,phases   ] GC(23)   Evacuate Collection Set: 4.6ms
[2025-02-01T17:40:51.537+0100][gc,phases   ] GC(23)   Post Evacuate Collection Set: 0.9ms
[2025-02-01T17:40:51.537+0100][gc,phases   ] GC(23)   Other: 0.1ms
[2025-02-01T17:40:51.537+0100][gc,heap     ] GC(23) Eden regions: 608->0(609)
[2025-02-01T17:40:51.537+0100][gc,heap     ] GC(23) Survivor regions: 6->5(77)
[2025-02-01T17:40:51.537+0100][gc,heap     ] GC(23) Old regions: 20->20
[2025-02-01T17:40:51.537+0100][gc,heap     ] GC(23) Humongous regions: 313->129
[2025-02-01T17:40:51.537+0100][gc,metaspace] GC(23) Metaspace: 44498K(45120K)->44498K(45120K) NonClass: 39353K(39680K)->39353K(39680K) Class: 5145K(5440K)->5145K(5440K)
[2025-02-01T17:40:51.537+0100][gc          ] GC(23) Pause Young (Normal) (G1 Evacuation Pause) 945M->152M(1024M) 7.642ms
[2025-02-01T17:40:51.537+0100][gc,cpu      ] GC(23) User=0.01s Sys=0.01s Real=0.01s
[2025-02-01T17:42:39.762+0100][gc,start    ] GC(24) Pause Young (Normal) (G1 Evacuation Pause)
[2025-02-01T17:42:39.763+0100][gc,task     ] GC(24) Using 8 workers of 8 for evacuation
[2025-02-01T17:42:39.771+0100][gc,phases   ] GC(24)   Pre Evacuate Collection Set: 0.6ms
[2025-02-01T17:42:39.771+0100][gc,phases   ] GC(24)   Merge Heap Roots: 0.1ms
[2025-02-01T17:42:39.771+0100][gc,phases   ] GC(24)   Evacuate Collection Set: 5.1ms
[2025-02-01T17:42:39.771+0100][gc,phases   ] GC(24)   Post Evacuate Collection Set: 2.5ms
[2025-02-01T17:42:39.771+0100][gc,phases   ] GC(24)   Other: 0.1ms
[2025-02-01T17:42:39.771+0100][gc,heap     ] GC(24) Eden regions: 609->0(609)
[2025-02-01T17:42:39.771+0100][gc,heap     ] GC(24) Survivor regions: 5->5(77)
[2025-02-01T17:42:39.771+0100][gc,heap     ] GC(24) Old regions: 20->20
[2025-02-01T17:42:39.771+0100][gc,heap     ] GC(24) Humongous regions: 309->129
[2025-02-01T17:42:39.771+0100][gc,metaspace] GC(24) Metaspace: 44521K(45184K)->44521K(45184K) NonClass: 39375K(39744K)->39375K(39744K) Class: 5145K(5440K)->5145K(5440K)
[2025-02-01T17:42:39.771+0100][gc          ] GC(24) Pause Young (Normal) (G1 Evacuation Pause) 941M->153M(1024M) 9.461ms
[2025-02-01T17:42:39.771+0100][gc,cpu      ] GC(24) User=0.02s Sys=0.01s Real=0.01s
[2025-02-01T17:44:20.875+0100][gc,start    ] GC(25) Pause Young (Concurrent Start) (G1 Humongous Allocation)
[2025-02-01T17:44:20.875+0100][gc,task     ] GC(25) Using 8 workers of 8 for evacuation
[2025-02-01T17:44:20.885+0100][gc,phases   ] GC(25)   Pre Evacuate Collection Set: 0.6ms
[2025-02-01T17:44:20.885+0100][gc,phases   ] GC(25)   Merge Heap Roots: 0.1ms
[2025-02-01T17:44:20.885+0100][gc,phases   ] GC(25)   Evacuate Collection Set: 7.4ms
[2025-02-01T17:44:20.885+0100][gc,phases   ] GC(25)   Post Evacuate Collection Set: 0.9ms
[2025-02-01T17:44:20.885+0100][gc,phases   ] GC(25)   Other: 0.1ms
[2025-02-01T17:44:20.885+0100][gc,heap     ] GC(25) Eden regions: 534->0(609)
[2025-02-01T17:44:20.885+0100][gc,heap     ] GC(25) Survivor regions: 5->5(77)
[2025-02-01T17:44:20.885+0100][gc,heap     ] GC(25) Old regions: 20->20
[2025-02-01T17:44:20.885+0100][gc,heap     ] GC(25) Humongous regions: 338->131
[2025-02-01T17:44:20.885+0100][gc,metaspace] GC(25) Metaspace: 44522K(45184K)->44522K(45184K) NonClass: 39376K(39744K)->39376K(39744K) Class: 5145K(5440K)->5145K(5440K)
[2025-02-01T17:44:20.885+0100][gc          ] GC(25) Pause Young (Concurrent Start) (G1 Humongous Allocation) 895M->154M(1024M) 9.689ms
[2025-02-01T17:44:20.885+0100][gc          ] GC(26) Concurrent Undo Cycle
[2025-02-01T17:44:20.885+0100][gc,cpu      ] GC(25) User=0.01s Sys=0.01s Real=0.01s
[2025-02-01T17:44:20.885+0100][gc,marking  ] GC(26) Concurrent Clear Claimed Marks
[2025-02-01T17:44:20.885+0100][gc,marking  ] GC(26) Concurrent Clear Claimed Marks 0.046ms
[2025-02-01T17:44:20.885+0100][gc,marking  ] GC(26) Concurrent Cleanup for Next Mark
[2025-02-01T17:44:20.885+0100][gc,marking  ] GC(26) Concurrent Cleanup for Next Mark 0.082ms
[2025-02-01T17:44:20.885+0100][gc          ] GC(26) Concurrent Undo Cycle 0.170ms
[2025-02-01T17:46:09.945+0100][gc,start    ] GC(27) Pause Young (Normal) (G1 Evacuation Pause)
[2025-02-01T17:46:09.946+0100][gc,task     ] GC(27) Using 8 workers of 8 for evacuation
[2025-02-01T17:46:09.952+0100][gc,phases   ] GC(27)   Pre Evacuate Collection Set: 0.5ms
[2025-02-01T17:46:09.952+0100][gc,phases   ] GC(27)   Merge Heap Roots: 0.1ms
[2025-02-01T17:46:09.952+0100][gc,phases   ] GC(27)   Evacuate Collection Set: 5.0ms
[2025-02-01T17:46:09.952+0100][gc,phases   ] GC(27)   Post Evacuate Collection Set: 0.5ms
[2025-02-01T17:46:09.952+0100][gc,phases   ] GC(27)   Other: 0.1ms
[2025-02-01T17:46:09.952+0100][gc,heap     ] GC(27) Eden regions: 609->0(609)
[2025-02-01T17:46:09.952+0100][gc,heap     ] GC(27) Survivor regions: 5->5(77)
[2025-02-01T17:46:09.952+0100][gc,heap     ] GC(27) Old regions: 20->20
[2025-02-01T17:46:09.952+0100][gc,heap     ] GC(27) Humongous regions: 162->129
[2025-02-01T17:46:09.952+0100][gc,metaspace] GC(27) Metaspace: 44522K(45184K)->44522K(45184K) NonClass: 39376K(39744K)->39376K(39744K) Class: 5145K(5440K)->5145K(5440K)
[2025-02-01T17:46:09.952+0100][gc          ] GC(27) Pause Young (Normal) (G1 Evacuation Pause) 794M->153M(1024M) 7.155ms
[2025-02-01T17:46:09.952+0100][gc,cpu      ] GC(27) User=0.01s Sys=0.01s Real=0.01s
[2025-02-01T17:46:15.062+0100][gc,start    ] GC(28) Pause Young (Concurrent Start) (G1 Humongous Allocation)
[2025-02-01T17:46:15.062+0100][gc,task     ] GC(28) Using 8 workers of 8 for evacuation
[2025-02-01T17:46:15.066+0100][gc,phases   ] GC(28)   Pre Evacuate Collection Set: 0.3ms
[2025-02-01T17:46:15.066+0100][gc,phases   ] GC(28)   Merge Heap Roots: 0.1ms
[2025-02-01T17:46:15.066+0100][gc,phases   ] GC(28)   Evacuate Collection Set: 2.8ms
[2025-02-01T17:46:15.066+0100][gc,phases   ] GC(28)   Post Evacuate Collection Set: 0.7ms
[2025-02-01T17:46:15.066+0100][gc,phases   ] GC(28)   Other: 0.1ms
[2025-02-01T17:46:15.066+0100][gc,heap     ] GC(28) Eden regions: 370->0(610)
[2025-02-01T17:46:15.066+0100][gc,heap     ] GC(28) Survivor regions: 5->4(77)
[2025-02-01T17:46:15.066+0100][gc,heap     ] GC(28) Old regions: 20->21
[2025-02-01T17:46:15.066+0100][gc,heap     ] GC(28) Humongous regions: 338->133
[2025-02-01T17:46:15.066+0100][gc,metaspace] GC(28) Metaspace: 44522K(45184K)->44522K(45184K) NonClass: 39376K(39744K)->39376K(39744K) Class: 5145K(5440K)->5145K(5440K)
[2025-02-01T17:46:15.067+0100][gc          ] GC(28) Pause Young (Concurrent Start) (G1 Humongous Allocation) 732M->157M(1024M) 4.110ms
[2025-02-01T17:46:15.067+0100][gc,cpu      ] GC(28) User=0.01s Sys=0.00s Real=0.00s
[2025-02-01T17:46:15.067+0100][gc          ] GC(29) Concurrent Undo Cycle
[2025-02-01T17:46:15.067+0100][gc,marking  ] GC(29) Concurrent Clear Claimed Marks
[2025-02-01T17:46:15.067+0100][gc,marking  ] GC(29) Concurrent Clear Claimed Marks 0.041ms
[2025-02-01T17:46:15.067+0100][gc,marking  ] GC(29) Concurrent Cleanup for Next Mark
[2025-02-01T17:46:15.067+0100][gc,marking  ] GC(29) Concurrent Cleanup for Next Mark 0.142ms
[2025-02-01T17:46:15.067+0100][gc          ] GC(29) Concurrent Undo Cycle 0.227ms
[2025-02-01T17:48:24.819+0100][gc,start    ] GC(30) Pause Young (Normal) (G1 Evacuation Pause)
[2025-02-01T17:48:24.820+0100][gc,task     ] GC(30) Using 8 workers of 8 for evacuation
[2025-02-01T17:48:24.826+0100][gc,phases   ] GC(30)   Pre Evacuate Collection Set: 0.6ms
[2025-02-01T17:48:24.826+0100][gc,phases   ] GC(30)   Merge Heap Roots: 0.1ms
[2025-02-01T17:48:24.826+0100][gc,phases   ] GC(30)   Evacuate Collection Set: 4.3ms
[2025-02-01T17:48:24.826+0100][gc,phases   ] GC(30)   Post Evacuate Collection Set: 1.0ms
[2025-02-01T17:48:24.826+0100][gc,phases   ] GC(30)   Other: 0.1ms
[2025-02-01T17:48:24.826+0100][gc,heap     ] GC(30) Eden regions: 610->0(609)
[2025-02-01T17:48:24.826+0100][gc,heap     ] GC(30) Survivor regions: 4->5(77)
[2025-02-01T17:48:24.826+0100][gc,heap     ] GC(30) Old regions: 21->21
[2025-02-01T17:48:24.826+0100][gc,heap     ] GC(30) Humongous regions: 284->129
[2025-02-01T17:48:24.826+0100][gc,metaspace] GC(30) Metaspace: 44523K(45184K)->44523K(45184K) NonClass: 39377K(39744K)->39377K(39744K) Class: 5145K(5440K)->5145K(5440K)
[2025-02-01T17:48:24.826+0100][gc          ] GC(30) Pause Young (Normal) (G1 Evacuation Pause) 918M->153M(1024M) 6.729ms
[2025-02-01T17:48:24.826+0100][gc,cpu      ] GC(30) User=0.01s Sys=0.01s Real=0.01s
[2025-02-01T17:55:11.400+0100][gc,start    ] GC(31) Pause Young (Normal) (G1 Evacuation Pause)
[2025-02-01T17:55:11.401+0100][gc,task     ] GC(31) Using 8 workers of 8 for evacuation
[2025-02-01T17:55:11.405+0100][gc,phases   ] GC(31)   Pre Evacuate Collection Set: 0.4ms
[2025-02-01T17:55:11.405+0100][gc,phases   ] GC(31)   Merge Heap Roots: 0.1ms
[2025-02-01T17:55:11.405+0100][gc,phases   ] GC(31)   Evacuate Collection Set: 3.2ms
[2025-02-01T17:55:11.405+0100][gc,phases   ] GC(31)   Post Evacuate Collection Set: 0.8ms
[2025-02-01T17:55:11.405+0100][gc,phases   ] GC(31)   Other: 0.1ms
[2025-02-01T17:55:11.405+0100][gc,heap     ] GC(31) Eden regions: 609->0(610)
[2025-02-01T17:55:11.405+0100][gc,heap     ] GC(31) Survivor regions: 5->4(76)
[2025-02-01T17:55:11.405+0100][gc,heap     ] GC(31) Old regions: 21->21
[2025-02-01T17:55:11.405+0100][gc,heap     ] GC(31) Humongous regions: 313->129
[2025-02-01T17:55:11.405+0100][gc,metaspace] GC(31) Metaspace: 44523K(45184K)->44523K(45184K) NonClass: 39377K(39744K)->39377K(39744K) Class: 5145K(5440K)->5145K(5440K)
[2025-02-01T17:55:11.405+0100][gc          ] GC(31) Pause Young (Normal) (G1 Evacuation Pause) 946M->153M(1024M) 5.030ms
[2025-02-01T17:55:11.405+0100][gc,cpu      ] GC(31) User=0.01s Sys=0.01s Real=0.00s
[2025-02-01T17:57:07.950+0100][gc,start    ] GC(32) Pause Young (Normal) (G1 Evacuation Pause)
[2025-02-01T17:57:07.952+0100][gc,task     ] GC(32) Using 8 workers of 8 for evacuation
[2025-02-01T17:57:07.954+0100][gc,phases   ] GC(32)   Pre Evacuate Collection Set: 0.1ms
[2025-02-01T17:57:07.954+0100][gc,phases   ] GC(32)   Merge Heap Roots: 0.1ms
[2025-02-01T17:57:07.954+0100][gc,phases   ] GC(32)   Evacuate Collection Set: 2.1ms
[2025-02-01T17:57:07.954+0100][gc,phases   ] GC(32)   Post Evacuate Collection Set: 0.3ms
[2025-02-01T17:57:07.954+0100][gc,phases   ] GC(32)   Other: 0.1ms
[2025-02-01T17:57:07.954+0100][gc,heap     ] GC(32) Eden regions: 610->0(609)
[2025-02-01T17:57:07.954+0100][gc,heap     ] GC(32) Survivor regions: 4->5(77)
[2025-02-01T17:57:07.954+0100][gc,heap     ] GC(32) Old regions: 21->21
[2025-02-01T17:57:07.954+0100][gc,heap     ] GC(32) Humongous regions: 309->129
[2025-02-01T17:57:07.954+0100][gc,metaspace] GC(32) Metaspace: 44523K(45184K)->44523K(45184K) NonClass: 39377K(39744K)->39377K(39744K) Class: 5145K(5440K)->5145K(5440K)
[2025-02-01T17:57:07.954+0100][gc          ] GC(32) Pause Young (Normal) (G1 Evacuation Pause) 943M->153M(1024M) 4.026ms
[2025-02-01T17:57:07.954+0100][gc,cpu      ] GC(32) User=0.01s Sys=0.01s Real=0.00s
[2025-02-01T17:58:50.473+0100][gc,start    ] GC(33) Pause Young (Normal) (G1 Evacuation Pause)
[2025-02-01T17:58:50.474+0100][gc,task     ] GC(33) Using 8 workers of 8 for evacuation
[2025-02-01T17:58:50.479+0100][gc,phases   ] GC(33)   Pre Evacuate Collection Set: 0.5ms
[2025-02-01T17:58:50.479+0100][gc,phases   ] GC(33)   Merge Heap Roots: 0.1ms
[2025-02-01T17:58:50.479+0100][gc,phases   ] GC(33)   Evacuate Collection Set: 3.5ms
[2025-02-01T17:58:50.479+0100][gc,phases   ] GC(33)   Post Evacuate Collection Set: 0.6ms
[2025-02-01T17:58:50.479+0100][gc,phases   ] GC(33)   Other: 0.1ms
[2025-02-01T17:58:50.479+0100][gc,heap     ] GC(33) Eden regions: 609->0(610)
[2025-02-01T17:58:50.479+0100][gc,heap     ] GC(33) Survivor regions: 5->4(77)
[2025-02-01T17:58:50.479+0100][gc,heap     ] GC(33) Old regions: 21->22
[2025-02-01T17:58:50.479+0100][gc,heap     ] GC(33) Humongous regions: 131->129
[2025-02-01T17:58:50.479+0100][gc,metaspace] GC(33) Metaspace: 44523K(45184K)->44523K(45184K) NonClass: 39377K(39744K)->39377K(39744K) Class: 5145K(5440K)->5145K(5440K)
[2025-02-01T17:58:50.479+0100][gc          ] GC(33) Pause Young (Normal) (G1 Evacuation Pause) 764M->153M(1024M) 5.869ms
[2025-02-01T17:58:50.479+0100][gc,cpu      ] GC(33) User=0.00s Sys=0.01s Real=0.00s
[2025-02-01T17:58:53.805+0100][gc,start    ] GC(34) Pause Young (Concurrent Start) (G1 Humongous Allocation)
[2025-02-01T17:58:53.805+0100][gc,task     ] GC(34) Using 8 workers of 8 for evacuation
[2025-02-01T17:58:53.808+0100][gc,phases   ] GC(34)   Pre Evacuate Collection Set: 0.2ms
[2025-02-01T17:58:53.808+0100][gc,phases   ] GC(34)   Merge Heap Roots: 0.0ms
[2025-02-01T17:58:53.808+0100][gc,phases   ] GC(34)   Evacuate Collection Set: 2.2ms
[2025-02-01T17:58:53.808+0100][gc,phases   ] GC(34)   Post Evacuate Collection Set: 0.8ms
[2025-02-01T17:58:53.808+0100][gc,phases   ] GC(34)   Other: 0.1ms
[2025-02-01T17:58:53.808+0100][gc,heap     ] GC(34) Eden regions: 45->0(611)
[2025-02-01T17:58:53.808+0100][gc,heap     ] GC(34) Survivor regions: 4->3(77)
[2025-02-01T17:58:53.808+0100][gc,heap     ] GC(34) Old regions: 22->22
[2025-02-01T17:58:53.808+0100][gc,heap     ] GC(34) Humongous regions: 336->131
[2025-02-01T17:58:53.808+0100][gc,metaspace] GC(34) Metaspace: 44523K(45184K)->44523K(45184K) NonClass: 39377K(39744K)->39377K(39744K) Class: 5145K(5440K)->5145K(5440K)
[2025-02-01T17:58:53.808+0100][gc          ] GC(34) Pause Young (Concurrent Start) (G1 Humongous Allocation) 405M->155M(1024M) 3.506ms
[2025-02-01T17:58:53.808+0100][gc,cpu      ] GC(34) User=0.01s Sys=0.01s Real=0.00s
[2025-02-01T17:58:53.808+0100][gc          ] GC(35) Concurrent Undo Cycle
[2025-02-01T17:58:53.808+0100][gc,marking  ] GC(35) Concurrent Clear Claimed Marks
[2025-02-01T17:58:53.808+0100][gc,marking  ] GC(35) Concurrent Clear Claimed Marks 0.035ms
[2025-02-01T17:58:53.808+0100][gc,marking  ] GC(35) Concurrent Cleanup for Next Mark
[2025-02-01T17:58:53.808+0100][gc,marking  ] GC(35) Concurrent Cleanup for Next Mark 0.067ms
[2025-02-01T17:58:53.808+0100][gc          ] GC(35) Concurrent Undo Cycle 0.134ms
[2025-02-01T18:00:51.098+0100][gc,start    ] GC(36) Pause Young (Normal) (G1 Evacuation Pause)
[2025-02-01T18:00:51.099+0100][gc,task     ] GC(36) Using 8 workers of 8 for evacuation
[2025-02-01T18:00:51.103+0100][gc,phases   ] GC(36)   Pre Evacuate Collection Set: 0.3ms
[2025-02-01T18:00:51.103+0100][gc,phases   ] GC(36)   Merge Heap Roots: 0.1ms
[2025-02-01T18:00:51.103+0100][gc,phases   ] GC(36)   Evacuate Collection Set: 2.8ms
[2025-02-01T18:00:51.103+0100][gc,phases   ] GC(36)   Post Evacuate Collection Set: 0.3ms
[2025-02-01T18:00:51.103+0100][gc,phases   ] GC(36)   Other: 0.1ms
[2025-02-01T18:00:51.103+0100][gc,heap     ] GC(36) Eden regions: 611->0(610)
[2025-02-01T18:00:51.103+0100][gc,heap     ] GC(36) Survivor regions: 3->4(77)
[2025-02-01T18:00:51.103+0100][gc,heap     ] GC(36) Old regions: 22->22
[2025-02-01T18:00:51.103+0100][gc,heap     ] GC(36) Humongous regions: 162->129
[2025-02-01T18:00:51.103+0100][gc,metaspace] GC(36) Metaspace: 44523K(45184K)->44523K(45184K) NonClass: 39377K(39744K)->39377K(39744K) Class: 5145K(5440K)->5145K(5440K)
[2025-02-01T18:00:51.103+0100][gc          ] GC(36) Pause Young (Normal) (G1 Evacuation Pause) 797M->153M(1024M) 4.734ms
[2025-02-01T18:00:51.103+0100][gc,cpu      ] GC(36) User=0.01s Sys=0.00s Real=0.01s
[2025-02-01T18:00:56.279+0100][gc,start    ] GC(37) Pause Young (Concurrent Start) (G1 Humongous Allocation)
[2025-02-01T18:00:56.279+0100][gc,task     ] GC(37) Using 8 workers of 8 for evacuation
[2025-02-01T18:00:56.282+0100][gc,phases   ] GC(37)   Pre Evacuate Collection Set: 0.4ms
[2025-02-01T18:00:56.282+0100][gc,phases   ] GC(37)   Merge Heap Roots: 0.1ms
[2025-02-01T18:00:56.282+0100][gc,phases   ] GC(37)   Evacuate Collection Set: 1.5ms
[2025-02-01T18:00:56.282+0100][gc,phases   ] GC(37)   Post Evacuate Collection Set: 0.3ms
[2025-02-01T18:00:56.282+0100][gc,phases   ] GC(37)   Other: 0.1ms
[2025-02-01T18:00:56.282+0100][gc,heap     ] GC(37) Eden regions: 367->0(611)
[2025-02-01T18:00:56.282+0100][gc,heap     ] GC(37) Survivor regions: 4->3(77)
[2025-02-01T18:00:56.282+0100][gc,heap     ] GC(37) Old regions: 22->22
[2025-02-01T18:00:56.282+0100][gc,heap     ] GC(37) Humongous regions: 336->130
[2025-02-01T18:00:56.282+0100][gc,metaspace] GC(37) Metaspace: 44523K(45184K)->44523K(45184K) NonClass: 39377K(39744K)->39377K(39744K) Class: 5145K(5440K)->5145K(5440K)
[2025-02-01T18:00:56.282+0100][gc          ] GC(37) Pause Young (Concurrent Start) (G1 Humongous Allocation) 727M->154M(1024M) 2.556ms
[2025-02-01T18:00:56.282+0100][gc          ] GC(38) Concurrent Undo Cycle
[2025-02-01T18:00:56.282+0100][gc,cpu      ] GC(37) User=0.01s Sys=0.00s Real=0.01s
[2025-02-01T18:00:56.282+0100][gc,marking  ] GC(38) Concurrent Clear Claimed Marks
[2025-02-01T18:00:56.282+0100][gc,marking  ] GC(38) Concurrent Clear Claimed Marks 0.062ms
[2025-02-01T18:00:56.282+0100][gc,marking  ] GC(38) Concurrent Cleanup for Next Mark
[2025-02-01T18:00:56.282+0100][gc,marking  ] GC(38) Concurrent Cleanup for Next Mark 0.047ms
[2025-02-01T18:00:56.282+0100][gc          ] GC(38) Concurrent Undo Cycle 0.148ms
[2025-02-01T18:03:17.738+0100][gc,start    ] GC(39) Pause Young (Normal) (G1 Evacuation Pause)
[2025-02-01T18:03:17.740+0100][gc,task     ] GC(39) Using 8 workers of 8 for evacuation
[2025-02-01T18:03:17.745+0100][gc,phases   ] GC(39)   Pre Evacuate Collection Set: 1.2ms
[2025-02-01T18:03:17.745+0100][gc,phases   ] GC(39)   Merge Heap Roots: 0.2ms
[2025-02-01T18:03:17.745+0100][gc,phases   ] GC(39)   Evacuate Collection Set: 3.0ms
[2025-02-01T18:03:17.745+0100][gc,phases   ] GC(39)   Post Evacuate Collection Set: 1.3ms
[2025-02-01T18:03:17.745+0100][gc,phases   ] GC(39)   Other: 0.2ms
[2025-02-01T18:03:17.745+0100][gc,heap     ] GC(39) Eden regions: 611->0(610)
[2025-02-01T18:03:17.745+0100][gc,heap     ] GC(39) Survivor regions: 3->4(77)
[2025-02-01T18:03:17.745+0100][gc,heap     ] GC(39) Old regions: 22->22
[2025-02-01T18:03:17.745+0100][gc,heap     ] GC(39) Humongous regions: 287->129
[2025-02-01T18:03:17.745+0100][gc,metaspace] GC(39) Metaspace: 44524K(45184K)->44524K(45184K) NonClass: 39379K(39744K)->39379K(39744K) Class: 5145K(5440K)->5145K(5440K)
[2025-02-01T18:03:17.745+0100][gc          ] GC(39) Pause Young (Normal) (G1 Evacuation Pause) 922M->153M(1024M) 6.929ms
[2025-02-01T18:03:17.745+0100][gc,cpu      ] GC(39) User=0.01s Sys=0.01s Real=0.01s
[2025-02-01T18:09:53.802+0100][gc,start    ] GC(40) Pause Young (Normal) (G1 Evacuation Pause)
[2025-02-01T18:09:53.803+0100][gc,task     ] GC(40) Using 8 workers of 8 for evacuation
[2025-02-01T18:09:53.808+0100][gc,phases   ] GC(40)   Pre Evacuate Collection Set: 0.8ms
[2025-02-01T18:09:53.808+0100][gc,phases   ] GC(40)   Merge Heap Roots: 0.1ms
[2025-02-01T18:09:53.808+0100][gc,phases   ] GC(40)   Evacuate Collection Set: 3.0ms
[2025-02-01T18:09:53.808+0100][gc,phases   ] GC(40)   Post Evacuate Collection Set: 0.9ms
[2025-02-01T18:09:53.808+0100][gc,phases   ] GC(40)   Other: 0.1ms
[2025-02-01T18:09:53.808+0100][gc,heap     ] GC(40) Eden regions: 610->0(610)
[2025-02-01T18:09:53.808+0100][gc,heap     ] GC(40) Survivor regions: 4->4(77)
[2025-02-01T18:09:53.808+0100][gc,heap     ] GC(40) Old regions: 22->22
[2025-02-01T18:09:53.808+0100][gc,heap     ] GC(40) Humongous regions: 251->129
[2025-02-01T18:09:53.808+0100][gc,metaspace] GC(40) Metaspace: 44525K(45184K)->44525K(45184K) NonClass: 39379K(39744K)->39379K(39744K) Class: 5145K(5440K)->5145K(5440K)
[2025-02-01T18:09:53.808+0100][gc          ] GC(40) Pause Young (Normal) (G1 Evacuation Pause) 885M->153M(1024M) 5.829ms
[2025-02-01T18:09:53.808+0100][gc,cpu      ] GC(40) User=0.01s Sys=0.01s Real=0.00s
[2025-02-01T18:14:50.919+0100][gc,start    ] GC(41) Pause Young (Concurrent Start) (G1 Humongous Allocation)
[2025-02-01T18:14:50.920+0100][gc,task     ] GC(41) Using 8 workers of 8 for evacuation
[2025-02-01T18:14:50.925+0100][gc,phases   ] GC(41)   Pre Evacuate Collection Set: 0.4ms
[2025-02-01T18:14:50.926+0100][gc,phases   ] GC(41)   Merge Heap Roots: 0.1ms
[2025-02-01T18:14:50.926+0100][gc,phases   ] GC(41)   Evacuate Collection Set: 4.5ms
[2025-02-01T18:14:50.926+0100][gc,phases   ] GC(41)   Post Evacuate Collection Set: 0.8ms
[2025-02-01T18:14:50.926+0100][gc,phases   ] GC(41)   Other: 0.1ms
[2025-02-01T18:14:50.926+0100][gc,heap     ] GC(41) Eden regions: 314->0(609)
[2025-02-01T18:14:50.926+0100][gc,heap     ] GC(41) Survivor regions: 4->5(77)
[2025-02-01T18:14:50.926+0100][gc,heap     ] GC(41) Old regions: 22->22
[2025-02-01T18:14:50.926+0100][gc,heap     ] GC(41) Humongous regions: 336->130
[2025-02-01T18:14:50.926+0100][gc,metaspace] GC(41) Metaspace: 45192K(45888K)->45192K(45888K) NonClass: 39872K(40256K)->39872K(40256K) Class: 5320K(5632K)->5320K(5632K)
[2025-02-01T18:14:50.926+0100][gc          ] GC(41) Pause Young (Concurrent Start) (G1 Humongous Allocation) 674M->155M(1024M) 7.056ms
[2025-02-01T18:14:50.926+0100][gc          ] GC(42) Concurrent Undo Cycle
[2025-02-01T18:14:50.926+0100][gc,cpu      ] GC(41) User=0.03s Sys=0.01s Real=0.01s
[2025-02-01T18:14:50.926+0100][gc,marking  ] GC(42) Concurrent Clear Claimed Marks
[2025-02-01T18:14:50.926+0100][gc,marking  ] GC(42) Concurrent Clear Claimed Marks 0.070ms
[2025-02-01T18:14:50.926+0100][gc,marking  ] GC(42) Concurrent Cleanup for Next Mark
[2025-02-01T18:14:50.926+0100][gc,marking  ] GC(42) Concurrent Cleanup for Next Mark 0.102ms
[2025-02-01T18:14:50.926+0100][gc          ] GC(42) Concurrent Undo Cycle 0.287ms
[2025-02-01T18:15:50.521+0100][gc,start    ] GC(43) Pause Young (Concurrent Start) (G1 Humongous Allocation)
[2025-02-01T18:15:50.521+0100][gc,task     ] GC(43) Using 8 workers of 8 for evacuation
[2025-02-01T18:15:50.525+0100][gc,phases   ] GC(43)   Pre Evacuate Collection Set: 0.2ms
[2025-02-01T18:15:50.525+0100][gc,phases   ] GC(43)   Merge Heap Roots: 0.0ms
[2025-02-01T18:15:50.525+0100][gc,phases   ] GC(43)   Evacuate Collection Set: 2.6ms
[2025-02-01T18:15:50.525+0100][gc,phases   ] GC(43)   Post Evacuate Collection Set: 0.4ms
[2025-02-01T18:15:50.525+0100][gc,phases   ] GC(43)   Other: 0.1ms
[2025-02-01T18:15:50.525+0100][gc,heap     ] GC(43) Eden regions: 118->0(610)
[2025-02-01T18:15:50.525+0100][gc,heap     ] GC(43) Survivor regions: 5->4(77)
[2025-02-01T18:15:50.525+0100][gc,heap     ] GC(43) Old regions: 22->23
[2025-02-01T18:15:50.525+0100][gc,heap     ] GC(43) Humongous regions: 336->130
[2025-02-01T18:15:50.525+0100][gc,metaspace] GC(43) Metaspace: 45193K(45888K)->45193K(45888K) NonClass: 39873K(40256K)->39873K(40256K) Class: 5320K(5632K)->5320K(5632K)
[2025-02-01T18:15:50.525+0100][gc          ] GC(43) Pause Young (Concurrent Start) (G1 Humongous Allocation) 479M->156M(1024M) 4.093ms
[2025-02-01T18:15:50.525+0100][gc,cpu      ] GC(43) User=0.02s Sys=0.00s Real=0.00s
[2025-02-01T18:15:50.525+0100][gc          ] GC(44) Concurrent Undo Cycle
[2025-02-01T18:15:50.525+0100][gc,marking  ] GC(44) Concurrent Clear Claimed Marks
[2025-02-01T18:15:50.525+0100][gc,marking  ] GC(44) Concurrent Clear Claimed Marks 0.042ms
[2025-02-01T18:15:50.525+0100][gc,marking  ] GC(44) Concurrent Cleanup for Next Mark
[2025-02-01T18:15:50.525+0100][gc,marking  ] GC(44) Concurrent Cleanup for Next Mark 0.040ms
[2025-02-01T18:15:50.525+0100][gc          ] GC(44) Concurrent Undo Cycle 0.117ms
[2025-02-01T18:17:36.129+0100][gc,start    ] GC(45) Pause Young (Concurrent Start) (G1 Humongous Allocation)
[2025-02-01T18:17:36.130+0100][gc,task     ] GC(45) Using 8 workers of 8 for evacuation
[2025-02-01T18:17:36.133+0100][gc,phases   ] GC(45)   Pre Evacuate Collection Set: 0.1ms
[2025-02-01T18:17:36.133+0100][gc,phases   ] GC(45)   Merge Heap Roots: 0.0ms
[2025-02-01T18:17:36.133+0100][gc,phases   ] GC(45)   Evacuate Collection Set: 2.5ms
[2025-02-01T18:17:36.133+0100][gc,phases   ] GC(45)   Post Evacuate Collection Set: 0.2ms
[2025-02-01T18:17:36.133+0100][gc,phases   ] GC(45)   Other: 0.1ms
[2025-02-01T18:17:36.133+0100][gc,heap     ] GC(45) Eden regions: 69->0(610)
[2025-02-01T18:17:36.133+0100][gc,heap     ] GC(45) Survivor regions: 4->4(77)
[2025-02-01T18:17:36.133+0100][gc,heap     ] GC(45) Old regions: 23->23
[2025-02-01T18:17:36.133+0100][gc,heap     ] GC(45) Humongous regions: 335->131
[2025-02-01T18:17:36.133+0100][gc,metaspace] GC(45) Metaspace: 45193K(45888K)->45193K(45888K) NonClass: 39873K(40256K)->39873K(40256K) Class: 5320K(5632K)->5320K(5632K)
[2025-02-01T18:17:36.133+0100][gc          ] GC(45) Pause Young (Concurrent Start) (G1 Humongous Allocation) 429M->156M(1024M) 3.783ms
[2025-02-01T18:17:36.133+0100][gc          ] GC(46) Concurrent Undo Cycle
[2025-02-01T18:17:36.133+0100][gc,cpu      ] GC(45) User=0.01s Sys=0.00s Real=0.01s
[2025-02-01T18:17:36.133+0100][gc,marking  ] GC(46) Concurrent Clear Claimed Marks
[2025-02-01T18:17:36.133+0100][gc,marking  ] GC(46) Concurrent Clear Claimed Marks 0.069ms
[2025-02-01T18:17:36.133+0100][gc,marking  ] GC(46) Concurrent Cleanup for Next Mark
[2025-02-01T18:17:36.133+0100][gc,marking  ] GC(46) Concurrent Cleanup for Next Mark 0.053ms
[2025-02-01T18:17:36.133+0100][gc          ] GC(46) Concurrent Undo Cycle 0.165ms
[2025-02-01T18:19:32.579+0100][gc,start    ] GC(47) Pause Young (Concurrent Start) (G1 Humongous Allocation)
[2025-02-01T18:19:32.579+0100][gc,task     ] GC(47) Using 8 workers of 8 for evacuation
[2025-02-01T18:19:32.581+0100][gc,phases   ] GC(47)   Pre Evacuate Collection Set: 0.2ms
[2025-02-01T18:19:32.582+0100][gc,phases   ] GC(47)   Merge Heap Roots: 0.0ms
[2025-02-01T18:19:32.582+0100][gc,phases   ] GC(47)   Evacuate Collection Set: 1.8ms
[2025-02-01T18:19:32.582+0100][gc,phases   ] GC(47)   Post Evacuate Collection Set: 0.3ms
[2025-02-01T18:19:32.582+0100][gc,phases   ] GC(47)   Other: 0.1ms
[2025-02-01T18:19:32.582+0100][gc,heap     ] GC(47) Eden regions: 31->0(610)
[2025-02-01T18:19:32.582+0100][gc,heap     ] GC(47) Survivor regions: 4->4(77)
[2025-02-01T18:19:32.582+0100][gc,heap     ] GC(47) Old regions: 23->23
[2025-02-01T18:19:32.582+0100][gc,heap     ] GC(47) Humongous regions: 335->129
[2025-02-01T18:19:32.582+0100][gc,metaspace] GC(47) Metaspace: 45193K(45888K)->45193K(45888K) NonClass: 39873K(40256K)->39873K(40256K) Class: 5320K(5632K)->5320K(5632K)
[2025-02-01T18:19:32.582+0100][gc          ] GC(47) Pause Young (Concurrent Start) (G1 Humongous Allocation) 390M->154M(1024M) 2.838ms
[2025-02-01T18:19:32.582+0100][gc          ] GC(48) Concurrent Undo Cycle
[2025-02-01T18:19:32.582+0100][gc,cpu      ] GC(47) User=0.01s Sys=0.00s Real=0.01s
[2025-02-01T18:19:32.582+0100][gc,marking  ] GC(48) Concurrent Clear Claimed Marks
[2025-02-01T18:19:32.582+0100][gc,marking  ] GC(48) Concurrent Clear Claimed Marks 0.031ms
[2025-02-01T18:19:32.582+0100][gc,marking  ] GC(48) Concurrent Cleanup for Next Mark
[2025-02-01T18:19:32.582+0100][gc,marking  ] GC(48) Concurrent Cleanup for Next Mark 0.099ms
[2025-02-01T18:19:32.582+0100][gc          ] GC(48) Concurrent Undo Cycle 0.160ms
[2025-02-01T18:19:34.144+0100][gc,start    ] GC(49) Pause Young (Concurrent Start) (G1 Humongous Allocation)
[2025-02-01T18:19:34.144+0100][gc,task     ] GC(49) Using 8 workers of 8 for evacuation
[2025-02-01T18:19:34.147+0100][gc,phases   ] GC(49)   Pre Evacuate Collection Set: 0.2ms
[2025-02-01T18:19:34.147+0100][gc,phases   ] GC(49)   Merge Heap Roots: 0.1ms
[2025-02-01T18:19:34.147+0100][gc,phases   ] GC(49)   Evacuate Collection Set: 2.2ms
[2025-02-01T18:19:34.147+0100][gc,phases   ] GC(49)   Post Evacuate Collection Set: 0.3ms
[2025-02-01T18:19:34.147+0100][gc,phases   ] GC(49)   Other: 0.1ms
[2025-02-01T18:19:34.147+0100][gc,heap     ] GC(49) Eden regions: 73->0(610)
[2025-02-01T18:19:34.147+0100][gc,heap     ] GC(49) Survivor regions: 4->4(77)
[2025-02-01T18:19:34.147+0100][gc,heap     ] GC(49) Old regions: 23->23
[2025-02-01T18:19:34.147+0100][gc,heap     ] GC(49) Humongous regions: 335->129
[2025-02-01T18:19:34.147+0100][gc,metaspace] GC(49) Metaspace: 45193K(45888K)->45193K(45888K) NonClass: 39873K(40256K)->39873K(40256K) Class: 5320K(5632K)->5320K(5632K)
[2025-02-01T18:19:34.147+0100][gc          ] GC(49) Pause Young (Concurrent Start) (G1 Humongous Allocation) 432M->154M(1024M) 3.074ms
[2025-02-01T18:19:34.147+0100][gc,cpu      ] GC(49) User=0.01s Sys=0.01s Real=0.00s
[2025-02-01T18:19:34.147+0100][gc          ] GC(50) Concurrent Undo Cycle
[2025-02-01T18:19:34.147+0100][gc,marking  ] GC(50) Concurrent Clear Claimed Marks
[2025-02-01T18:19:34.148+0100][gc,marking  ] GC(50) Concurrent Clear Claimed Marks 0.050ms
[2025-02-01T18:19:34.148+0100][gc,marking  ] GC(50) Concurrent Cleanup for Next Mark
[2025-02-01T18:19:34.148+0100][gc,marking  ] GC(50) Concurrent Cleanup for Next Mark 0.064ms
[2025-02-01T18:19:34.148+0100][gc          ] GC(50) Concurrent Undo Cycle 0.151ms
[2025-02-01T18:19:47.744+0100][gc,start    ] GC(51) Pause Young (Concurrent Start) (G1 Humongous Allocation)
[2025-02-01T18:19:47.745+0100][gc,task     ] GC(51) Using 8 workers of 8 for evacuation
[2025-02-01T18:19:47.747+0100][gc,phases   ] GC(51)   Pre Evacuate Collection Set: 0.1ms
[2025-02-01T18:19:47.747+0100][gc,phases   ] GC(51)   Merge Heap Roots: 0.0ms
[2025-02-01T18:19:47.747+0100][gc,phases   ] GC(51)   Evacuate Collection Set: 1.7ms
[2025-02-01T18:19:47.747+0100][gc,phases   ] GC(51)   Post Evacuate Collection Set: 0.2ms
[2025-02-01T18:19:47.747+0100][gc,phases   ] GC(51)   Other: 0.1ms
[2025-02-01T18:19:47.747+0100][gc,heap     ] GC(51) Eden regions: 29->0(610)
[2025-02-01T18:19:47.747+0100][gc,heap     ] GC(51) Survivor regions: 4->4(77)
[2025-02-01T18:19:47.747+0100][gc,heap     ] GC(51) Old regions: 23->23
[2025-02-01T18:19:47.747+0100][gc,heap     ] GC(51) Humongous regions: 335->129
[2025-02-01T18:19:47.747+0100][gc,metaspace] GC(51) Metaspace: 45193K(45888K)->45193K(45888K) NonClass: 39873K(40256K)->39873K(40256K) Class: 5320K(5632K)->5320K(5632K)
[2025-02-01T18:19:47.747+0100][gc          ] GC(51) Pause Young (Concurrent Start) (G1 Humongous Allocation) 388M->154M(1024M) 3.005ms
[2025-02-01T18:19:47.747+0100][gc          ] GC(52) Concurrent Undo Cycle
[2025-02-01T18:19:47.747+0100][gc,cpu      ] GC(51) User=0.00s Sys=0.00s Real=0.00s
[2025-02-01T18:19:47.747+0100][gc,marking  ] GC(52) Concurrent Clear Claimed Marks
[2025-02-01T18:19:47.747+0100][gc,marking  ] GC(52) Concurrent Clear Claimed Marks 0.048ms
[2025-02-01T18:19:47.747+0100][gc,marking  ] GC(52) Concurrent Cleanup for Next Mark
[2025-02-01T18:19:47.747+0100][gc,marking  ] GC(52) Concurrent Cleanup for Next Mark 0.037ms
[2025-02-01T18:19:47.747+0100][gc          ] GC(52) Concurrent Undo Cycle 0.116ms
[2025-02-01T18:21:28.719+0100][gc,start    ] GC(53) Pause Young (Concurrent Start) (G1 Humongous Allocation)
[2025-02-01T18:21:28.720+0100][gc,task     ] GC(53) Using 8 workers of 8 for evacuation
[2025-02-01T18:21:28.724+0100][gc,phases   ] GC(53)   Pre Evacuate Collection Set: 1.0ms
[2025-02-01T18:21:28.724+0100][gc,phases   ] GC(53)   Merge Heap Roots: 0.1ms
[2025-02-01T18:21:28.724+0100][gc,phases   ] GC(53)   Evacuate Collection Set: 1.5ms
[2025-02-01T18:21:28.724+0100][gc,phases   ] GC(53)   Post Evacuate Collection Set: 0.4ms
[2025-02-01T18:21:28.724+0100][gc,phases   ] GC(53)   Other: 0.1ms
[2025-02-01T18:21:28.724+0100][gc,heap     ] GC(53) Eden regions: 33->0(610)
[2025-02-01T18:21:28.724+0100][gc,heap     ] GC(53) Survivor regions: 4->4(77)
[2025-02-01T18:21:28.724+0100][gc,heap     ] GC(53) Old regions: 23->23
[2025-02-01T18:21:28.724+0100][gc,heap     ] GC(53) Humongous regions: 335->130
[2025-02-01T18:21:28.724+0100][gc,metaspace] GC(53) Metaspace: 45193K(45888K)->45193K(45888K) NonClass: 39873K(40256K)->39873K(40256K) Class: 5320K(5632K)->5320K(5632K)
[2025-02-01T18:21:28.724+0100][gc          ] GC(53) Pause Young (Concurrent Start) (G1 Humongous Allocation) 392M->155M(1024M) 4.480ms
[2025-02-01T18:21:28.724+0100][gc,cpu      ] GC(53) User=0.01s Sys=0.00s Real=0.01s
[2025-02-01T18:21:28.724+0100][gc          ] GC(54) Concurrent Undo Cycle
[2025-02-01T18:21:28.724+0100][gc,marking  ] GC(54) Concurrent Clear Claimed Marks
[2025-02-01T18:21:28.724+0100][gc,marking  ] GC(54) Concurrent Clear Claimed Marks 0.017ms
[2025-02-01T18:21:28.724+0100][gc,marking  ] GC(54) Concurrent Cleanup for Next Mark
[2025-02-01T18:21:28.724+0100][gc,marking  ] GC(54) Concurrent Cleanup for Next Mark 0.053ms
[2025-02-01T18:21:28.724+0100][gc          ] GC(54) Concurrent Undo Cycle 0.117ms
[2025-02-01T18:21:30.328+0100][gc,start    ] GC(55) Pause Young (Concurrent Start) (G1 Humongous Allocation)
[2025-02-01T18:21:30.328+0100][gc,task     ] GC(55) Using 8 workers of 8 for evacuation
[2025-02-01T18:21:30.331+0100][gc,phases   ] GC(55)   Pre Evacuate Collection Set: 0.2ms
[2025-02-01T18:21:30.331+0100][gc,phases   ] GC(55)   Merge Heap Roots: 0.1ms
[2025-02-01T18:21:30.331+0100][gc,phases   ] GC(55)   Evacuate Collection Set: 2.2ms
[2025-02-01T18:21:30.331+0100][gc,phases   ] GC(55)   Post Evacuate Collection Set: 0.3ms
[2025-02-01T18:21:30.331+0100][gc,phases   ] GC(55)   Other: 0.1ms
[2025-02-01T18:21:30.331+0100][gc,heap     ] GC(55) Eden regions: 87->0(610)
[2025-02-01T18:21:30.331+0100][gc,heap     ] GC(55) Survivor regions: 4->4(77)
[2025-02-01T18:21:30.331+0100][gc,heap     ] GC(55) Old regions: 23->23
[2025-02-01T18:21:30.331+0100][gc,heap     ] GC(55) Humongous regions: 335->130
[2025-02-01T18:21:30.331+0100][gc,metaspace] GC(55) Metaspace: 45193K(45888K)->45193K(45888K) NonClass: 39873K(40256K)->39873K(40256K) Class: 5320K(5632K)->5320K(5632K)
[2025-02-01T18:21:30.331+0100][gc          ] GC(55) Pause Young (Concurrent Start) (G1 Humongous Allocation) 447M->155M(1024M) 2.953ms
[2025-02-01T18:21:30.331+0100][gc          ] GC(56) Concurrent Undo Cycle
[2025-02-01T18:21:30.331+0100][gc,cpu      ] GC(55) User=0.01s Sys=0.00s Real=0.01s
[2025-02-01T18:21:30.331+0100][gc,marking  ] GC(56) Concurrent Clear Claimed Marks
[2025-02-01T18:21:30.331+0100][gc,marking  ] GC(56) Concurrent Clear Claimed Marks 0.062ms
[2025-02-01T18:21:30.331+0100][gc,marking  ] GC(56) Concurrent Cleanup for Next Mark
[2025-02-01T18:21:30.331+0100][gc,marking  ] GC(56) Concurrent Cleanup for Next Mark 0.055ms
[2025-02-01T18:21:30.331+0100][gc          ] GC(56) Concurrent Undo Cycle 0.146ms
[2025-02-01T18:21:43.486+0100][gc,start    ] GC(57) Pause Young (Concurrent Start) (G1 Humongous Allocation)
[2025-02-01T18:21:43.486+0100][gc,task     ] GC(57) Using 8 workers of 8 for evacuation
[2025-02-01T18:21:43.488+0100][gc,phases   ] GC(57)   Pre Evacuate Collection Set: 0.2ms
[2025-02-01T18:21:43.488+0100][gc,phases   ] GC(57)   Merge Heap Roots: 0.0ms
[2025-02-01T18:21:43.488+0100][gc,phases   ] GC(57)   Evacuate Collection Set: 1.5ms
[2025-02-01T18:21:43.488+0100][gc,phases   ] GC(57)   Post Evacuate Collection Set: 0.2ms
[2025-02-01T18:21:43.488+0100][gc,phases   ] GC(57)   Other: 0.1ms
[2025-02-01T18:21:43.488+0100][gc,heap     ] GC(57) Eden regions: 31->0(610)
[2025-02-01T18:21:43.488+0100][gc,heap     ] GC(57) Survivor regions: 4->4(77)
[2025-02-01T18:21:43.488+0100][gc,heap     ] GC(57) Old regions: 23->23
[2025-02-01T18:21:43.488+0100][gc,heap     ] GC(57) Humongous regions: 335->129
[2025-02-01T18:21:43.488+0100][gc,metaspace] GC(57) Metaspace: 45193K(45888K)->45193K(45888K) NonClass: 39873K(40256K)->39873K(40256K) Class: 5320K(5632K)->5320K(5632K)
[2025-02-01T18:21:43.488+0100][gc          ] GC(57) Pause Young (Concurrent Start) (G1 Humongous Allocation) 390M->154M(1024M) 2.122ms
[2025-02-01T18:21:43.488+0100][gc,cpu      ] GC(57) User=0.01s Sys=0.00s Real=0.00s
[2025-02-01T18:21:43.488+0100][gc          ] GC(58) Concurrent Undo Cycle
[2025-02-01T18:21:43.488+0100][gc,marking  ] GC(58) Concurrent Clear Claimed Marks
[2025-02-01T18:21:43.488+0100][gc,marking  ] GC(58) Concurrent Clear Claimed Marks 0.033ms
[2025-02-01T18:21:43.488+0100][gc,marking  ] GC(58) Concurrent Cleanup for Next Mark
[2025-02-01T18:21:43.488+0100][gc,marking  ] GC(58) Concurrent Cleanup for Next Mark 0.151ms
[2025-02-01T18:21:43.488+0100][gc          ] GC(58) Concurrent Undo Cycle 0.218ms
[2025-02-01T18:23:29.273+0100][gc,start    ] GC(59) Pause Young (Concurrent Start) (G1 Humongous Allocation)
[2025-02-01T18:23:29.273+0100][gc,task     ] GC(59) Using 8 workers of 8 for evacuation
[2025-02-01T18:23:29.276+0100][gc,phases   ] GC(59)   Pre Evacuate Collection Set: 0.3ms
[2025-02-01T18:23:29.276+0100][gc,phases   ] GC(59)   Merge Heap Roots: 0.1ms
[2025-02-01T18:23:29.276+0100][gc,phases   ] GC(59)   Evacuate Collection Set: 1.8ms
[2025-02-01T18:23:29.276+0100][gc,phases   ] GC(59)   Post Evacuate Collection Set: 0.5ms
[2025-02-01T18:23:29.276+0100][gc,phases   ] GC(59)   Other: 0.1ms
[2025-02-01T18:23:29.276+0100][gc,heap     ] GC(59) Eden regions: 33->0(610)
[2025-02-01T18:23:29.276+0100][gc,heap     ] GC(59) Survivor regions: 4->4(77)
[2025-02-01T18:23:29.276+0100][gc,heap     ] GC(59) Old regions: 23->23
[2025-02-01T18:23:29.276+0100][gc,heap     ] GC(59) Humongous regions: 335->129
[2025-02-01T18:23:29.276+0100][gc,metaspace] GC(59) Metaspace: 45193K(45888K)->45193K(45888K) NonClass: 39873K(40256K)->39873K(40256K) Class: 5320K(5632K)->5320K(5632K)
[2025-02-01T18:23:29.276+0100][gc          ] GC(59) Pause Young (Concurrent Start) (G1 Humongous Allocation) 392M->154M(1024M) 3.282ms
[2025-02-01T18:23:29.276+0100][gc          ] GC(60) Concurrent Undo Cycle
[2025-02-01T18:23:29.276+0100][gc,cpu      ] GC(59) User=0.01s Sys=0.01s Real=0.00s
[2025-02-01T18:23:29.276+0100][gc,marking  ] GC(60) Concurrent Clear Claimed Marks
[2025-02-01T18:23:29.276+0100][gc,marking  ] GC(60) Concurrent Clear Claimed Marks 0.022ms
[2025-02-01T18:23:29.276+0100][gc,marking  ] GC(60) Concurrent Cleanup for Next Mark
[2025-02-01T18:23:29.276+0100][gc,marking  ] GC(60) Concurrent Cleanup for Next Mark 0.086ms
[2025-02-01T18:23:29.276+0100][gc          ] GC(60) Concurrent Undo Cycle 0.145ms
[2025-02-01T18:23:29.821+0100][gc,start    ] GC(61) Pause Young (Concurrent Start) (G1 Humongous Allocation)
[2025-02-01T18:23:29.821+0100][gc,task     ] GC(61) Using 8 workers of 8 for evacuation
[2025-02-01T18:23:29.823+0100][gc,phases   ] GC(61)   Pre Evacuate Collection Set: 0.1ms
[2025-02-01T18:23:29.823+0100][gc,phases   ] GC(61)   Merge Heap Roots: 0.0ms
[2025-02-01T18:23:29.823+0100][gc,phases   ] GC(61)   Evacuate Collection Set: 1.3ms
[2025-02-01T18:23:29.823+0100][gc,phases   ] GC(61)   Post Evacuate Collection Set: 0.2ms
[2025-02-01T18:23:29.823+0100][gc,phases   ] GC(61)   Other: 0.1ms
[2025-02-01T18:23:29.823+0100][gc,heap     ] GC(61) Eden regions: 29->0(610)
[2025-02-01T18:23:29.823+0100][gc,heap     ] GC(61) Survivor regions: 4->4(77)
[2025-02-01T18:23:29.823+0100][gc,heap     ] GC(61) Old regions: 23->23
[2025-02-01T18:23:29.823+0100][gc,heap     ] GC(61) Humongous regions: 335->130
[2025-02-01T18:23:29.823+0100][gc,metaspace] GC(61) Metaspace: 45193K(45888K)->45193K(45888K) NonClass: 39873K(40256K)->39873K(40256K) Class: 5320K(5632K)->5320K(5632K)
[2025-02-01T18:23:29.823+0100][gc          ] GC(61) Pause Young (Concurrent Start) (G1 Humongous Allocation) 389M->155M(1024M) 1.877ms
[2025-02-01T18:23:29.823+0100][gc,cpu      ] GC(61) User=0.01s Sys=0.00s Real=0.00s
[2025-02-01T18:23:29.823+0100][gc          ] GC(62) Concurrent Undo Cycle
[2025-02-01T18:23:29.823+0100][gc,marking  ] GC(62) Concurrent Clear Claimed Marks
[2025-02-01T18:23:29.823+0100][gc,marking  ] GC(62) Concurrent Clear Claimed Marks 0.012ms
[2025-02-01T18:23:29.823+0100][gc,marking  ] GC(62) Concurrent Cleanup for Next Mark
[2025-02-01T18:23:29.823+0100][gc,marking  ] GC(62) Concurrent Cleanup for Next Mark 0.048ms
[2025-02-01T18:23:29.823+0100][gc          ] GC(62) Concurrent Undo Cycle 0.095ms
[2025-02-01T18:23:32.401+0100][gc,start    ] GC(63) Pause Young (Concurrent Start) (G1 Humongous Allocation)
[2025-02-01T18:23:32.401+0100][gc,task     ] GC(63) Using 8 workers of 8 for evacuation
[2025-02-01T18:23:32.404+0100][gc,phases   ] GC(63)   Pre Evacuate Collection Set: 0.4ms
[2025-02-01T18:23:32.404+0100][gc,phases   ] GC(63)   Merge Heap Roots: 0.0ms
[2025-02-01T18:23:32.404+0100][gc,phases   ] GC(63)   Evacuate Collection Set: 2.3ms
[2025-02-01T18:23:32.404+0100][gc,phases   ] GC(63)   Post Evacuate Collection Set: 0.4ms
[2025-02-01T18:23:32.404+0100][gc,phases   ] GC(63)   Other: 0.1ms
[2025-02-01T18:23:32.404+0100][gc,heap     ] GC(63) Eden regions: 101->0(610)
[2025-02-01T18:23:32.404+0100][gc,heap     ] GC(63) Survivor regions: 4->4(77)
[2025-02-01T18:23:32.404+0100][gc,heap     ] GC(63) Old regions: 23->23
[2025-02-01T18:23:32.404+0100][gc,heap     ] GC(63) Humongous regions: 335->130
[2025-02-01T18:23:32.404+0100][gc,metaspace] GC(63) Metaspace: 45193K(45888K)->45193K(45888K) NonClass: 39873K(40256K)->39873K(40256K) Class: 5320K(5632K)->5320K(5632K)
[2025-02-01T18:23:32.404+0100][gc          ] GC(63) Pause Young (Concurrent Start) (G1 Humongous Allocation) 461M->155M(1024M) 3.267ms
[2025-02-01T18:23:32.404+0100][gc          ] GC(64) Concurrent Undo Cycle
[2025-02-01T18:23:32.404+0100][gc,cpu      ] GC(63) User=0.01s Sys=0.01s Real=0.00s
[2025-02-01T18:23:32.404+0100][gc,marking  ] GC(64) Concurrent Clear Claimed Marks
[2025-02-01T18:23:32.404+0100][gc,marking  ] GC(64) Concurrent Clear Claimed Marks 0.088ms
[2025-02-01T18:23:32.404+0100][gc,marking  ] GC(64) Concurrent Cleanup for Next Mark
[2025-02-01T18:23:32.404+0100][gc,marking  ] GC(64) Concurrent Cleanup for Next Mark 0.080ms
[2025-02-01T18:23:32.404+0100][gc          ] GC(64) Concurrent Undo Cycle 0.210ms
[2025-02-01T18:23:54.589+0100][gc,start    ] GC(65) Pause Young (Concurrent Start) (G1 Humongous Allocation)
[2025-02-01T18:23:54.590+0100][gc,task     ] GC(65) Using 8 workers of 8 for evacuation
[2025-02-01T18:23:54.591+0100][gc,phases   ] GC(65)   Pre Evacuate Collection Set: 0.1ms
[2025-02-01T18:23:54.591+0100][gc,phases   ] GC(65)   Merge Heap Roots: 0.0ms
[2025-02-01T18:23:54.591+0100][gc,phases   ] GC(65)   Evacuate Collection Set: 1.3ms
[2025-02-01T18:23:54.591+0100][gc,phases   ] GC(65)   Post Evacuate Collection Set: 0.2ms
[2025-02-01T18:23:54.591+0100][gc,phases   ] GC(65)   Other: 0.1ms
[2025-02-01T18:23:54.591+0100][gc,heap     ] GC(65) Eden regions: 31->0(610)
[2025-02-01T18:23:54.591+0100][gc,heap     ] GC(65) Survivor regions: 4->4(77)
[2025-02-01T18:23:54.591+0100][gc,heap     ] GC(65) Old regions: 23->23
[2025-02-01T18:23:54.591+0100][gc,heap     ] GC(65) Humongous regions: 335->129
[2025-02-01T18:23:54.591+0100][gc,metaspace] GC(65) Metaspace: 45197K(45888K)->45197K(45888K) NonClass: 39877K(40256K)->39877K(40256K) Class: 5320K(5632K)->5320K(5632K)
[2025-02-01T18:23:54.591+0100][gc          ] GC(65) Pause Young (Concurrent Start) (G1 Humongous Allocation) 391M->154M(1024M) 2.642ms
[2025-02-01T18:23:54.591+0100][gc,cpu      ] GC(65) User=0.01s Sys=0.00s Real=0.01s
[2025-02-01T18:23:54.591+0100][gc          ] GC(66) Concurrent Undo Cycle
[2025-02-01T18:23:54.592+0100][gc,marking  ] GC(66) Concurrent Clear Claimed Marks
[2025-02-01T18:23:54.592+0100][gc,marking  ] GC(66) Concurrent Clear Claimed Marks 0.018ms
[2025-02-01T18:23:54.592+0100][gc,marking  ] GC(66) Concurrent Cleanup for Next Mark
[2025-02-01T18:23:54.592+0100][gc,marking  ] GC(66) Concurrent Cleanup for Next Mark 0.044ms
[2025-02-01T18:23:54.592+0100][gc          ] GC(66) Concurrent Undo Cycle 0.098ms
[2025-02-01T18:23:55.116+0100][gc,start    ] GC(67) Pause Young (Concurrent Start) (G1 Humongous Allocation)
[2025-02-01T18:23:55.116+0100][gc,task     ] GC(67) Using 8 workers of 8 for evacuation
[2025-02-01T18:23:55.118+0100][gc,phases   ] GC(67)   Pre Evacuate Collection Set: 0.2ms
[2025-02-01T18:23:55.118+0100][gc,phases   ] GC(67)   Merge Heap Roots: 0.1ms
[2025-02-01T18:23:55.118+0100][gc,phases   ] GC(67)   Evacuate Collection Set: 1.6ms
[2025-02-01T18:23:55.118+0100][gc,phases   ] GC(67)   Post Evacuate Collection Set: 0.2ms
[2025-02-01T18:23:55.118+0100][gc,phases   ] GC(67)   Other: 0.1ms
[2025-02-01T18:23:55.118+0100][gc,heap     ] GC(67) Eden regions: 30->0(610)
[2025-02-01T18:23:55.118+0100][gc,heap     ] GC(67) Survivor regions: 4->4(77)
[2025-02-01T18:23:55.118+0100][gc,heap     ] GC(67) Old regions: 23->23
[2025-02-01T18:23:55.118+0100][gc,heap     ] GC(67) Humongous regions: 335->129
[2025-02-01T18:23:55.118+0100][gc,metaspace] GC(67) Metaspace: 45197K(45888K)->45197K(45888K) NonClass: 39877K(40256K)->39877K(40256K) Class: 5320K(5632K)->5320K(5632K)
[2025-02-01T18:23:55.118+0100][gc          ] GC(67) Pause Young (Concurrent Start) (G1 Humongous Allocation) 390M->155M(1024M) 2.364ms
[2025-02-01T18:23:55.118+0100][gc          ] GC(68) Concurrent Undo Cycle
[2025-02-01T18:23:55.118+0100][gc,cpu      ] GC(67) User=0.01s Sys=0.01s Real=0.00s
[2025-02-01T18:23:55.118+0100][gc,marking  ] GC(68) Concurrent Clear Claimed Marks
[2025-02-01T18:23:55.118+0100][gc,marking  ] GC(68) Concurrent Clear Claimed Marks 0.040ms
[2025-02-01T18:23:55.118+0100][gc,marking  ] GC(68) Concurrent Cleanup for Next Mark
[2025-02-01T18:23:55.119+0100][gc,marking  ] GC(68) Concurrent Cleanup for Next Mark 0.084ms
[2025-02-01T18:23:55.119+0100][gc          ] GC(68) Concurrent Undo Cycle 0.164ms
[2025-02-01T18:26:01.532+0100][gc,start    ] GC(69) Pause Young (Concurrent Start) (G1 Humongous Allocation)
[2025-02-01T18:26:01.533+0100][gc,task     ] GC(69) Using 8 workers of 8 for evacuation
[2025-02-01T18:26:01.538+0100][gc,phases   ] GC(69)   Pre Evacuate Collection Set: 0.6ms
[2025-02-01T18:26:01.538+0100][gc,phases   ] GC(69)   Merge Heap Roots: 0.1ms
[2025-02-01T18:26:01.538+0100][gc,phases   ] GC(69)   Evacuate Collection Set: 2.8ms
[2025-02-01T18:26:01.538+0100][gc,phases   ] GC(69)   Post Evacuate Collection Set: 0.8ms
[2025-02-01T18:26:01.538+0100][gc,phases   ] GC(69)   Other: 0.1ms
[2025-02-01T18:26:01.538+0100][gc,heap     ] GC(69) Eden regions: 53->0(610)
[2025-02-01T18:26:01.538+0100][gc,heap     ] GC(69) Survivor regions: 4->4(77)
[2025-02-01T18:26:01.538+0100][gc,heap     ] GC(69) Old regions: 23->23
[2025-02-01T18:26:01.538+0100][gc,heap     ] GC(69) Humongous regions: 335->130
[2025-02-01T18:26:01.538+0100][gc,metaspace] GC(69) Metaspace: 45199K(45888K)->45199K(45888K) NonClass: 39879K(40256K)->39879K(40256K) Class: 5320K(5632K)->5320K(5632K)
[2025-02-01T18:26:01.538+0100][gc          ] GC(69) Pause Young (Concurrent Start) (G1 Humongous Allocation) 413M->156M(1024M) 5.568ms
[2025-02-01T18:26:01.538+0100][gc,cpu      ] GC(69) User=0.01s Sys=0.01s Real=0.00s
[2025-02-01T18:26:01.538+0100][gc          ] GC(70) Concurrent Undo Cycle
[2025-02-01T18:26:01.538+0100][gc,marking  ] GC(70) Concurrent Clear Claimed Marks
[2025-02-01T18:26:01.538+0100][gc,marking  ] GC(70) Concurrent Clear Claimed Marks 0.039ms
[2025-02-01T18:26:01.538+0100][gc,marking  ] GC(70) Concurrent Cleanup for Next Mark
[2025-02-01T18:26:01.538+0100][gc,marking  ] GC(70) Concurrent Cleanup for Next Mark 0.050ms
[2025-02-01T18:26:01.538+0100][gc          ] GC(70) Concurrent Undo Cycle 0.129ms
[2025-02-01T18:29:20.341+0100][gc,start    ] GC(71) Pause Young (Concurrent Start) (G1 Humongous Allocation)
[2025-02-01T18:29:20.342+0100][gc,task     ] GC(71) Using 8 workers of 8 for evacuation
[2025-02-01T18:29:20.352+0100][gc,phases   ] GC(71)   Pre Evacuate Collection Set: 0.9ms
[2025-02-01T18:29:20.352+0100][gc,phases   ] GC(71)   Merge Heap Roots: 0.1ms
[2025-02-01T18:29:20.352+0100][gc,phases   ] GC(71)   Evacuate Collection Set: 4.6ms
[2025-02-01T18:29:20.352+0100][gc,phases   ] GC(71)   Post Evacuate Collection Set: 4.2ms
[2025-02-01T18:29:20.352+0100][gc,phases   ] GC(71)   Other: 0.6ms
[2025-02-01T18:29:20.352+0100][gc,heap     ] GC(71) Eden regions: 64->0(611)
[2025-02-01T18:29:20.352+0100][gc,heap     ] GC(71) Survivor regions: 4->3(77)
[2025-02-01T18:29:20.352+0100][gc,heap     ] GC(71) Old regions: 23->24
[2025-02-01T18:29:20.352+0100][gc,heap     ] GC(71) Humongous regions: 335->130
[2025-02-01T18:29:20.352+0100][gc,metaspace] GC(71) Metaspace: 45199K(45888K)->45199K(45888K) NonClass: 39879K(40256K)->39879K(40256K) Class: 5320K(5632K)->5320K(5632K)
[2025-02-01T18:29:20.353+0100][gc          ] GC(71) Pause Young (Concurrent Start) (G1 Humongous Allocation) 424M->156M(1024M) 11.501ms
[2025-02-01T18:29:20.353+0100][gc,cpu      ] GC(71) User=0.01s Sys=0.01s Real=0.01s
[2025-02-01T18:29:20.353+0100][gc          ] GC(72) Concurrent Undo Cycle
[2025-02-01T18:29:20.353+0100][gc,marking  ] GC(72) Concurrent Clear Claimed Marks
[2025-02-01T18:29:20.353+0100][gc,marking  ] GC(72) Concurrent Clear Claimed Marks 0.040ms
[2025-02-01T18:29:20.353+0100][gc,marking  ] GC(72) Concurrent Cleanup for Next Mark
[2025-02-01T18:29:20.353+0100][gc,marking  ] GC(72) Concurrent Cleanup for Next Mark 0.075ms
[2025-02-01T18:29:20.353+0100][gc          ] GC(72) Concurrent Undo Cycle 0.152ms
[2025-02-01T18:32:47.732+0100][gc,start    ] GC(73) Pause Young (Concurrent Start) (G1 Humongous Allocation)
[2025-02-01T18:32:47.733+0100][gc,task     ] GC(73) Using 8 workers of 8 for evacuation
[2025-02-01T18:32:47.738+0100][gc,phases   ] GC(73)   Pre Evacuate Collection Set: 1.2ms
[2025-02-01T18:32:47.738+0100][gc,phases   ] GC(73)   Merge Heap Roots: 0.1ms
[2025-02-01T18:32:47.738+0100][gc,phases   ] GC(73)   Evacuate Collection Set: 2.7ms
[2025-02-01T18:32:47.738+0100][gc,phases   ] GC(73)   Post Evacuate Collection Set: 0.9ms
[2025-02-01T18:32:47.738+0100][gc,phases   ] GC(73)   Other: 0.1ms
[2025-02-01T18:32:47.738+0100][gc,heap     ] GC(73) Eden regions: 36->0(611)
[2025-02-01T18:32:47.738+0100][gc,heap     ] GC(73) Survivor regions: 3->3(77)
[2025-02-01T18:32:47.738+0100][gc,heap     ] GC(73) Old regions: 24->24
[2025-02-01T18:32:47.738+0100][gc,heap     ] GC(73) Humongous regions: 334->130
[2025-02-01T18:32:47.738+0100][gc,metaspace] GC(73) Metaspace: 45199K(45888K)->45199K(45888K) NonClass: 39879K(40256K)->39879K(40256K) Class: 5320K(5632K)->5320K(5632K)
[2025-02-01T18:32:47.738+0100][gc          ] GC(73) Pause Young (Concurrent Start) (G1 Humongous Allocation) 396M->156M(1024M) 6.445ms
[2025-02-01T18:32:47.738+0100][gc,cpu      ] GC(73) User=0.01s Sys=0.01s Real=0.00s
[2025-02-01T18:32:47.738+0100][gc          ] GC(74) Concurrent Undo Cycle
[2025-02-01T18:32:47.739+0100][gc,marking  ] GC(74) Concurrent Clear Claimed Marks
[2025-02-01T18:32:47.739+0100][gc,marking  ] GC(74) Concurrent Clear Claimed Marks 0.095ms
[2025-02-01T18:32:47.739+0100][gc,marking  ] GC(74) Concurrent Cleanup for Next Mark
[2025-02-01T18:32:47.739+0100][gc,marking  ] GC(74) Concurrent Cleanup for Next Mark 0.134ms
[2025-02-01T18:32:47.739+0100][gc          ] GC(74) Concurrent Undo Cycle 0.837ms
[2025-02-01T18:32:49.601+0100][gc,start    ] GC(75) Pause Young (Concurrent Start) (G1 Humongous Allocation)
[2025-02-01T18:32:49.601+0100][gc,task     ] GC(75) Using 8 workers of 8 for evacuation
[2025-02-01T18:32:49.604+0100][gc,phases   ] GC(75)   Pre Evacuate Collection Set: 0.3ms
[2025-02-01T18:32:49.604+0100][gc,phases   ] GC(75)   Merge Heap Roots: 0.0ms
[2025-02-01T18:32:49.604+0100][gc,phases   ] GC(75)   Evacuate Collection Set: 1.9ms
[2025-02-01T18:32:49.604+0100][gc,phases   ] GC(75)   Post Evacuate Collection Set: 0.4ms
[2025-02-01T18:32:49.604+0100][gc,phases   ] GC(75)   Other: 0.1ms
[2025-02-01T18:32:49.604+0100][gc,heap     ] GC(75) Eden regions: 73->0(611)
[2025-02-01T18:32:49.604+0100][gc,heap     ] GC(75) Survivor regions: 3->3(77)
[2025-02-01T18:32:49.604+0100][gc,heap     ] GC(75) Old regions: 24->24
[2025-02-01T18:32:49.604+0100][gc,heap     ] GC(75) Humongous regions: 334->131
[2025-02-01T18:32:49.604+0100][gc,metaspace] GC(75) Metaspace: 45199K(45888K)->45199K(45888K) NonClass: 39879K(40256K)->39879K(40256K) Class: 5320K(5632K)->5320K(5632K)
[2025-02-01T18:32:49.604+0100][gc          ] GC(75) Pause Young (Concurrent Start) (G1 Humongous Allocation) 433M->157M(1024M) 2.835ms
[2025-02-01T18:32:49.604+0100][gc          ] GC(76) Concurrent Undo Cycle
[2025-02-01T18:32:49.604+0100][gc,cpu      ] GC(75) User=0.01s Sys=0.00s Real=0.00s
[2025-02-01T18:32:49.604+0100][gc,marking  ] GC(76) Concurrent Clear Claimed Marks
[2025-02-01T18:32:49.604+0100][gc,marking  ] GC(76) Concurrent Clear Claimed Marks 0.032ms
[2025-02-01T18:32:49.604+0100][gc,marking  ] GC(76) Concurrent Cleanup for Next Mark
[2025-02-01T18:32:49.604+0100][gc,marking  ] GC(76) Concurrent Cleanup for Next Mark 0.068ms
[2025-02-01T18:32:49.604+0100][gc          ] GC(76) Concurrent Undo Cycle 0.140ms
[2025-02-01T18:33:08.416+0100][gc,start    ] GC(77) Pause Young (Concurrent Start) (G1 Humongous Allocation)
[2025-02-01T18:33:08.417+0100][gc,task     ] GC(77) Using 8 workers of 8 for evacuation
[2025-02-01T18:33:08.419+0100][gc,phases   ] GC(77)   Pre Evacuate Collection Set: 0.2ms
[2025-02-01T18:33:08.419+0100][gc,phases   ] GC(77)   Merge Heap Roots: 0.0ms
[2025-02-01T18:33:08.419+0100][gc,phases   ] GC(77)   Evacuate Collection Set: 1.4ms
[2025-02-01T18:33:08.419+0100][gc,phases   ] GC(77)   Post Evacuate Collection Set: 0.2ms
[2025-02-01T18:33:08.419+0100][gc,phases   ] GC(77)   Other: 0.1ms
[2025-02-01T18:33:08.419+0100][gc,heap     ] GC(77) Eden regions: 30->0(611)
[2025-02-01T18:33:08.419+0100][gc,heap     ] GC(77) Survivor regions: 3->3(77)
[2025-02-01T18:33:08.419+0100][gc,heap     ] GC(77) Old regions: 24->24
[2025-02-01T18:33:08.419+0100][gc,heap     ] GC(77) Humongous regions: 334->129
[2025-02-01T18:33:08.419+0100][gc,metaspace] GC(77) Metaspace: 45199K(45888K)->45199K(45888K) NonClass: 39879K(40256K)->39879K(40256K) Class: 5320K(5632K)->5320K(5632K)
[2025-02-01T18:33:08.419+0100][gc          ] GC(77) Pause Young (Concurrent Start) (G1 Humongous Allocation) 390M->155M(1024M) 2.214ms
[2025-02-01T18:33:08.419+0100][gc,cpu      ] GC(77) User=0.01s Sys=0.00s Real=0.00s
[2025-02-01T18:33:08.419+0100][gc          ] GC(78) Concurrent Undo Cycle
[2025-02-01T18:33:08.419+0100][gc,marking  ] GC(78) Concurrent Clear Claimed Marks
[2025-02-01T18:33:08.419+0100][gc,marking  ] GC(78) Concurrent Clear Claimed Marks 0.015ms
[2025-02-01T18:33:08.419+0100][gc,marking  ] GC(78) Concurrent Cleanup for Next Mark
[2025-02-01T18:33:08.419+0100][gc,marking  ] GC(78) Concurrent Cleanup for Next Mark 0.048ms
[2025-02-01T18:33:08.419+0100][gc          ] GC(78) Concurrent Undo Cycle 0.100ms
[2025-02-01T18:36:17.935+0100][gc,start    ] GC(79) Pause Young (Concurrent Start) (G1 Humongous Allocation)
[2025-02-01T18:36:17.936+0100][gc,task     ] GC(79) Using 8 workers of 8 for evacuation
[2025-02-01T18:36:17.940+0100][gc,phases   ] GC(79)   Pre Evacuate Collection Set: 0.9ms
[2025-02-01T18:36:17.940+0100][gc,phases   ] GC(79)   Merge Heap Roots: 0.1ms
[2025-02-01T18:36:17.940+0100][gc,phases   ] GC(79)   Evacuate Collection Set: 2.4ms
[2025-02-01T18:36:17.940+0100][gc,phases   ] GC(79)   Post Evacuate Collection Set: 0.8ms
[2025-02-01T18:36:17.940+0100][gc,phases   ] GC(79)   Other: 0.2ms
[2025-02-01T18:36:17.940+0100][gc,heap     ] GC(79) Eden regions: 34->0(611)
[2025-02-01T18:36:17.940+0100][gc,heap     ] GC(79) Survivor regions: 3->3(77)
[2025-02-01T18:36:17.940+0100][gc,heap     ] GC(79) Old regions: 24->24
[2025-02-01T18:36:17.940+0100][gc,heap     ] GC(79) Humongous regions: 334->131
[2025-02-01T18:36:17.940+0100][gc,metaspace] GC(79) Metaspace: 45199K(45888K)->45199K(45888K) NonClass: 39879K(40256K)->39879K(40256K) Class: 5320K(5632K)->5320K(5632K)
[2025-02-01T18:36:17.940+0100][gc          ] GC(79) Pause Young (Concurrent Start) (G1 Humongous Allocation) 394M->157M(1024M) 4.811ms
[2025-02-01T18:36:17.940+0100][gc          ] GC(80) Concurrent Undo Cycle
[2025-02-01T18:36:17.940+0100][gc,cpu      ] GC(79) User=0.01s Sys=0.01s Real=0.01s
[2025-02-01T18:36:17.940+0100][gc,marking  ] GC(80) Concurrent Clear Claimed Marks
[2025-02-01T18:36:17.940+0100][gc,marking  ] GC(80) Concurrent Clear Claimed Marks 0.029ms
[2025-02-01T18:36:17.940+0100][gc,marking  ] GC(80) Concurrent Cleanup for Next Mark
[2025-02-01T18:36:17.940+0100][gc,marking  ] GC(80) Concurrent Cleanup for Next Mark 0.064ms
[2025-02-01T18:36:17.940+0100][gc          ] GC(80) Concurrent Undo Cycle 0.138ms
[2025-02-01T18:36:20.250+0100][gc,start    ] GC(81) Pause Young (Concurrent Start) (G1 Humongous Allocation)
[2025-02-01T18:36:20.250+0100][gc,task     ] GC(81) Using 8 workers of 8 for evacuation
[2025-02-01T18:36:20.252+0100][gc,phases   ] GC(81)   Pre Evacuate Collection Set: 0.2ms
[2025-02-01T18:36:20.252+0100][gc,phases   ] GC(81)   Merge Heap Roots: 0.0ms
[2025-02-01T18:36:20.252+0100][gc,phases   ] GC(81)   Evacuate Collection Set: 1.4ms
[2025-02-01T18:36:20.252+0100][gc,phases   ] GC(81)   Post Evacuate Collection Set: 0.3ms
[2025-02-01T18:36:20.252+0100][gc,phases   ] GC(81)   Other: 0.1ms
[2025-02-01T18:36:20.252+0100][gc,heap     ] GC(81) Eden regions: 88->0(611)
[2025-02-01T18:36:20.252+0100][gc,heap     ] GC(81) Survivor regions: 3->3(77)
[2025-02-01T18:36:20.252+0100][gc,heap     ] GC(81) Old regions: 24->25
[2025-02-01T18:36:20.252+0100][gc,heap     ] GC(81) Humongous regions: 334->129
[2025-02-01T18:36:20.252+0100][gc,metaspace] GC(81) Metaspace: 45199K(45888K)->45199K(45888K) NonClass: 39879K(40256K)->39879K(40256K) Class: 5320K(5632K)->5320K(5632K)
[2025-02-01T18:36:20.252+0100][gc          ] GC(81) Pause Young (Concurrent Start) (G1 Humongous Allocation) 448M->155M(1024M) 2.234ms
[2025-02-01T18:36:20.252+0100][gc          ] GC(82) Concurrent Undo Cycle
[2025-02-01T18:36:20.252+0100][gc,cpu      ] GC(81) User=0.01s Sys=0.00s Real=0.00s
[2025-02-01T18:36:20.252+0100][gc,marking  ] GC(82) Concurrent Clear Claimed Marks
[2025-02-01T18:36:20.253+0100][gc,marking  ] GC(82) Concurrent Clear Claimed Marks 0.088ms
[2025-02-01T18:36:20.253+0100][gc,marking  ] GC(82) Concurrent Cleanup for Next Mark
[2025-02-01T18:36:20.253+0100][gc,marking  ] GC(82) Concurrent Cleanup for Next Mark 0.049ms
[2025-02-01T18:36:20.253+0100][gc          ] GC(82) Concurrent Undo Cycle 0.181ms
[2025-02-01T18:36:37.852+0100][gc,start    ] GC(83) Pause Young (Concurrent Start) (G1 Humongous Allocation)
[2025-02-01T18:36:37.853+0100][gc,task     ] GC(83) Using 8 workers of 8 for evacuation
[2025-02-01T18:36:37.856+0100][gc,phases   ] GC(83)   Pre Evacuate Collection Set: 0.2ms
[2025-02-01T18:36:37.856+0100][gc,phases   ] GC(83)   Merge Heap Roots: 0.1ms
[2025-02-01T18:36:37.856+0100][gc,phases   ] GC(83)   Evacuate Collection Set: 2.5ms
[2025-02-01T18:36:37.856+0100][gc,phases   ] GC(83)   Post Evacuate Collection Set: 0.3ms
[2025-02-01T18:36:37.856+0100][gc,phases   ] GC(83)   Other: 0.1ms
[2025-02-01T18:36:37.856+0100][gc,heap     ] GC(83) Eden regions: 30->0(611)
[2025-02-01T18:36:37.856+0100][gc,heap     ] GC(83) Survivor regions: 3->3(77)
[2025-02-01T18:36:37.856+0100][gc,heap     ] GC(83) Old regions: 25->25
[2025-02-01T18:36:37.856+0100][gc,heap     ] GC(83) Humongous regions: 333->130
[2025-02-01T18:36:37.856+0100][gc,metaspace] GC(83) Metaspace: 45199K(45888K)->45199K(45888K) NonClass: 39879K(40256K)->39879K(40256K) Class: 5320K(5632K)->5320K(5632K)
[2025-02-01T18:36:37.856+0100][gc          ] GC(83) Pause Young (Concurrent Start) (G1 Humongous Allocation) 389M->156M(1024M) 4.099ms
[2025-02-01T18:36:37.856+0100][gc          ] GC(84) Concurrent Undo Cycle
[2025-02-01T18:36:37.856+0100][gc,cpu      ] GC(83) User=0.01s Sys=0.00s Real=0.00s
[2025-02-01T18:36:37.856+0100][gc,marking  ] GC(84) Concurrent Clear Claimed Marks
[2025-02-01T18:36:37.856+0100][gc,marking  ] GC(84) Concurrent Clear Claimed Marks 0.069ms
[2025-02-01T18:36:37.856+0100][gc,marking  ] GC(84) Concurrent Cleanup for Next Mark
[2025-02-01T18:36:37.856+0100][gc,marking  ] GC(84) Concurrent Cleanup for Next Mark 0.149ms
[2025-02-01T18:36:37.856+0100][gc          ] GC(84) Concurrent Undo Cycle 0.288ms
[2025-02-01T18:36:38.383+0100][gc,start    ] GC(85) Pause Young (Concurrent Start) (G1 Humongous Allocation)
[2025-02-01T18:36:38.383+0100][gc,task     ] GC(85) Using 8 workers of 8 for evacuation
[2025-02-01T18:36:38.385+0100][gc,phases   ] GC(85)   Pre Evacuate Collection Set: 0.2ms
[2025-02-01T18:36:38.385+0100][gc,phases   ] GC(85)   Merge Heap Roots: 0.0ms
[2025-02-01T18:36:38.385+0100][gc,phases   ] GC(85)   Evacuate Collection Set: 1.3ms
[2025-02-01T18:36:38.385+0100][gc,phases   ] GC(85)   Post Evacuate Collection Set: 0.2ms
[2025-02-01T18:36:38.385+0100][gc,phases   ] GC(85)   Other: 0.1ms
[2025-02-01T18:36:38.385+0100][gc,heap     ] GC(85) Eden regions: 29->0(611)
[2025-02-01T18:36:38.385+0100][gc,heap     ] GC(85) Survivor regions: 3->3(77)
[2025-02-01T18:36:38.385+0100][gc,heap     ] GC(85) Old regions: 25->25
[2025-02-01T18:36:38.385+0100][gc,heap     ] GC(85) Humongous regions: 333->130
[2025-02-01T18:36:38.385+0100][gc,metaspace] GC(85) Metaspace: 45199K(45888K)->45199K(45888K) NonClass: 39879K(40256K)->39879K(40256K) Class: 5320K(5632K)->5320K(5632K)
[2025-02-01T18:36:38.385+0100][gc          ] GC(85) Pause Young (Concurrent Start) (G1 Humongous Allocation) 387M->156M(1024M) 1.836ms
[2025-02-01T18:36:38.385+0100][gc,cpu      ] GC(85) User=0.01s Sys=0.00s Real=0.00s
[2025-02-01T18:36:38.385+0100][gc          ] GC(86) Concurrent Undo Cycle
[2025-02-01T18:36:38.385+0100][gc,marking  ] GC(86) Concurrent Clear Claimed Marks
[2025-02-01T18:36:38.385+0100][gc,marking  ] GC(86) Concurrent Clear Claimed Marks 0.010ms
[2025-02-01T18:36:38.385+0100][gc,marking  ] GC(86) Concurrent Cleanup for Next Mark
[2025-02-01T18:36:38.385+0100][gc,marking  ] GC(86) Concurrent Cleanup for Next Mark 0.039ms
[2025-02-01T18:36:38.385+0100][gc          ] GC(86) Concurrent Undo Cycle 0.073ms
[2025-02-01T18:39:52.263+0100][gc,start    ] GC(87) Pause Young (Concurrent Start) (G1 Humongous Allocation)
[2025-02-01T18:39:52.264+0100][gc,task     ] GC(87) Using 8 workers of 8 for evacuation
[2025-02-01T18:39:52.268+0100][gc,phases   ] GC(87)   Pre Evacuate Collection Set: 0.5ms
[2025-02-01T18:39:52.268+0100][gc,phases   ] GC(87)   Merge Heap Roots: 0.1ms
[2025-02-01T18:39:52.268+0100][gc,phases   ] GC(87)   Evacuate Collection Set: 2.2ms
[2025-02-01T18:39:52.268+0100][gc,phases   ] GC(87)   Post Evacuate Collection Set: 1.1ms
[2025-02-01T18:39:52.268+0100][gc,phases   ] GC(87)   Other: 0.1ms
[2025-02-01T18:39:52.268+0100][gc,heap     ] GC(87) Eden regions: 34->0(611)
[2025-02-01T18:39:52.268+0100][gc,heap     ] GC(87) Survivor regions: 3->3(77)
[2025-02-01T18:39:52.268+0100][gc,heap     ] GC(87) Old regions: 25->25
[2025-02-01T18:39:52.268+0100][gc,heap     ] GC(87) Humongous regions: 333->131
[2025-02-01T18:39:52.268+0100][gc,metaspace] GC(87) Metaspace: 45200K(45888K)->45200K(45888K) NonClass: 39879K(40256K)->39879K(40256K) Class: 5320K(5632K)->5320K(5632K)
[2025-02-01T18:39:52.268+0100][gc          ] GC(87) Pause Young (Concurrent Start) (G1 Humongous Allocation) 393M->157M(1024M) 4.986ms
[2025-02-01T18:39:52.268+0100][gc,cpu      ] GC(87) User=0.01s Sys=0.01s Real=0.00s
[2025-02-01T18:39:52.268+0100][gc          ] GC(88) Concurrent Undo Cycle
[2025-02-01T18:39:52.268+0100][gc,marking  ] GC(88) Concurrent Clear Claimed Marks
[2025-02-01T18:39:52.268+0100][gc,marking  ] GC(88) Concurrent Clear Claimed Marks 0.029ms
[2025-02-01T18:39:52.268+0100][gc,marking  ] GC(88) Concurrent Cleanup for Next Mark
[2025-02-01T18:39:52.268+0100][gc,marking  ] GC(88) Concurrent Cleanup for Next Mark 0.157ms
[2025-02-01T18:39:52.268+0100][gc          ] GC(88) Concurrent Undo Cycle 0.285ms
[2025-02-01T18:39:56.331+0100][gc,start    ] GC(89) Pause Young (Concurrent Start) (G1 Humongous Allocation)
[2025-02-01T18:39:56.331+0100][gc,task     ] GC(89) Using 8 workers of 8 for evacuation
[2025-02-01T18:39:56.333+0100][gc,phases   ] GC(89)   Pre Evacuate Collection Set: 0.2ms
[2025-02-01T18:39:56.333+0100][gc,phases   ] GC(89)   Merge Heap Roots: 0.0ms
[2025-02-01T18:39:56.334+0100][gc,phases   ] GC(89)   Evacuate Collection Set: 1.7ms
[2025-02-01T18:39:56.334+0100][gc,phases   ] GC(89)   Post Evacuate Collection Set: 0.3ms
[2025-02-01T18:39:56.334+0100][gc,phases   ] GC(89)   Other: 0.3ms
[2025-02-01T18:39:56.334+0100][gc,heap     ] GC(89) Eden regions: 102->0(611)
[2025-02-01T18:39:56.334+0100][gc,heap     ] GC(89) Survivor regions: 3->3(77)
[2025-02-01T18:39:56.334+0100][gc,heap     ] GC(89) Old regions: 25->25
[2025-02-01T18:39:56.334+0100][gc,heap     ] GC(89) Humongous regions: 333->131
[2025-02-01T18:39:56.334+0100][gc,metaspace] GC(89) Metaspace: 45200K(45888K)->45200K(45888K) NonClass: 39879K(40256K)->39879K(40256K) Class: 5320K(5632K)->5320K(5632K)
[2025-02-01T18:39:56.334+0100][gc          ] GC(89) Pause Young (Concurrent Start) (G1 Humongous Allocation) 461M->157M(1024M) 2.720ms
[2025-02-01T18:39:56.334+0100][gc          ] GC(90) Concurrent Undo Cycle
[2025-02-01T18:39:56.334+0100][gc,cpu      ] GC(89) User=0.01s Sys=0.00s Real=0.00s
[2025-02-01T18:39:56.334+0100][gc,marking  ] GC(90) Concurrent Clear Claimed Marks
[2025-02-01T18:39:56.334+0100][gc,marking  ] GC(90) Concurrent Clear Claimed Marks 0.041ms
[2025-02-01T18:39:56.334+0100][gc,marking  ] GC(90) Concurrent Cleanup for Next Mark
[2025-02-01T18:39:56.334+0100][gc,marking  ] GC(90) Concurrent Cleanup for Next Mark 0.051ms
[2025-02-01T18:39:56.334+0100][gc          ] GC(90) Concurrent Undo Cycle 0.129ms
[2025-02-01T18:40:02.448+0100][gc,start    ] GC(91) Pause Young (Concurrent Start) (G1 Humongous Allocation)
[2025-02-01T18:40:02.448+0100][gc,task     ] GC(91) Using 8 workers of 8 for evacuation
[2025-02-01T18:40:02.452+0100][gc,phases   ] GC(91)   Pre Evacuate Collection Set: 0.3ms
[2025-02-01T18:40:02.452+0100][gc,phases   ] GC(91)   Merge Heap Roots: 0.0ms
[2025-02-01T18:40:02.452+0100][gc,phases   ] GC(91)   Evacuate Collection Set: 2.7ms
[2025-02-01T18:40:02.452+0100][gc,phases   ] GC(91)   Post Evacuate Collection Set: 0.2ms
[2025-02-01T18:40:02.452+0100][gc,phases   ] GC(91)   Other: 0.1ms
[2025-02-01T18:40:02.452+0100][gc,heap     ] GC(91) Eden regions: 30->0(610)
[2025-02-01T18:40:02.452+0100][gc,heap     ] GC(91) Survivor regions: 3->4(77)
[2025-02-01T18:40:02.452+0100][gc,heap     ] GC(91) Old regions: 25->25
[2025-02-01T18:40:02.452+0100][gc,heap     ] GC(91) Humongous regions: 333->130
[2025-02-01T18:40:02.452+0100][gc,metaspace] GC(91) Metaspace: 45200K(45888K)->45200K(45888K) NonClass: 39879K(40256K)->39879K(40256K) Class: 5320K(5632K)->5320K(5632K)
[2025-02-01T18:40:02.452+0100][gc          ] GC(91) Pause Young (Concurrent Start) (G1 Humongous Allocation) 389M->157M(1024M) 3.401ms
[2025-02-01T18:40:02.452+0100][gc,cpu      ] GC(91) User=0.01s Sys=0.00s Real=0.01s
[2025-02-01T18:40:02.452+0100][gc          ] GC(92) Concurrent Undo Cycle
[2025-02-01T18:40:02.452+0100][gc,marking  ] GC(92) Concurrent Clear Claimed Marks
[2025-02-01T18:40:02.452+0100][gc,marking  ] GC(92) Concurrent Clear Claimed Marks 0.018ms
[2025-02-01T18:40:02.452+0100][gc,marking  ] GC(92) Concurrent Cleanup for Next Mark
[2025-02-01T18:40:02.452+0100][gc,marking  ] GC(92) Concurrent Cleanup for Next Mark 0.170ms
[2025-02-01T18:40:02.452+0100][gc          ] GC(92) Concurrent Undo Cycle 0.289ms
[2025-02-01T18:40:17.492+0100][gc,start    ] GC(93) Pause Young (Concurrent Start) (G1 Humongous Allocation)
[2025-02-01T18:40:17.492+0100][gc,task     ] GC(93) Using 8 workers of 8 for evacuation
[2025-02-01T18:40:17.494+0100][gc,phases   ] GC(93)   Pre Evacuate Collection Set: 0.1ms
[2025-02-01T18:40:17.494+0100][gc,phases   ] GC(93)   Merge Heap Roots: 0.1ms
[2025-02-01T18:40:17.494+0100][gc,phases   ] GC(93)   Evacuate Collection Set: 1.4ms
[2025-02-01T18:40:17.494+0100][gc,phases   ] GC(93)   Post Evacuate Collection Set: 0.2ms
[2025-02-01T18:40:17.494+0100][gc,phases   ] GC(93)   Other: 0.1ms
[2025-02-01T18:40:17.494+0100][gc,heap     ] GC(93) Eden regions: 31->0(610)
[2025-02-01T18:40:17.494+0100][gc,heap     ] GC(93) Survivor regions: 4->4(77)
[2025-02-01T18:40:17.494+0100][gc,heap     ] GC(93) Old regions: 25->25
[2025-02-01T18:40:17.494+0100][gc,heap     ] GC(93) Humongous regions: 333->130
[2025-02-01T18:40:17.494+0100][gc,metaspace] GC(93) Metaspace: 45200K(45888K)->45200K(45888K) NonClass: 39879K(40256K)->39879K(40256K) Class: 5320K(5632K)->5320K(5632K)
[2025-02-01T18:40:17.494+0100][gc          ] GC(93) Pause Young (Concurrent Start) (G1 Humongous Allocation) 391M->157M(1024M) 2.080ms
[2025-02-01T18:40:17.494+0100][gc          ] GC(94) Concurrent Undo Cycle
[2025-02-01T18:40:17.494+0100][gc,cpu      ] GC(93) User=0.01s Sys=0.00s Real=0.00s
[2025-02-01T18:40:17.494+0100][gc,marking  ] GC(94) Concurrent Clear Claimed Marks
[2025-02-01T18:40:17.494+0100][gc,marking  ] GC(94) Concurrent Clear Claimed Marks 0.031ms
[2025-02-01T18:40:17.494+0100][gc,marking  ] GC(94) Concurrent Cleanup for Next Mark
[2025-02-01T18:40:17.494+0100][gc,marking  ] GC(94) Concurrent Cleanup for Next Mark 0.049ms
[2025-02-01T18:40:17.494+0100][gc          ] GC(94) Concurrent Undo Cycle 0.116ms
[2025-02-01T18:44:21.073+0100][gc,start    ] GC(95) Pause Young (Concurrent Start) (G1 Humongous Allocation)
[2025-02-01T18:44:21.073+0100][gc,task     ] GC(95) Using 8 workers of 8 for evacuation
[2025-02-01T18:44:21.079+0100][gc,phases   ] GC(95)   Pre Evacuate Collection Set: 1.1ms
[2025-02-01T18:44:21.079+0100][gc,phases   ] GC(95)   Merge Heap Roots: 0.1ms
[2025-02-01T18:44:21.079+0100][gc,phases   ] GC(95)   Evacuate Collection Set: 3.4ms
[2025-02-01T18:44:21.079+0100][gc,phases   ] GC(95)   Post Evacuate Collection Set: 1.0ms
[2025-02-01T18:44:21.079+0100][gc,phases   ] GC(95)   Other: 0.3ms
[2025-02-01T18:44:21.079+0100][gc,heap     ] GC(95) Eden regions: 49->0(610)
[2025-02-01T18:44:21.079+0100][gc,heap     ] GC(95) Survivor regions: 4->4(77)
[2025-02-01T18:44:21.079+0100][gc,heap     ] GC(95) Old regions: 25->25
[2025-02-01T18:44:21.079+0100][gc,heap     ] GC(95) Humongous regions: 333->130
[2025-02-01T18:44:21.079+0100][gc,metaspace] GC(95) Metaspace: 45200K(45888K)->45200K(45888K) NonClass: 39879K(40256K)->39879K(40256K) Class: 5320K(5632K)->5320K(5632K)
[2025-02-01T18:44:21.079+0100][gc          ] GC(95) Pause Young (Concurrent Start) (G1 Humongous Allocation) 409M->157M(1024M) 6.310ms
[2025-02-01T18:44:21.079+0100][gc,cpu      ] GC(95) User=0.01s Sys=0.01s Real=0.00s
[2025-02-01T18:44:21.079+0100][gc          ] GC(96) Concurrent Undo Cycle
[2025-02-01T18:44:21.079+0100][gc,marking  ] GC(96) Concurrent Clear Claimed Marks
[2025-02-01T18:44:21.079+0100][gc,marking  ] GC(96) Concurrent Clear Claimed Marks 0.041ms
[2025-02-01T18:44:21.079+0100][gc,marking  ] GC(96) Concurrent Cleanup for Next Mark
[2025-02-01T18:44:21.079+0100][gc,marking  ] GC(96) Concurrent Cleanup for Next Mark 0.077ms
[2025-02-01T18:44:21.079+0100][gc          ] GC(96) Concurrent Undo Cycle 0.213ms
[2025-02-01T18:49:45.983+0100][gc,start    ] GC(97) Pause Young (Concurrent Start) (G1 Humongous Allocation)
[2025-02-01T18:49:45.983+0100][gc,task     ] GC(97) Using 8 workers of 8 for evacuation
[2025-02-01T18:49:45.988+0100][gc,phases   ] GC(97)   Pre Evacuate Collection Set: 0.9ms
[2025-02-01T18:49:45.988+0100][gc,phases   ] GC(97)   Merge Heap Roots: 0.1ms
[2025-02-01T18:49:45.988+0100][gc,phases   ] GC(97)   Evacuate Collection Set: 2.9ms
[2025-02-01T18:49:45.988+0100][gc,phases   ] GC(97)   Post Evacuate Collection Set: 0.9ms
[2025-02-01T18:49:45.988+0100][gc,phases   ] GC(97)   Other: 0.1ms
[2025-02-01T18:49:45.988+0100][gc,heap     ] GC(97) Eden regions: 38->0(610)
[2025-02-01T18:49:45.988+0100][gc,heap     ] GC(97) Survivor regions: 4->4(77)
[2025-02-01T18:49:45.988+0100][gc,heap     ] GC(97) Old regions: 25->25
[2025-02-01T18:49:45.988+0100][gc,heap     ] GC(97) Humongous regions: 333->131
[2025-02-01T18:49:45.988+0100][gc,metaspace] GC(97) Metaspace: 45200K(45888K)->45200K(45888K) NonClass: 39880K(40256K)->39880K(40256K) Class: 5320K(5632K)->5320K(5632K)
[2025-02-01T18:49:45.988+0100][gc          ] GC(97) Pause Young (Concurrent Start) (G1 Humongous Allocation) 398M->158M(1024M) 5.790ms
[2025-02-01T18:49:45.988+0100][gc,cpu      ] GC(97) User=0.01s Sys=0.01s Real=0.00s
[2025-02-01T18:49:45.989+0100][gc          ] GC(98) Concurrent Undo Cycle
[2025-02-01T18:49:45.989+0100][gc,marking  ] GC(98) Concurrent Clear Claimed Marks
[2025-02-01T18:49:45.989+0100][gc,marking  ] GC(98) Concurrent Clear Claimed Marks 0.038ms
[2025-02-01T18:49:45.989+0100][gc,marking  ] GC(98) Concurrent Cleanup for Next Mark
[2025-02-01T18:49:45.989+0100][gc,marking  ] GC(98) Concurrent Cleanup for Next Mark 0.056ms
[2025-02-01T18:49:45.989+0100][gc          ] GC(98) Concurrent Undo Cycle 0.134ms
[2025-02-01T18:50:16.201+0100][gc,start    ] GC(99) Pause Young (Concurrent Start) (G1 Humongous Allocation)
[2025-02-01T18:50:16.202+0100][gc,task     ] GC(99) Using 8 workers of 8 for evacuation
[2025-02-01T18:50:16.204+0100][gc,phases   ] GC(99)   Pre Evacuate Collection Set: 0.1ms
[2025-02-01T18:50:16.204+0100][gc,phases   ] GC(99)   Merge Heap Roots: 0.1ms
[2025-02-01T18:50:16.204+0100][gc,phases   ] GC(99)   Evacuate Collection Set: 1.6ms
[2025-02-01T18:50:16.204+0100][gc,phases   ] GC(99)   Post Evacuate Collection Set: 0.3ms
[2025-02-01T18:50:16.204+0100][gc,phases   ] GC(99)   Other: 0.1ms
[2025-02-01T18:50:16.204+0100][gc,heap     ] GC(99) Eden regions: 61->0(611)
[2025-02-01T18:50:16.204+0100][gc,heap     ] GC(99) Survivor regions: 4->3(77)
[2025-02-01T18:50:16.204+0100][gc,heap     ] GC(99) Old regions: 25->25
[2025-02-01T18:50:16.204+0100][gc,heap     ] GC(99) Humongous regions: 333->130
[2025-02-01T18:50:16.204+0100][gc,metaspace] GC(99) Metaspace: 45200K(45888K)->45200K(45888K) NonClass: 39880K(40256K)->39880K(40256K) Class: 5320K(5632K)->5320K(5632K)
[2025-02-01T18:50:16.204+0100][gc          ] GC(99) Pause Young (Concurrent Start) (G1 Humongous Allocation) 421M->157M(1024M) 3.110ms
[2025-02-01T18:50:16.204+0100][gc,cpu      ] GC(99) User=0.01s Sys=0.00s Real=0.00s
[2025-02-01T18:50:16.204+0100][gc          ] GC(100) Concurrent Undo Cycle
[2025-02-01T18:50:16.204+0100][gc,marking  ] GC(100) Concurrent Clear Claimed Marks
[2025-02-01T18:50:16.204+0100][gc,marking  ] GC(100) Concurrent Clear Claimed Marks 0.014ms
[2025-02-01T18:50:16.204+0100][gc,marking  ] GC(100) Concurrent Cleanup for Next Mark
[2025-02-01T18:50:16.205+0100][gc,marking  ] GC(100) Concurrent Cleanup for Next Mark 0.105ms
[2025-02-01T18:50:16.205+0100][gc          ] GC(100) Concurrent Undo Cycle 0.180ms
[2025-02-01T19:03:04.475+0100][gc,start    ] GC(101) Pause Young (Concurrent Start) (G1 Humongous Allocation)
[2025-02-01T19:03:04.475+0100][gc,task     ] GC(101) Using 8 workers of 8 for evacuation
[2025-02-01T19:03:04.479+0100][gc,phases   ] GC(101)   Pre Evacuate Collection Set: 0.7ms
[2025-02-01T19:03:04.479+0100][gc,phases   ] GC(101)   Merge Heap Roots: 0.1ms
[2025-02-01T19:03:04.479+0100][gc,phases   ] GC(101)   Evacuate Collection Set: 2.4ms
[2025-02-01T19:03:04.479+0100][gc,phases   ] GC(101)   Post Evacuate Collection Set: 0.7ms
[2025-02-01T19:03:04.479+0100][gc,phases   ] GC(101)   Other: 0.1ms
[2025-02-01T19:03:04.479+0100][gc,heap     ] GC(101) Eden regions: 37->0(611)
[2025-02-01T19:03:04.479+0100][gc,heap     ] GC(101) Survivor regions: 3->3(77)
[2025-02-01T19:03:04.479+0100][gc,heap     ] GC(101) Old regions: 25->25
[2025-02-01T19:03:04.479+0100][gc,heap     ] GC(101) Humongous regions: 333->131
[2025-02-01T19:03:04.479+0100][gc,metaspace] GC(101) Metaspace: 45201K(45888K)->45201K(45888K) NonClass: 39881K(40256K)->39881K(40256K) Class: 5320K(5632K)->5320K(5632K)
[2025-02-01T19:03:04.479+0100][gc          ] GC(101) Pause Young (Concurrent Start) (G1 Humongous Allocation) 396M->158M(1024M) 4.436ms
[2025-02-01T19:03:04.479+0100][gc          ] GC(102) Concurrent Undo Cycle
[2025-02-01T19:03:04.479+0100][gc,cpu      ] GC(101) User=0.01s Sys=0.02s Real=0.00s
[2025-02-01T19:03:04.479+0100][gc,marking  ] GC(102) Concurrent Clear Claimed Marks
[2025-02-01T19:03:04.479+0100][gc,marking  ] GC(102) Concurrent Clear Claimed Marks 0.024ms
[2025-02-01T19:03:04.479+0100][gc,marking  ] GC(102) Concurrent Cleanup for Next Mark
[2025-02-01T19:03:04.479+0100][gc,marking  ] GC(102) Concurrent Cleanup for Next Mark 0.307ms
[2025-02-01T19:03:04.479+0100][gc          ] GC(102) Concurrent Undo Cycle 0.375ms
[2025-02-01T19:03:35.185+0100][gc,start    ] GC(103) Pause Young (Concurrent Start) (G1 Humongous Allocation)
[2025-02-01T19:03:35.186+0100][gc,task     ] GC(103) Using 8 workers of 8 for evacuation
[2025-02-01T19:03:35.188+0100][gc,phases   ] GC(103)   Pre Evacuate Collection Set: 0.2ms
[2025-02-01T19:03:35.188+0100][gc,phases   ] GC(103)   Merge Heap Roots: 0.1ms
[2025-02-01T19:03:35.188+0100][gc,phases   ] GC(103)   Evacuate Collection Set: 1.9ms
[2025-02-01T19:03:35.188+0100][gc,phases   ] GC(103)   Post Evacuate Collection Set: 0.4ms
[2025-02-01T19:03:35.188+0100][gc,phases   ] GC(103)   Other: 0.1ms
[2025-02-01T19:03:35.188+0100][gc,heap     ] GC(103) Eden regions: 74->0(611)
[2025-02-01T19:03:35.188+0100][gc,heap     ] GC(103) Survivor regions: 3->3(77)
[2025-02-01T19:03:35.188+0100][gc,heap     ] GC(103) Old regions: 25->25
[2025-02-01T19:03:35.188+0100][gc,heap     ] GC(103) Humongous regions: 333->129
[2025-02-01T19:03:35.188+0100][gc,metaspace] GC(103) Metaspace: 45201K(45888K)->45201K(45888K) NonClass: 39881K(40256K)->39881K(40256K) Class: 5320K(5632K)->5320K(5632K)
[2025-02-01T19:03:35.188+0100][gc          ] GC(103) Pause Young (Concurrent Start) (G1 Humongous Allocation) 434M->156M(1024M) 3.021ms
[2025-02-01T19:03:35.188+0100][gc,cpu      ] GC(103) User=0.01s Sys=0.00s Real=0.00s
[2025-02-01T19:03:35.188+0100][gc          ] GC(104) Concurrent Undo Cycle
[2025-02-01T19:03:35.188+0100][gc,marking  ] GC(104) Concurrent Clear Claimed Marks
[2025-02-01T19:03:35.188+0100][gc,marking  ] GC(104) Concurrent Clear Claimed Marks 0.021ms
[2025-02-01T19:03:35.188+0100][gc,marking  ] GC(104) Concurrent Cleanup for Next Mark
[2025-02-01T19:03:35.189+0100][gc,marking  ] GC(104) Concurrent Cleanup for Next Mark 0.047ms
[2025-02-01T19:03:35.189+0100][gc          ] GC(104) Concurrent Undo Cycle 0.100ms
[2025-02-01T19:18:46.675+0100][gc,start    ] GC(105) Pause Young (Concurrent Start) (G1 Humongous Allocation)
[2025-02-01T19:18:46.676+0100][gc,task     ] GC(105) Using 8 workers of 8 for evacuation
[2025-02-01T19:18:46.682+0100][gc,phases   ] GC(105)   Pre Evacuate Collection Set: 1.5ms
[2025-02-01T19:18:46.682+0100][gc,phases   ] GC(105)   Merge Heap Roots: 0.1ms
[2025-02-01T19:18:46.682+0100][gc,phases   ] GC(105)   Evacuate Collection Set: 3.6ms
[2025-02-01T19:18:46.682+0100][gc,phases   ] GC(105)   Post Evacuate Collection Set: 1.1ms
[2025-02-01T19:18:46.683+0100][gc,phases   ] GC(105)   Other: 0.3ms
[2025-02-01T19:18:46.683+0100][gc,heap     ] GC(105) Eden regions: 38->0(611)
[2025-02-01T19:18:46.683+0100][gc,heap     ] GC(105) Survivor regions: 3->3(77)
[2025-02-01T19:18:46.683+0100][gc,heap     ] GC(105) Old regions: 25->25
[2025-02-01T19:18:46.683+0100][gc,heap     ] GC(105) Humongous regions: 333->130
[2025-02-01T19:18:46.683+0100][gc,metaspace] GC(105) Metaspace: 45202K(45888K)->45202K(45888K) NonClass: 39882K(40256K)->39882K(40256K) Class: 5320K(5632K)->5320K(5632K)
[2025-02-01T19:18:46.683+0100][gc          ] GC(105) Pause Young (Concurrent Start) (G1 Humongous Allocation) 398M->157M(1024M) 7.480ms
[2025-02-01T19:18:46.683+0100][gc          ] GC(106) Concurrent Undo Cycle
[2025-02-01T19:18:46.683+0100][gc,cpu      ] GC(105) User=0.01s Sys=0.02s Real=0.01s
[2025-02-01T19:18:46.683+0100][gc,marking  ] GC(106) Concurrent Clear Claimed Marks
[2025-02-01T19:18:46.683+0100][gc,marking  ] GC(106) Concurrent Clear Claimed Marks 0.048ms
[2025-02-01T19:18:46.683+0100][gc,marking  ] GC(106) Concurrent Cleanup for Next Mark
[2025-02-01T19:18:46.683+0100][gc,marking  ] GC(106) Concurrent Cleanup for Next Mark 0.066ms
[2025-02-01T19:18:46.683+0100][gc          ] GC(106) Concurrent Undo Cycle 0.175ms
[2025-02-01T19:18:47.282+0100][gc,start    ] GC(107) Pause Young (Concurrent Start) (G1 Humongous Allocation)
[2025-02-01T19:18:47.282+0100][gc,task     ] GC(107) Using 8 workers of 8 for evacuation
[2025-02-01T19:18:47.284+0100][gc,phases   ] GC(107)   Pre Evacuate Collection Set: 0.2ms
[2025-02-01T19:18:47.284+0100][gc,phases   ] GC(107)   Merge Heap Roots: 0.0ms
[2025-02-01T19:18:47.284+0100][gc,phases   ] GC(107)   Evacuate Collection Set: 1.7ms
[2025-02-01T19:18:47.284+0100][gc,phases   ] GC(107)   Post Evacuate Collection Set: 0.3ms
[2025-02-01T19:18:47.284+0100][gc,phases   ] GC(107)   Other: 0.0ms
[2025-02-01T19:18:47.284+0100][gc,heap     ] GC(107) Eden regions: 29->0(611)
[2025-02-01T19:18:47.284+0100][gc,heap     ] GC(107) Survivor regions: 3->3(77)
[2025-02-01T19:18:47.284+0100][gc,heap     ] GC(107) Old regions: 25->25
[2025-02-01T19:18:47.284+0100][gc,heap     ] GC(107) Humongous regions: 333->130
[2025-02-01T19:18:47.284+0100][gc,metaspace] GC(107) Metaspace: 45202K(45888K)->45202K(45888K) NonClass: 39882K(40256K)->39882K(40256K) Class: 5320K(5632K)->5320K(5632K)
[2025-02-01T19:18:47.284+0100][gc          ] GC(107) Pause Young (Concurrent Start) (G1 Humongous Allocation) 389M->157M(1024M) 2.383ms
[2025-02-01T19:18:47.284+0100][gc,cpu      ] GC(107) User=0.01s Sys=0.00s Real=0.00s
[2025-02-01T19:18:47.284+0100][gc          ] GC(108) Concurrent Undo Cycle
[2025-02-01T19:18:47.284+0100][gc,marking  ] GC(108) Concurrent Clear Claimed Marks
[2025-02-01T19:18:47.284+0100][gc,marking  ] GC(108) Concurrent Clear Claimed Marks 0.014ms
[2025-02-01T19:18:47.284+0100][gc,marking  ] GC(108) Concurrent Cleanup for Next Mark
[2025-02-01T19:18:47.284+0100][gc,marking  ] GC(108) Concurrent Cleanup for Next Mark 0.042ms
[2025-02-01T19:18:47.284+0100][gc          ] GC(108) Concurrent Undo Cycle 0.079ms
[2025-02-01T19:18:54.791+0100][gc,start    ] GC(109) Pause Young (Concurrent Start) (G1 Humongous Allocation)
[2025-02-01T19:18:54.792+0100][gc,task     ] GC(109) Using 8 workers of 8 for evacuation
[2025-02-01T19:18:54.795+0100][gc,phases   ] GC(109)   Pre Evacuate Collection Set: 0.2ms
[2025-02-01T19:18:54.795+0100][gc,phases   ] GC(109)   Merge Heap Roots: 0.0ms
[2025-02-01T19:18:54.795+0100][gc,phases   ] GC(109)   Evacuate Collection Set: 2.5ms
[2025-02-01T19:18:54.795+0100][gc,phases   ] GC(109)   Post Evacuate Collection Set: 0.2ms
[2025-02-01T19:18:54.795+0100][gc,phases   ] GC(109)   Other: 0.1ms
[2025-02-01T19:18:54.795+0100][gc,heap     ] GC(109) Eden regions: 88->0(611)
[2025-02-01T19:18:54.795+0100][gc,heap     ] GC(109) Survivor regions: 3->3(77)
[2025-02-01T19:18:54.795+0100][gc,heap     ] GC(109) Old regions: 25->25
[2025-02-01T19:18:54.795+0100][gc,heap     ] GC(109) Humongous regions: 333->131
[2025-02-01T19:18:54.795+0100][gc,metaspace] GC(109) Metaspace: 45202K(45888K)->45202K(45888K) NonClass: 39882K(40256K)->39882K(40256K) Class: 5320K(5632K)->5320K(5632K)
[2025-02-01T19:18:54.795+0100][gc          ] GC(109) Pause Young (Concurrent Start) (G1 Humongous Allocation) 448M->158M(1024M) 3.908ms
[2025-02-01T19:18:54.795+0100][gc          ] GC(110) Concurrent Undo Cycle
[2025-02-01T19:18:54.795+0100][gc,cpu      ] GC(109) User=0.01s Sys=0.00s Real=0.00s
[2025-02-01T19:18:54.795+0100][gc,marking  ] GC(110) Concurrent Clear Claimed Marks
[2025-02-01T19:18:54.795+0100][gc,marking  ] GC(110) Concurrent Clear Claimed Marks 0.029ms
[2025-02-01T19:18:54.795+0100][gc,marking  ] GC(110) Concurrent Cleanup for Next Mark
[2025-02-01T19:18:54.795+0100][gc,marking  ] GC(110) Concurrent Cleanup for Next Mark 0.061ms
[2025-02-01T19:18:54.795+0100][gc          ] GC(110) Concurrent Undo Cycle 0.124ms
[2025-02-01T19:19:45.560+0100][gc,start    ] GC(111) Pause Young (Concurrent Start) (G1 Humongous Allocation)
[2025-02-01T19:19:45.560+0100][gc,task     ] GC(111) Using 8 workers of 8 for evacuation
[2025-02-01T19:19:45.562+0100][gc,phases   ] GC(111)   Pre Evacuate Collection Set: 0.3ms
[2025-02-01T19:19:45.562+0100][gc,phases   ] GC(111)   Merge Heap Roots: 0.0ms
[2025-02-01T19:19:45.562+0100][gc,phases   ] GC(111)   Evacuate Collection Set: 1.5ms
[2025-02-01T19:19:45.562+0100][gc,phases   ] GC(111)   Post Evacuate Collection Set: 0.3ms
[2025-02-01T19:19:45.562+0100][gc,phases   ] GC(111)   Other: 0.1ms
[2025-02-01T19:19:45.562+0100][gc,heap     ] GC(111) Eden regions: 32->0(611)
[2025-02-01T19:19:45.562+0100][gc,heap     ] GC(111) Survivor regions: 3->3(77)
[2025-02-01T19:19:45.562+0100][gc,heap     ] GC(111) Old regions: 25->25
[2025-02-01T19:19:45.562+0100][gc,heap     ] GC(111) Humongous regions: 333->129
[2025-02-01T19:19:45.562+0100][gc,metaspace] GC(111) Metaspace: 45202K(45888K)->45202K(45888K) NonClass: 39882K(40256K)->39882K(40256K) Class: 5320K(5632K)->5320K(5632K)
[2025-02-01T19:19:45.562+0100][gc          ] GC(111) Pause Young (Concurrent Start) (G1 Humongous Allocation) 392M->156M(1024M) 2.761ms
[2025-02-01T19:19:45.562+0100][gc,cpu      ] GC(111) User=0.01s Sys=0.00s Real=0.00s
[2025-02-01T19:19:45.562+0100][gc          ] GC(112) Concurrent Undo Cycle
[2025-02-01T19:19:45.563+0100][gc,marking  ] GC(112) Concurrent Clear Claimed Marks
[2025-02-01T19:19:45.563+0100][gc,marking  ] GC(112) Concurrent Clear Claimed Marks 0.016ms
[2025-02-01T19:19:45.563+0100][gc,marking  ] GC(112) Concurrent Cleanup for Next Mark
[2025-02-01T19:19:45.563+0100][gc,marking  ] GC(112) Concurrent Cleanup for Next Mark 0.044ms
[2025-02-01T19:19:45.563+0100][gc          ] GC(112) Concurrent Undo Cycle 0.092ms
[2025-02-01T19:30:30.138+0100][gc,start    ] GC(113) Pause Young (Concurrent Start) (G1 Humongous Allocation)
[2025-02-01T19:30:30.138+0100][gc,task     ] GC(113) Using 8 workers of 8 for evacuation
[2025-02-01T19:30:30.142+0100][gc,phases   ] GC(113)   Pre Evacuate Collection Set: 0.9ms
[2025-02-01T19:30:30.143+0100][gc,phases   ] GC(113)   Merge Heap Roots: 0.1ms
[2025-02-01T19:30:30.143+0100][gc,phases   ] GC(113)   Evacuate Collection Set: 2.9ms
[2025-02-01T19:30:30.143+0100][gc,phases   ] GC(113)   Post Evacuate Collection Set: 0.8ms
[2025-02-01T19:30:30.143+0100][gc,phases   ] GC(113)   Other: 0.1ms
[2025-02-01T19:30:30.143+0100][gc,heap     ] GC(113) Eden regions: 37->0(611)
[2025-02-01T19:30:30.143+0100][gc,heap     ] GC(113) Survivor regions: 3->3(77)
[2025-02-01T19:30:30.143+0100][gc,heap     ] GC(113) Old regions: 25->25
[2025-02-01T19:30:30.143+0100][gc,heap     ] GC(113) Humongous regions: 333->130
[2025-02-01T19:30:30.143+0100][gc,metaspace] GC(113) Metaspace: 45202K(45888K)->45202K(45888K) NonClass: 39882K(40256K)->39882K(40256K) Class: 5320K(5632K)->5320K(5632K)
[2025-02-01T19:30:30.143+0100][gc          ] GC(113) Pause Young (Concurrent Start) (G1 Humongous Allocation) 397M->157M(1024M) 5.075ms
[2025-02-01T19:30:30.143+0100][gc          ] GC(114) Concurrent Undo Cycle
[2025-02-01T19:30:30.143+0100][gc,cpu      ] GC(113) User=0.01s Sys=0.01s Real=0.01s
[2025-02-01T19:30:30.143+0100][gc,marking  ] GC(114) Concurrent Clear Claimed Marks
[2025-02-01T19:30:30.143+0100][gc,marking  ] GC(114) Concurrent Clear Claimed Marks 0.030ms
[2025-02-01T19:30:30.143+0100][gc,marking  ] GC(114) Concurrent Cleanup for Next Mark
[2025-02-01T19:30:30.143+0100][gc,marking  ] GC(114) Concurrent Cleanup for Next Mark 0.091ms
[2025-02-01T19:30:30.143+0100][gc          ] GC(114) Concurrent Undo Cycle 0.171ms
[2025-02-01T19:30:30.765+0100][gc,start    ] GC(115) Pause Young (Concurrent Start) (G1 Humongous Allocation)
[2025-02-01T19:30:30.765+0100][gc,task     ] GC(115) Using 8 workers of 8 for evacuation
[2025-02-01T19:30:30.768+0100][gc,phases   ] GC(115)   Pre Evacuate Collection Set: 0.3ms
[2025-02-01T19:30:30.768+0100][gc,phases   ] GC(115)   Merge Heap Roots: 0.0ms
[2025-02-01T19:30:30.768+0100][gc,phases   ] GC(115)   Evacuate Collection Set: 2.0ms
[2025-02-01T19:30:30.768+0100][gc,phases   ] GC(115)   Post Evacuate Collection Set: 0.5ms
[2025-02-01T19:30:30.768+0100][gc,phases   ] GC(115)   Other: 0.5ms
[2025-02-01T19:30:30.768+0100][gc,heap     ] GC(115) Eden regions: 29->0(610)
[2025-02-01T19:30:30.768+0100][gc,heap     ] GC(115) Survivor regions: 3->4(77)
[2025-02-01T19:30:30.768+0100][gc,heap     ] GC(115) Old regions: 25->26
[2025-02-01T19:30:30.768+0100][gc,heap     ] GC(115) Humongous regions: 333->130
[2025-02-01T19:30:30.768+0100][gc,metaspace] GC(115) Metaspace: 45202K(45888K)->45202K(45888K) NonClass: 39882K(40256K)->39882K(40256K) Class: 5320K(5632K)->5320K(5632K)
[2025-02-01T19:30:30.768+0100][gc          ] GC(115) Pause Young (Concurrent Start) (G1 Humongous Allocation) 389M->158M(1024M) 3.514ms
[2025-02-01T19:30:30.768+0100][gc          ] GC(116) Concurrent Undo Cycle
[2025-02-01T19:30:30.768+0100][gc,cpu      ] GC(115) User=0.01s Sys=0.00s Real=0.00s
[2025-02-01T19:30:30.768+0100][gc,marking  ] GC(116) Concurrent Clear Claimed Marks
[2025-02-01T19:30:30.768+0100][gc,marking  ] GC(116) Concurrent Clear Claimed Marks 0.037ms
[2025-02-01T19:30:30.768+0100][gc,marking  ] GC(116) Concurrent Cleanup for Next Mark
[2025-02-01T19:30:30.768+0100][gc,marking  ] GC(116) Concurrent Cleanup for Next Mark 0.081ms
[2025-02-01T19:30:30.768+0100][gc          ] GC(116) Concurrent Undo Cycle 0.170ms
[2025-02-01T19:30:39.256+0100][gc,start    ] GC(117) Pause Young (Concurrent Start) (G1 Humongous Allocation)
[2025-02-01T19:30:39.256+0100][gc,task     ] GC(117) Using 8 workers of 8 for evacuation
[2025-02-01T19:30:39.259+0100][gc,phases   ] GC(117)   Pre Evacuate Collection Set: 0.3ms
[2025-02-01T19:30:39.259+0100][gc,phases   ] GC(117)   Merge Heap Roots: 0.0ms
[2025-02-01T19:30:39.259+0100][gc,phases   ] GC(117)   Evacuate Collection Set: 2.6ms
[2025-02-01T19:30:39.259+0100][gc,phases   ] GC(117)   Post Evacuate Collection Set: 0.3ms
[2025-02-01T19:30:39.259+0100][gc,phases   ] GC(117)   Other: 0.1ms
[2025-02-01T19:30:39.259+0100][gc,heap     ] GC(117) Eden regions: 102->0(610)
[2025-02-01T19:30:39.259+0100][gc,heap     ] GC(117) Survivor regions: 4->4(77)
[2025-02-01T19:30:39.259+0100][gc,heap     ] GC(117) Old regions: 26->26
[2025-02-01T19:30:39.259+0100][gc,heap     ] GC(117) Humongous regions: 332->130
[2025-02-01T19:30:39.259+0100][gc,metaspace] GC(117) Metaspace: 45202K(45888K)->45202K(45888K) NonClass: 39882K(40256K)->39882K(40256K) Class: 5320K(5632K)->5320K(5632K)
[2025-02-01T19:30:39.259+0100][gc          ] GC(117) Pause Young (Concurrent Start) (G1 Humongous Allocation) 461M->158M(1024M) 3.619ms
[2025-02-01T19:30:39.259+0100][gc,cpu      ] GC(117) User=0.00s Sys=0.00s Real=0.00s
[2025-02-01T19:30:39.259+0100][gc          ] GC(118) Concurrent Undo Cycle
[2025-02-01T19:30:39.259+0100][gc,marking  ] GC(118) Concurrent Clear Claimed Marks
[2025-02-01T19:30:39.259+0100][gc,marking  ] GC(118) Concurrent Clear Claimed Marks 0.043ms
[2025-02-01T19:30:39.259+0100][gc,marking  ] GC(118) Concurrent Cleanup for Next Mark
[2025-02-01T19:30:39.260+0100][gc,marking  ] GC(118) Concurrent Cleanup for Next Mark 0.154ms
[2025-02-01T19:30:39.260+0100][gc          ] GC(118) Concurrent Undo Cycle 0.249ms
[2025-02-01T19:31:05.521+0100][gc,start    ] GC(119) Pause Young (Concurrent Start) (G1 Humongous Allocation)
[2025-02-01T19:31:05.521+0100][gc,task     ] GC(119) Using 8 workers of 8 for evacuation
[2025-02-01T19:31:05.526+0100][gc,phases   ] GC(119)   Pre Evacuate Collection Set: 1.2ms
[2025-02-01T19:31:05.526+0100][gc,phases   ] GC(119)   Merge Heap Roots: 0.1ms
[2025-02-01T19:31:05.526+0100][gc,phases   ] GC(119)   Evacuate Collection Set: 2.8ms
[2025-02-01T19:31:05.526+0100][gc,phases   ] GC(119)   Post Evacuate Collection Set: 0.8ms
[2025-02-01T19:31:05.526+0100][gc,phases   ] GC(119)   Other: 0.1ms
[2025-02-01T19:31:05.526+0100][gc,heap     ] GC(119) Eden regions: 31->0(610)
[2025-02-01T19:31:05.526+0100][gc,heap     ] GC(119) Survivor regions: 4->4(77)
[2025-02-01T19:31:05.526+0100][gc,heap     ] GC(119) Old regions: 26->26
[2025-02-01T19:31:05.526+0100][gc,heap     ] GC(119) Humongous regions: 332->131
[2025-02-01T19:31:05.526+0100][gc,metaspace] GC(119) Metaspace: 45202K(45888K)->45202K(45888K) NonClass: 39882K(40256K)->39882K(40256K) Class: 5320K(5632K)->5320K(5632K)
[2025-02-01T19:31:05.526+0100][gc          ] GC(119) Pause Young (Concurrent Start) (G1 Humongous Allocation) 391M->159M(1024M) 5.258ms
[2025-02-01T19:31:05.526+0100][gc,cpu      ] GC(119) User=0.01s Sys=0.01s Real=0.00s
[2025-02-01T19:31:05.526+0100][gc          ] GC(120) Concurrent Undo Cycle
[2025-02-01T19:31:05.526+0100][gc,marking  ] GC(120) Concurrent Clear Claimed Marks
[2025-02-01T19:31:05.526+0100][gc,marking  ] GC(120) Concurrent Clear Claimed Marks 0.034ms
[2025-02-01T19:31:05.526+0100][gc,marking  ] GC(120) Concurrent Cleanup for Next Mark
[2025-02-01T19:31:05.526+0100][gc,marking  ] GC(120) Concurrent Cleanup for Next Mark 0.066ms
[2025-02-01T19:31:05.526+0100][gc          ] GC(120) Concurrent Undo Cycle 0.152ms
[2025-02-01T19:37:43.036+0100][gc,start    ] GC(121) Pause Young (Concurrent Start) (G1 Humongous Allocation)
[2025-02-01T19:37:43.036+0100][gc,task     ] GC(121) Using 8 workers of 8 for evacuation
[2025-02-01T19:37:43.045+0100][gc,phases   ] GC(121)   Pre Evacuate Collection Set: 1.4ms
[2025-02-01T19:37:43.045+0100][gc,phases   ] GC(121)   Merge Heap Roots: 0.1ms
[2025-02-01T19:37:43.045+0100][gc,phases   ] GC(121)   Evacuate Collection Set: 6.0ms
[2025-02-01T19:37:43.045+0100][gc,phases   ] GC(121)   Post Evacuate Collection Set: 1.0ms
[2025-02-01T19:37:43.045+0100][gc,phases   ] GC(121)   Other: 0.1ms
[2025-02-01T19:37:43.045+0100][gc,heap     ] GC(121) Eden regions: 38->0(611)
[2025-02-01T19:37:43.045+0100][gc,heap     ] GC(121) Survivor regions: 4->3(77)
[2025-02-01T19:37:43.045+0100][gc,heap     ] GC(121) Old regions: 26->26
[2025-02-01T19:37:43.045+0100][gc,heap     ] GC(121) Humongous regions: 332->129
[2025-02-01T19:37:43.045+0100][gc,metaspace] GC(121) Metaspace: 45202K(45888K)->45202K(45888K) NonClass: 39882K(40256K)->39882K(40256K) Class: 5320K(5632K)->5320K(5632K)
[2025-02-01T19:37:43.045+0100][gc          ] GC(121) Pause Young (Concurrent Start) (G1 Humongous Allocation) 398M->157M(1024M) 8.985ms
[2025-02-01T19:37:43.045+0100][gc          ] GC(122) Concurrent Undo Cycle
[2025-02-01T19:37:43.045+0100][gc,cpu      ] GC(121) User=0.01s Sys=0.01s Real=0.01s
[2025-02-01T19:37:43.045+0100][gc,marking  ] GC(122) Concurrent Clear Claimed Marks
[2025-02-01T19:37:43.045+0100][gc,marking  ] GC(122) Concurrent Clear Claimed Marks 0.041ms
[2025-02-01T19:37:43.045+0100][gc,marking  ] GC(122) Concurrent Cleanup for Next Mark
[2025-02-01T19:37:43.045+0100][gc,marking  ] GC(122) Concurrent Cleanup for Next Mark 0.109ms
[2025-02-01T19:37:43.045+0100][gc          ] GC(122) Concurrent Undo Cycle 0.204ms
[2025-02-01T19:46:20.768+0100][gc,start    ] GC(123) Pause Young (Concurrent Start) (G1 Humongous Allocation)
[2025-02-01T19:46:20.769+0100][gc,task     ] GC(123) Using 8 workers of 8 for evacuation
[2025-02-01T19:46:20.781+0100][gc,phases   ] GC(123)   Pre Evacuate Collection Set: 1.0ms
[2025-02-01T19:46:20.781+0100][gc,phases   ] GC(123)   Merge Heap Roots: 0.1ms
[2025-02-01T19:46:20.781+0100][gc,phases   ] GC(123)   Evacuate Collection Set: 5.7ms
[2025-02-01T19:46:20.781+0100][gc,phases   ] GC(123)   Post Evacuate Collection Set: 4.3ms
[2025-02-01T19:46:20.781+0100][gc,phases   ] GC(123)   Other: 0.3ms
[2025-02-01T19:46:20.781+0100][gc,heap     ] GC(123) Eden regions: 59->0(611)
[2025-02-01T19:46:20.781+0100][gc,heap     ] GC(123) Survivor regions: 3->3(77)
[2025-02-01T19:46:20.781+0100][gc,heap     ] GC(123) Old regions: 26->27
[2025-02-01T19:46:20.781+0100][gc,heap     ] GC(123) Humongous regions: 332->130
[2025-02-01T19:46:20.781+0100][gc,metaspace] GC(123) Metaspace: 45203K(45888K)->45203K(45888K) NonClass: 39882K(40256K)->39882K(40256K) Class: 5320K(5632K)->5320K(5632K)
[2025-02-01T19:46:20.781+0100][gc          ] GC(123) Pause Young (Concurrent Start) (G1 Humongous Allocation) 418M->158M(1024M) 13.094ms
[2025-02-01T19:46:20.781+0100][gc,cpu      ] GC(123) User=0.01s Sys=0.02s Real=0.02s
[2025-02-01T19:46:20.781+0100][gc          ] GC(124) Concurrent Undo Cycle
[2025-02-01T19:46:20.781+0100][gc,marking  ] GC(124) Concurrent Clear Claimed Marks
[2025-02-01T19:46:20.781+0100][gc,marking  ] GC(124) Concurrent Clear Claimed Marks 0.041ms
[2025-02-01T19:46:20.781+0100][gc,marking  ] GC(124) Concurrent Cleanup for Next Mark
[2025-02-01T19:46:20.781+0100][gc,marking  ] GC(124) Concurrent Cleanup for Next Mark 0.218ms
[2025-02-01T19:46:20.781+0100][gc          ] GC(124) Concurrent Undo Cycle 0.296ms
[2025-02-01T19:46:29.736+0100][gc,start    ] GC(125) Pause Young (Concurrent Start) (G1 Humongous Allocation)
[2025-02-01T19:46:29.736+0100][gc,task     ] GC(125) Using 8 workers of 8 for evacuation
[2025-02-01T19:46:29.739+0100][gc,phases   ] GC(125)   Pre Evacuate Collection Set: 0.2ms
[2025-02-01T19:46:29.739+0100][gc,phases   ] GC(125)   Merge Heap Roots: 0.1ms
[2025-02-01T19:46:29.739+0100][gc,phases   ] GC(125)   Evacuate Collection Set: 1.9ms
[2025-02-01T19:46:29.739+0100][gc,phases   ] GC(125)   Post Evacuate Collection Set: 0.3ms
[2025-02-01T19:46:29.739+0100][gc,phases   ] GC(125)   Other: 0.1ms
[2025-02-01T19:46:29.739+0100][gc,heap     ] GC(125) Eden regions: 59->0(611)
[2025-02-01T19:46:29.739+0100][gc,heap     ] GC(125) Survivor regions: 3->3(77)
[2025-02-01T19:46:29.739+0100][gc,heap     ] GC(125) Old regions: 27->27
[2025-02-01T19:46:29.739+0100][gc,heap     ] GC(125) Humongous regions: 331->129
[2025-02-01T19:46:29.739+0100][gc,metaspace] GC(125) Metaspace: 45203K(45888K)->45203K(45888K) NonClass: 39882K(40256K)->39882K(40256K) Class: 5320K(5632K)->5320K(5632K)
[2025-02-01T19:46:29.739+0100][gc          ] GC(125) Pause Young (Concurrent Start) (G1 Humongous Allocation) 417M->157M(1024M) 2.910ms
[2025-02-01T19:46:29.739+0100][gc          ] GC(126) Concurrent Undo Cycle
[2025-02-01T19:46:29.739+0100][gc,cpu      ] GC(125) User=0.01s Sys=0.00s Real=0.00s
[2025-02-01T19:46:29.739+0100][gc,marking  ] GC(126) Concurrent Clear Claimed Marks
[2025-02-01T19:46:29.739+0100][gc,marking  ] GC(126) Concurrent Clear Claimed Marks 0.041ms
[2025-02-01T19:46:29.739+0100][gc,marking  ] GC(126) Concurrent Cleanup for Next Mark
[2025-02-01T19:46:29.739+0100][gc,marking  ] GC(126) Concurrent Cleanup for Next Mark 0.044ms
[2025-02-01T19:46:29.739+0100][gc          ] GC(126) Concurrent Undo Cycle 0.119ms
[2025-02-01T19:54:46.958+0100][gc,start    ] GC(127) Pause Young (Concurrent Start) (G1 Humongous Allocation)
[2025-02-01T19:54:46.959+0100][gc,task     ] GC(127) Using 8 workers of 8 for evacuation
[2025-02-01T19:54:46.964+0100][gc,phases   ] GC(127)   Pre Evacuate Collection Set: 0.9ms
[2025-02-01T19:54:46.964+0100][gc,phases   ] GC(127)   Merge Heap Roots: 0.1ms
[2025-02-01T19:54:46.964+0100][gc,phases   ] GC(127)   Evacuate Collection Set: 3.1ms
[2025-02-01T19:54:46.964+0100][gc,phases   ] GC(127)   Post Evacuate Collection Set: 0.8ms
[2025-02-01T19:54:46.964+0100][gc,phases   ] GC(127)   Other: 0.1ms
[2025-02-01T19:54:46.964+0100][gc,heap     ] GC(127) Eden regions: 45->0(609)
[2025-02-01T19:54:46.964+0100][gc,heap     ] GC(127) Survivor regions: 3->5(77)
[2025-02-01T19:54:46.964+0100][gc,heap     ] GC(127) Old regions: 27->27
[2025-02-01T19:54:46.964+0100][gc,heap     ] GC(127) Humongous regions: 331->131
[2025-02-01T19:54:46.964+0100][gc,metaspace] GC(127) Metaspace: 45204K(45888K)->45204K(45888K) NonClass: 39883K(40256K)->39883K(40256K) Class: 5320K(5632K)->5320K(5632K)
[2025-02-01T19:54:46.964+0100][gc          ] GC(127) Pause Young (Concurrent Start) (G1 Humongous Allocation) 404M->161M(1024M) 5.371ms
[2025-02-01T19:54:46.964+0100][gc          ] GC(128) Concurrent Undo Cycle
[2025-02-01T19:54:46.964+0100][gc,cpu      ] GC(127) User=0.01s Sys=0.02s Real=0.01s
[2025-02-01T19:54:46.964+0100][gc,marking  ] GC(128) Concurrent Clear Claimed Marks
[2025-02-01T19:54:46.964+0100][gc,marking  ] GC(128) Concurrent Clear Claimed Marks 0.034ms
[2025-02-01T19:54:46.964+0100][gc,marking  ] GC(128) Concurrent Cleanup for Next Mark
[2025-02-01T19:54:46.964+0100][gc,marking  ] GC(128) Concurrent Cleanup for Next Mark 0.060ms
[2025-02-01T19:54:46.964+0100][gc          ] GC(128) Concurrent Undo Cycle 0.130ms
[2025-02-01T19:54:53.817+0100][gc,start    ] GC(129) Pause Young (Concurrent Start) (G1 Humongous Allocation)
[2025-02-01T19:54:53.817+0100][gc,task     ] GC(129) Using 8 workers of 8 for evacuation
[2025-02-01T19:54:53.820+0100][gc,phases   ] GC(129)   Pre Evacuate Collection Set: 0.2ms
[2025-02-01T19:54:53.820+0100][gc,phases   ] GC(129)   Merge Heap Roots: 0.0ms
[2025-02-01T19:54:53.820+0100][gc,phases   ] GC(129)   Evacuate Collection Set: 2.6ms
[2025-02-01T19:54:53.820+0100][gc,phases   ] GC(129)   Post Evacuate Collection Set: 0.4ms
[2025-02-01T19:54:53.820+0100][gc,phases   ] GC(129)   Other: 0.1ms
[2025-02-01T19:54:53.820+0100][gc,heap     ] GC(129) Eden regions: 74->0(609)
[2025-02-01T19:54:53.820+0100][gc,heap     ] GC(129) Survivor regions: 5->5(77)
[2025-02-01T19:54:53.820+0100][gc,heap     ] GC(129) Old regions: 27->27
[2025-02-01T19:54:53.820+0100][gc,heap     ] GC(129) Humongous regions: 331->129
[2025-02-01T19:54:53.820+0100][gc,metaspace] GC(129) Metaspace: 45204K(45888K)->45204K(45888K) NonClass: 39883K(40256K)->39883K(40256K) Class: 5320K(5632K)->5320K(5632K)
[2025-02-01T19:54:53.820+0100][gc          ] GC(129) Pause Young (Concurrent Start) (G1 Humongous Allocation) 434M->159M(1024M) 3.545ms
[2025-02-01T19:54:53.820+0100][gc,cpu      ] GC(129) User=0.01s Sys=0.01s Real=0.01s
[2025-02-01T19:54:53.820+0100][gc          ] GC(130) Concurrent Undo Cycle
[2025-02-01T19:54:53.820+0100][gc,marking  ] GC(130) Concurrent Clear Claimed Marks
[2025-02-01T19:54:53.820+0100][gc,marking  ] GC(130) Concurrent Clear Claimed Marks 0.036ms
[2025-02-01T19:54:53.820+0100][gc,marking  ] GC(130) Concurrent Cleanup for Next Mark
[2025-02-01T19:54:53.820+0100][gc,marking  ] GC(130) Concurrent Cleanup for Next Mark 0.047ms
[2025-02-01T19:54:53.820+0100][gc          ] GC(130) Concurrent Undo Cycle 0.188ms
[2025-02-01T19:56:38.163+0100][gc,start    ] GC(131) Pause Young (Concurrent Start) (G1 Humongous Allocation)
[2025-02-01T19:56:38.164+0100][gc,task     ] GC(131) Using 8 workers of 8 for evacuation
[2025-02-01T19:56:38.169+0100][gc,phases   ] GC(131)   Pre Evacuate Collection Set: 0.7ms
[2025-02-01T19:56:38.169+0100][gc,phases   ] GC(131)   Merge Heap Roots: 0.1ms
[2025-02-01T19:56:38.169+0100][gc,phases   ] GC(131)   Evacuate Collection Set: 3.4ms
[2025-02-01T19:56:38.169+0100][gc,phases   ] GC(131)   Post Evacuate Collection Set: 0.9ms
[2025-02-01T19:56:38.169+0100][gc,phases   ] GC(131)   Other: 0.2ms
[2025-02-01T19:56:38.169+0100][gc,heap     ] GC(131) Eden regions: 32->0(609)
[2025-02-01T19:56:38.169+0100][gc,heap     ] GC(131) Survivor regions: 5->5(77)
[2025-02-01T19:56:38.169+0100][gc,heap     ] GC(131) Old regions: 27->27
[2025-02-01T19:56:38.169+0100][gc,heap     ] GC(131) Humongous regions: 331->129
[2025-02-01T19:56:38.169+0100][gc,metaspace] GC(131) Metaspace: 45204K(45888K)->45204K(45888K) NonClass: 39883K(40256K)->39883K(40256K) Class: 5320K(5632K)->5320K(5632K)
[2025-02-01T19:56:38.169+0100][gc          ] GC(131) Pause Young (Concurrent Start) (G1 Humongous Allocation) 393M->159M(1024M) 5.753ms
[2025-02-01T19:56:38.169+0100][gc,cpu      ] GC(131) User=0.01s Sys=0.01s Real=0.00s
[2025-02-01T19:56:38.169+0100][gc          ] GC(132) Concurrent Undo Cycle
[2025-02-01T19:56:38.169+0100][gc,marking  ] GC(132) Concurrent Clear Claimed Marks
[2025-02-01T19:56:38.169+0100][gc,marking  ] GC(132) Concurrent Clear Claimed Marks 0.033ms
[2025-02-01T19:56:38.169+0100][gc,marking  ] GC(132) Concurrent Cleanup for Next Mark
[2025-02-01T19:56:38.169+0100][gc,marking  ] GC(132) Concurrent Cleanup for Next Mark 0.089ms
[2025-02-01T19:56:38.169+0100][gc          ] GC(132) Concurrent Undo Cycle 0.163ms
[2025-02-01T20:06:46.812+0100][gc,start    ] GC(133) Pause Young (Concurrent Start) (G1 Humongous Allocation)
[2025-02-01T20:06:46.813+0100][gc,task     ] GC(133) Using 8 workers of 8 for evacuation
[2025-02-01T20:06:46.821+0100][gc,phases   ] GC(133)   Pre Evacuate Collection Set: 0.7ms
[2025-02-01T20:06:46.821+0100][gc,phases   ] GC(133)   Merge Heap Roots: 0.1ms
[2025-02-01T20:06:46.821+0100][gc,phases   ] GC(133)   Evacuate Collection Set: 3.8ms
[2025-02-01T20:06:46.821+0100][gc,phases   ] GC(133)   Post Evacuate Collection Set: 1.2ms
[2025-02-01T20:06:46.821+0100][gc,phases   ] GC(133)   Other: 2.3ms
[2025-02-01T20:06:46.821+0100][gc,heap     ] GC(133) Eden regions: 43->0(609)
[2025-02-01T20:06:46.821+0100][gc,heap     ] GC(133) Survivor regions: 5->5(77)
[2025-02-01T20:06:46.821+0100][gc,heap     ] GC(133) Old regions: 27->27
[2025-02-01T20:06:46.821+0100][gc,heap     ] GC(133) Humongous regions: 331->129
[2025-02-01T20:06:46.821+0100][gc,metaspace] GC(133) Metaspace: 45205K(45888K)->45205K(45888K) NonClass: 39885K(40256K)->39885K(40256K) Class: 5320K(5632K)->5320K(5632K)
[2025-02-01T20:06:46.821+0100][gc          ] GC(133) Pause Young (Concurrent Start) (G1 Humongous Allocation) 403M->159M(1024M) 8.676ms
[2025-02-01T20:06:46.821+0100][gc          ] GC(134) Concurrent Undo Cycle
[2025-02-01T20:06:46.821+0100][gc,cpu      ] GC(133) User=0.01s Sys=0.02s Real=0.01s
[2025-02-01T20:06:46.821+0100][gc,marking  ] GC(134) Concurrent Clear Claimed Marks
[2025-02-01T20:06:46.821+0100][gc,marking  ] GC(134) Concurrent Clear Claimed Marks 0.039ms
[2025-02-01T20:06:46.821+0100][gc,marking  ] GC(134) Concurrent Cleanup for Next Mark
[2025-02-01T20:06:46.821+0100][gc,marking  ] GC(134) Concurrent Cleanup for Next Mark 0.086ms
[2025-02-01T20:06:46.821+0100][gc          ] GC(134) Concurrent Undo Cycle 0.161ms
[2025-02-01T20:06:52.449+0100][gc,start    ] GC(135) Pause Young (Concurrent Start) (G1 Humongous Allocation)
[2025-02-01T20:06:52.449+0100][gc,task     ] GC(135) Using 8 workers of 8 for evacuation
[2025-02-01T20:06:52.455+0100][gc,phases   ] GC(135)   Pre Evacuate Collection Set: 0.7ms
[2025-02-01T20:06:52.455+0100][gc,phases   ] GC(135)   Merge Heap Roots: 0.1ms
[2025-02-01T20:06:52.455+0100][gc,phases   ] GC(135)   Evacuate Collection Set: 4.0ms
[2025-02-01T20:06:52.455+0100][gc,phases   ] GC(135)   Post Evacuate Collection Set: 0.3ms
[2025-02-01T20:06:52.455+0100][gc,phases   ] GC(135)   Other: 0.1ms
[2025-02-01T20:06:52.455+0100][gc,heap     ] GC(135) Eden regions: 88->0(609)
[2025-02-01T20:06:52.455+0100][gc,heap     ] GC(135) Survivor regions: 5->5(77)
[2025-02-01T20:06:52.455+0100][gc,heap     ] GC(135) Old regions: 27->27
[2025-02-01T20:06:52.455+0100][gc,heap     ] GC(135) Humongous regions: 331->130
[2025-02-01T20:06:52.455+0100][gc,metaspace] GC(135) Metaspace: 45205K(45888K)->45205K(45888K) NonClass: 39885K(40256K)->39885K(40256K) Class: 5320K(5632K)->5320K(5632K)
[2025-02-01T20:06:52.455+0100][gc          ] GC(135) Pause Young (Concurrent Start) (G1 Humongous Allocation) 449M->161M(1024M) 5.275ms
[2025-02-01T20:06:52.455+0100][gc          ] GC(136) Concurrent Undo Cycle
[2025-02-01T20:06:52.455+0100][gc,cpu      ] GC(135) User=0.01s Sys=0.01s Real=0.01s
[2025-02-01T20:06:52.455+0100][gc,marking  ] GC(136) Concurrent Clear Claimed Marks
[2025-02-01T20:06:52.455+0100][gc,marking  ] GC(136) Concurrent Clear Claimed Marks 0.034ms
[2025-02-01T20:06:52.455+0100][gc,marking  ] GC(136) Concurrent Cleanup for Next Mark
[2025-02-01T20:06:52.455+0100][gc,marking  ] GC(136) Concurrent Cleanup for Next Mark 0.083ms
[2025-02-01T20:06:52.455+0100][gc          ] GC(136) Concurrent Undo Cycle 0.155ms
[2025-02-01T20:07:21.793+0100][gc,start    ] GC(137) Pause Young (Concurrent Start) (G1 Humongous Allocation)
[2025-02-01T20:07:21.793+0100][gc,task     ] GC(137) Using 8 workers of 8 for evacuation
[2025-02-01T20:07:21.796+0100][gc,phases   ] GC(137)   Pre Evacuate Collection Set: 0.2ms
[2025-02-01T20:07:21.796+0100][gc,phases   ] GC(137)   Merge Heap Roots: 0.1ms
[2025-02-01T20:07:21.796+0100][gc,phases   ] GC(137)   Evacuate Collection Set: 2.1ms
[2025-02-01T20:07:21.796+0100][gc,phases   ] GC(137)   Post Evacuate Collection Set: 0.2ms
[2025-02-01T20:07:21.796+0100][gc,phases   ] GC(137)   Other: 0.1ms
[2025-02-01T20:07:21.796+0100][gc,heap     ] GC(137) Eden regions: 33->0(609)
[2025-02-01T20:07:21.796+0100][gc,heap     ] GC(137) Survivor regions: 5->5(77)
[2025-02-01T20:07:21.796+0100][gc,heap     ] GC(137) Old regions: 27->27
[2025-02-01T20:07:21.796+0100][gc,heap     ] GC(137) Humongous regions: 331->130
[2025-02-01T20:07:21.796+0100][gc,metaspace] GC(137) Metaspace: 45205K(45888K)->45205K(45888K) NonClass: 39885K(40256K)->39885K(40256K) Class: 5320K(5632K)->5320K(5632K)
[2025-02-01T20:07:21.796+0100][gc          ] GC(137) Pause Young (Concurrent Start) (G1 Humongous Allocation) 394M->161M(1024M) 3.205ms
[2025-02-01T20:07:21.796+0100][gc          ] GC(138) Concurrent Undo Cycle
[2025-02-01T20:07:21.796+0100][gc,cpu      ] GC(137) User=0.02s Sys=0.00s Real=0.00s
[2025-02-01T20:07:21.796+0100][gc,marking  ] GC(138) Concurrent Clear Claimed Marks
[2025-02-01T20:07:21.796+0100][gc,marking  ] GC(138) Concurrent Clear Claimed Marks 0.021ms
[2025-02-01T20:07:21.796+0100][gc,marking  ] GC(138) Concurrent Cleanup for Next Mark
[2025-02-01T20:07:21.796+0100][gc,marking  ] GC(138) Concurrent Cleanup for Next Mark 0.062ms
[2025-02-01T20:07:21.796+0100][gc          ] GC(138) Concurrent Undo Cycle 0.169ms
[2025-02-01T20:41:40.487+0100][gc,start    ] GC(139) Pause Young (Concurrent Start) (G1 Humongous Allocation)
[2025-02-01T20:41:40.488+0100][gc,task     ] GC(139) Using 8 workers of 8 for evacuation
[2025-02-01T20:41:40.496+0100][gc,phases   ] GC(139)   Pre Evacuate Collection Set: 1.5ms
[2025-02-01T20:41:40.496+0100][gc,phases   ] GC(139)   Merge Heap Roots: 0.2ms
[2025-02-01T20:41:40.496+0100][gc,phases   ] GC(139)   Evacuate Collection Set: 6.3ms
[2025-02-01T20:41:40.496+0100][gc,phases   ] GC(139)   Post Evacuate Collection Set: 0.8ms
[2025-02-01T20:41:40.496+0100][gc,phases   ] GC(139)   Other: 0.1ms
[2025-02-01T20:41:40.496+0100][gc,heap     ] GC(139) Eden regions: 77->0(498)
[2025-02-01T20:41:40.496+0100][gc,heap     ] GC(139) Survivor regions: 5->5(77)
[2025-02-01T20:41:40.496+0100][gc,heap     ] GC(139) Old regions: 27->27
[2025-02-01T20:41:40.497+0100][gc,heap     ] GC(139) Humongous regions: 331->130
[2025-02-01T20:41:40.497+0100][gc,metaspace] GC(139) Metaspace: 45217K(45888K)->45217K(45888K) NonClass: 39896K(40256K)->39896K(40256K) Class: 5320K(5632K)->5320K(5632K)
[2025-02-01T20:41:40.497+0100][gc          ] GC(139) Pause Young (Concurrent Start) (G1 Humongous Allocation) 438M->161M(1024M) 9.209ms
[2025-02-01T20:41:40.497+0100][gc          ] GC(140) Concurrent Undo Cycle
[2025-02-01T20:41:40.497+0100][gc,cpu      ] GC(139) User=0.01s Sys=0.02s Real=0.01s
[2025-02-01T20:41:40.497+0100][gc,marking  ] GC(140) Concurrent Clear Claimed Marks
[2025-02-01T20:41:40.497+0100][gc,marking  ] GC(140) Concurrent Clear Claimed Marks 0.040ms
[2025-02-01T20:41:40.497+0100][gc,marking  ] GC(140) Concurrent Cleanup for Next Mark
[2025-02-01T20:41:40.497+0100][gc,marking  ] GC(140) Concurrent Cleanup for Next Mark 0.074ms
[2025-02-01T20:41:40.497+0100][gc          ] GC(140) Concurrent Undo Cycle 0.152ms
[2025-02-01T20:44:52.366+0100][gc,start    ] GC(141) Pause Young (Concurrent Start) (G1 Humongous Allocation)
[2025-02-01T20:44:52.367+0100][gc,task     ] GC(141) Using 8 workers of 8 for evacuation
[2025-02-01T20:44:52.370+0100][gc,phases   ] GC(141)   Pre Evacuate Collection Set: 0.2ms
[2025-02-01T20:44:52.370+0100][gc,phases   ] GC(141)   Merge Heap Roots: 0.1ms
[2025-02-01T20:44:52.370+0100][gc,phases   ] GC(141)   Evacuate Collection Set: 2.3ms
[2025-02-01T20:44:52.370+0100][gc,phases   ] GC(141)   Post Evacuate Collection Set: 0.4ms
[2025-02-01T20:44:52.370+0100][gc,phases   ] GC(141)   Other: 0.1ms
[2025-02-01T20:44:52.370+0100][gc,heap     ] GC(141) Eden regions: 51->0(609)
[2025-02-01T20:44:52.370+0100][gc,heap     ] GC(141) Survivor regions: 5->5(62)
[2025-02-01T20:44:52.370+0100][gc,heap     ] GC(141) Old regions: 27->28
[2025-02-01T20:44:52.370+0100][gc,heap     ] GC(141) Humongous regions: 331->130
[2025-02-01T20:44:52.370+0100][gc,metaspace] GC(141) Metaspace: 45219K(45888K)->45219K(45888K) NonClass: 39898K(40256K)->39898K(40256K) Class: 5320K(5632K)->5320K(5632K)
[2025-02-01T20:44:52.370+0100][gc          ] GC(141) Pause Young (Concurrent Start) (G1 Humongous Allocation) 413M->161M(1024M) 3.884ms
[2025-02-01T20:44:52.370+0100][gc,cpu      ] GC(141) User=0.01s Sys=0.00s Real=0.01s
[2025-02-01T20:44:52.370+0100][gc          ] GC(142) Concurrent Undo Cycle
[2025-02-01T20:44:52.370+0100][gc,marking  ] GC(142) Concurrent Clear Claimed Marks
[2025-02-01T20:44:52.370+0100][gc,marking  ] GC(142) Concurrent Clear Claimed Marks 0.032ms
[2025-02-01T20:44:52.370+0100][gc,marking  ] GC(142) Concurrent Cleanup for Next Mark
[2025-02-01T20:44:52.370+0100][gc,marking  ] GC(142) Concurrent Cleanup for Next Mark 0.049ms
[2025-02-01T20:44:52.370+0100][gc          ] GC(142) Concurrent Undo Cycle 0.114ms
[2025-02-01T20:47:15.424+0100][gc,start    ] GC(143) Pause Young (Concurrent Start) (G1 Humongous Allocation)
[2025-02-01T20:47:15.425+0100][gc,task     ] GC(143) Using 8 workers of 8 for evacuation
[2025-02-01T20:47:15.428+0100][gc,phases   ] GC(143)   Pre Evacuate Collection Set: 0.1ms
[2025-02-01T20:47:15.428+0100][gc,phases   ] GC(143)   Merge Heap Roots: 0.1ms
[2025-02-01T20:47:15.428+0100][gc,phases   ] GC(143)   Evacuate Collection Set: 2.4ms
[2025-02-01T20:47:15.428+0100][gc,phases   ] GC(143)   Post Evacuate Collection Set: 0.2ms
[2025-02-01T20:47:15.428+0100][gc,phases   ] GC(143)   Other: 0.0ms
[2025-02-01T20:47:15.428+0100][gc,heap     ] GC(143) Eden regions: 48->0(609)
[2025-02-01T20:47:15.428+0100][gc,heap     ] GC(143) Survivor regions: 5->5(77)
[2025-02-01T20:47:15.428+0100][gc,heap     ] GC(143) Old regions: 28->28
[2025-02-01T20:47:15.428+0100][gc,heap     ] GC(143) Humongous regions: 330->130
[2025-02-01T20:47:15.428+0100][gc,metaspace] GC(143) Metaspace: 45219K(45888K)->45219K(45888K) NonClass: 39898K(40256K)->39898K(40256K) Class: 5320K(5632K)->5320K(5632K)
[2025-02-01T20:47:15.428+0100][gc          ] GC(143) Pause Young (Concurrent Start) (G1 Humongous Allocation) 409M->161M(1024M) 3.745ms
[2025-02-01T20:47:15.428+0100][gc,cpu      ] GC(143) User=0.01s Sys=0.00s Real=0.00s
[2025-02-01T20:47:15.428+0100][gc          ] GC(144) Concurrent Undo Cycle
[2025-02-01T20:47:15.428+0100][gc,marking  ] GC(144) Concurrent Clear Claimed Marks
[2025-02-01T20:47:15.428+0100][gc,marking  ] GC(144) Concurrent Clear Claimed Marks 0.023ms
[2025-02-01T20:47:15.428+0100][gc,marking  ] GC(144) Concurrent Cleanup for Next Mark
[2025-02-01T20:47:15.428+0100][gc,marking  ] GC(144) Concurrent Cleanup for Next Mark 0.042ms
[2025-02-01T20:47:15.428+0100][gc          ] GC(144) Concurrent Undo Cycle 0.101ms
[2025-02-01T20:49:37.207+0100][gc,start    ] GC(145) Pause Young (Concurrent Start) (G1 Humongous Allocation)
[2025-02-01T20:49:37.208+0100][gc,task     ] GC(145) Using 8 workers of 8 for evacuation
[2025-02-01T20:49:37.211+0100][gc,phases   ] GC(145)   Pre Evacuate Collection Set: 0.2ms
[2025-02-01T20:49:37.211+0100][gc,phases   ] GC(145)   Merge Heap Roots: 0.0ms
[2025-02-01T20:49:37.211+0100][gc,phases   ] GC(145)   Evacuate Collection Set: 2.4ms
[2025-02-01T20:49:37.211+0100][gc,phases   ] GC(145)   Post Evacuate Collection Set: 0.2ms
[2025-02-01T20:49:37.211+0100][gc,phases   ] GC(145)   Other: 0.1ms
[2025-02-01T20:49:37.211+0100][gc,heap     ] GC(145) Eden regions: 63->0(609)
[2025-02-01T20:49:37.211+0100][gc,heap     ] GC(145) Survivor regions: 5->5(77)
[2025-02-01T20:49:37.211+0100][gc,heap     ] GC(145) Old regions: 28->28
[2025-02-01T20:49:37.211+0100][gc,heap     ] GC(145) Humongous regions: 330->130
[2025-02-01T20:49:37.211+0100][gc,metaspace] GC(145) Metaspace: 45219K(45888K)->45219K(45888K) NonClass: 39898K(40256K)->39898K(40256K) Class: 5320K(5632K)->5320K(5632K)
[2025-02-01T20:49:37.211+0100][gc          ] GC(145) Pause Young (Concurrent Start) (G1 Humongous Allocation) 424M->161M(1024M) 3.805ms
[2025-02-01T20:49:37.211+0100][gc,cpu      ] GC(145) User=0.01s Sys=0.00s Real=0.01s
[2025-02-01T20:49:37.211+0100][gc          ] GC(146) Concurrent Undo Cycle
[2025-02-01T20:49:37.211+0100][gc,marking  ] GC(146) Concurrent Clear Claimed Marks
[2025-02-01T20:49:37.211+0100][gc,marking  ] GC(146) Concurrent Clear Claimed Marks 0.026ms
[2025-02-01T20:49:37.211+0100][gc,marking  ] GC(146) Concurrent Cleanup for Next Mark
[2025-02-01T20:49:37.211+0100][gc,marking  ] GC(146) Concurrent Cleanup for Next Mark 0.048ms
[2025-02-01T20:49:37.211+0100][gc          ] GC(146) Concurrent Undo Cycle 0.110ms
[2025-02-01T20:49:52.254+0100][gc,start    ] GC(147) Pause Young (Concurrent Start) (G1 Humongous Allocation)
[2025-02-01T20:49:52.254+0100][gc,task     ] GC(147) Using 8 workers of 8 for evacuation
[2025-02-01T20:49:52.256+0100][gc,phases   ] GC(147)   Pre Evacuate Collection Set: 0.2ms
[2025-02-01T20:49:52.256+0100][gc,phases   ] GC(147)   Merge Heap Roots: 0.0ms
[2025-02-01T20:49:52.256+0100][gc,phases   ] GC(147)   Evacuate Collection Set: 2.1ms
[2025-02-01T20:49:52.256+0100][gc,phases   ] GC(147)   Post Evacuate Collection Set: 0.2ms
[2025-02-01T20:49:52.256+0100][gc,phases   ] GC(147)   Other: 0.0ms
[2025-02-01T20:49:52.256+0100][gc,heap     ] GC(147) Eden regions: 74->0(609)
[2025-02-01T20:49:52.256+0100][gc,heap     ] GC(147) Survivor regions: 5->5(77)
[2025-02-01T20:49:52.256+0100][gc,heap     ] GC(147) Old regions: 28->28
[2025-02-01T20:49:52.256+0100][gc,heap     ] GC(147) Humongous regions: 332->133
[2025-02-01T20:49:52.256+0100][gc,metaspace] GC(147) Metaspace: 45229K(45888K)->45229K(45888K) NonClass: 39907K(40256K)->39907K(40256K) Class: 5322K(5632K)->5322K(5632K)
[2025-02-01T20:49:52.256+0100][gc          ] GC(147) Pause Young (Concurrent Start) (G1 Humongous Allocation) 437M->164M(1024M) 2.659ms
[2025-02-01T20:49:52.256+0100][gc          ] GC(148) Concurrent Undo Cycle
[2025-02-01T20:49:52.256+0100][gc,cpu      ] GC(147) User=0.01s Sys=0.00s Real=0.00s
[2025-02-01T20:49:52.256+0100][gc,marking  ] GC(148) Concurrent Clear Claimed Marks
[2025-02-01T20:49:52.256+0100][gc,marking  ] GC(148) Concurrent Clear Claimed Marks 0.037ms
[2025-02-01T20:49:52.256+0100][gc,marking  ] GC(148) Concurrent Cleanup for Next Mark
[2025-02-01T20:49:52.256+0100][gc,marking  ] GC(148) Concurrent Cleanup for Next Mark 0.071ms
[2025-02-01T20:49:52.257+0100][gc          ] GC(148) Concurrent Undo Cycle 0.186ms
[2025-02-01T20:51:58.443+0100][gc,start    ] GC(149) Pause Young (Concurrent Start) (G1 Humongous Allocation)
[2025-02-01T20:51:58.444+0100][gc,task     ] GC(149) Using 8 workers of 8 for evacuation
[2025-02-01T20:51:58.449+0100][gc,phases   ] GC(149)   Pre Evacuate Collection Set: 0.9ms
[2025-02-01T20:51:58.449+0100][gc,phases   ] GC(149)   Merge Heap Roots: 0.1ms
[2025-02-01T20:51:58.449+0100][gc,phases   ] GC(149)   Evacuate Collection Set: 3.2ms
[2025-02-01T20:51:58.449+0100][gc,phases   ] GC(149)   Post Evacuate Collection Set: 0.8ms
[2025-02-01T20:51:58.449+0100][gc,phases   ] GC(149)   Other: 0.1ms
[2025-02-01T20:51:58.449+0100][gc,heap     ] GC(149) Eden regions: 31->0(609)
[2025-02-01T20:51:58.449+0100][gc,heap     ] GC(149) Survivor regions: 5->5(77)
[2025-02-01T20:51:58.449+0100][gc,heap     ] GC(149) Old regions: 28->28
[2025-02-01T20:51:58.449+0100][gc,heap     ] GC(149) Humongous regions: 330->131
[2025-02-01T20:51:58.449+0100][gc,metaspace] GC(149) Metaspace: 45229K(45888K)->45229K(45888K) NonClass: 39907K(40256K)->39907K(40256K) Class: 5322K(5632K)->5322K(5632K)
[2025-02-01T20:51:58.449+0100][gc          ] GC(149) Pause Young (Concurrent Start) (G1 Humongous Allocation) 392M->162M(1024M) 5.460ms
[2025-02-01T20:51:58.449+0100][gc          ] GC(150) Concurrent Undo Cycle
[2025-02-01T20:51:58.449+0100][gc,cpu      ] GC(149) User=0.01s Sys=0.01s Real=0.00s
[2025-02-01T20:51:58.449+0100][gc,marking  ] GC(150) Concurrent Clear Claimed Marks
[2025-02-01T20:51:58.449+0100][gc,marking  ] GC(150) Concurrent Clear Claimed Marks 0.030ms
[2025-02-01T20:51:58.449+0100][gc,marking  ] GC(150) Concurrent Cleanup for Next Mark
[2025-02-01T20:51:58.449+0100][gc,marking  ] GC(150) Concurrent Cleanup for Next Mark 0.057ms
[2025-02-01T20:51:58.449+0100][gc          ] GC(150) Concurrent Undo Cycle 0.124ms
[2025-02-01T20:52:13.363+0100][gc,start    ] GC(151) Pause Young (Concurrent Start) (G1 Humongous Allocation)
[2025-02-01T20:52:13.363+0100][gc,task     ] GC(151) Using 8 workers of 8 for evacuation
[2025-02-01T20:52:13.366+0100][gc,phases   ] GC(151)   Pre Evacuate Collection Set: 0.2ms
[2025-02-01T20:52:13.366+0100][gc,phases   ] GC(151)   Merge Heap Roots: 0.0ms
[2025-02-01T20:52:13.366+0100][gc,phases   ] GC(151)   Evacuate Collection Set: 2.2ms
[2025-02-01T20:52:13.366+0100][gc,phases   ] GC(151)   Post Evacuate Collection Set: 0.2ms
[2025-02-01T20:52:13.366+0100][gc,phases   ] GC(151)   Other: 0.0ms
[2025-02-01T20:52:13.366+0100][gc,heap     ] GC(151) Eden regions: 88->0(610)
[2025-02-01T20:52:13.366+0100][gc,heap     ] GC(151) Survivor regions: 5->4(77)
[2025-02-01T20:52:13.366+0100][gc,heap     ] GC(151) Old regions: 28->28
[2025-02-01T20:52:13.366+0100][gc,heap     ] GC(151) Humongous regions: 330->131
[2025-02-01T20:52:13.366+0100][gc,metaspace] GC(151) Metaspace: 45229K(45888K)->45229K(45888K) NonClass: 39907K(40256K)->39907K(40256K) Class: 5322K(5632K)->5322K(5632K)
[2025-02-01T20:52:13.366+0100][gc          ] GC(151) Pause Young (Concurrent Start) (G1 Humongous Allocation) 449M->162M(1024M) 2.851ms
[2025-02-01T20:52:13.366+0100][gc          ] GC(152) Concurrent Undo Cycle
[2025-02-01T20:52:13.366+0100][gc,cpu      ] GC(151) User=0.01s Sys=0.00s Real=0.00s
[2025-02-01T20:52:13.366+0100][gc,marking  ] GC(152) Concurrent Clear Claimed Marks
[2025-02-01T20:52:13.366+0100][gc,marking  ] GC(152) Concurrent Clear Claimed Marks 0.025ms
[2025-02-01T20:52:13.366+0100][gc,marking  ] GC(152) Concurrent Cleanup for Next Mark
[2025-02-01T20:52:13.366+0100][gc,marking  ] GC(152) Concurrent Cleanup for Next Mark 0.110ms
[2025-02-01T20:52:13.366+0100][gc          ] GC(152) Concurrent Undo Cycle 0.182ms
[2025-02-01T20:54:20.869+0100][gc,start    ] GC(153) Pause Young (Concurrent Start) (G1 Humongous Allocation)
[2025-02-01T20:54:20.870+0100][gc,task     ] GC(153) Using 8 workers of 8 for evacuation
[2025-02-01T20:54:20.872+0100][gc,phases   ] GC(153)   Pre Evacuate Collection Set: 0.2ms
[2025-02-01T20:54:20.872+0100][gc,phases   ] GC(153)   Merge Heap Roots: 0.0ms
[2025-02-01T20:54:20.872+0100][gc,phases   ] GC(153)   Evacuate Collection Set: 1.9ms
[2025-02-01T20:54:20.872+0100][gc,phases   ] GC(153)   Post Evacuate Collection Set: 0.2ms
[2025-02-01T20:54:20.872+0100][gc,phases   ] GC(153)   Other: 0.1ms
[2025-02-01T20:54:20.872+0100][gc,heap     ] GC(153) Eden regions: 32->0(610)
[2025-02-01T20:54:20.872+0100][gc,heap     ] GC(153) Survivor regions: 4->4(77)
[2025-02-01T20:54:20.872+0100][gc,heap     ] GC(153) Old regions: 28->29
[2025-02-01T20:54:20.872+0100][gc,heap     ] GC(153) Humongous regions: 330->129
[2025-02-01T20:54:20.872+0100][gc,metaspace] GC(153) Metaspace: 45229K(45888K)->45229K(45888K) NonClass: 39907K(40256K)->39907K(40256K) Class: 5322K(5632K)->5322K(5632K)
[2025-02-01T20:54:20.872+0100][gc          ] GC(153) Pause Young (Concurrent Start) (G1 Humongous Allocation) 392M->161M(1024M) 3.586ms
[2025-02-01T20:54:20.872+0100][gc,cpu      ] GC(153) User=0.02s Sys=0.00s Real=0.01s
[2025-02-01T20:54:20.872+0100][gc          ] GC(154) Concurrent Undo Cycle
[2025-02-01T20:54:20.872+0100][gc,marking  ] GC(154) Concurrent Clear Claimed Marks
[2025-02-01T20:54:20.872+0100][gc,marking  ] GC(154) Concurrent Clear Claimed Marks 0.020ms
[2025-02-01T20:54:20.872+0100][gc,marking  ] GC(154) Concurrent Cleanup for Next Mark
[2025-02-01T20:54:20.872+0100][gc,marking  ] GC(154) Concurrent Cleanup for Next Mark 0.055ms
[2025-02-01T20:54:20.872+0100][gc          ] GC(154) Concurrent Undo Cycle 0.112ms
[2025-02-01T20:54:21.553+0100][gc,start    ] GC(155) Pause Young (Concurrent Start) (G1 Humongous Allocation)
[2025-02-01T20:54:21.553+0100][gc,task     ] GC(155) Using 8 workers of 8 for evacuation
[2025-02-01T20:54:21.556+0100][gc,phases   ] GC(155)   Pre Evacuate Collection Set: 0.2ms
[2025-02-01T20:54:21.556+0100][gc,phases   ] GC(155)   Merge Heap Roots: 0.0ms
[2025-02-01T20:54:21.556+0100][gc,phases   ] GC(155)   Evacuate Collection Set: 1.8ms
[2025-02-01T20:54:21.556+0100][gc,phases   ] GC(155)   Post Evacuate Collection Set: 0.3ms
[2025-02-01T20:54:21.556+0100][gc,phases   ] GC(155)   Other: 0.1ms
[2025-02-01T20:54:21.556+0100][gc,heap     ] GC(155) Eden regions: 28->0(610)
[2025-02-01T20:54:21.556+0100][gc,heap     ] GC(155) Survivor regions: 4->4(77)
[2025-02-01T20:54:21.556+0100][gc,heap     ] GC(155) Old regions: 29->29
[2025-02-01T20:54:21.556+0100][gc,heap     ] GC(155) Humongous regions: 329->129
[2025-02-01T20:54:21.556+0100][gc,metaspace] GC(155) Metaspace: 45229K(45888K)->45229K(45888K) NonClass: 39907K(40256K)->39907K(40256K) Class: 5322K(5632K)->5322K(5632K)
[2025-02-01T20:54:21.556+0100][gc          ] GC(155) Pause Young (Concurrent Start) (G1 Humongous Allocation) 388M->161M(1024M) 2.487ms
[2025-02-01T20:54:21.556+0100][gc          ] GC(156) Concurrent Undo Cycle
[2025-02-01T20:54:21.556+0100][gc,cpu      ] GC(155) User=0.01s Sys=0.00s Real=0.00s
[2025-02-01T20:54:21.556+0100][gc,marking  ] GC(156) Concurrent Clear Claimed Marks
[2025-02-01T20:54:21.556+0100][gc,marking  ] GC(156) Concurrent Clear Claimed Marks 0.059ms
[2025-02-01T20:54:21.556+0100][gc,marking  ] GC(156) Concurrent Cleanup for Next Mark
[2025-02-01T20:54:21.556+0100][gc,marking  ] GC(156) Concurrent Cleanup for Next Mark 0.047ms
[2025-02-01T20:54:21.556+0100][gc          ] GC(156) Concurrent Undo Cycle 0.144ms
[2025-02-01T20:54:36.143+0100][gc,start    ] GC(157) Pause Young (Concurrent Start) (G1 Humongous Allocation)
[2025-02-01T20:54:36.143+0100][gc,task     ] GC(157) Using 8 workers of 8 for evacuation
[2025-02-01T20:54:36.146+0100][gc,phases   ] GC(157)   Pre Evacuate Collection Set: 0.2ms
[2025-02-01T20:54:36.146+0100][gc,phases   ] GC(157)   Merge Heap Roots: 0.0ms
[2025-02-01T20:54:36.146+0100][gc,phases   ] GC(157)   Evacuate Collection Set: 2.5ms
[2025-02-01T20:54:36.146+0100][gc,phases   ] GC(157)   Post Evacuate Collection Set: 0.2ms
[2025-02-01T20:54:36.146+0100][gc,phases   ] GC(157)   Other: 0.0ms
[2025-02-01T20:54:36.146+0100][gc,heap     ] GC(157) Eden regions: 103->0(610)
[2025-02-01T20:54:36.146+0100][gc,heap     ] GC(157) Survivor regions: 4->4(77)
[2025-02-01T20:54:36.146+0100][gc,heap     ] GC(157) Old regions: 29->29
[2025-02-01T20:54:36.146+0100][gc,heap     ] GC(157) Humongous regions: 329->130
[2025-02-01T20:54:36.146+0100][gc,metaspace] GC(157) Metaspace: 45229K(45888K)->45229K(45888K) NonClass: 39907K(40256K)->39907K(40256K) Class: 5322K(5632K)->5322K(5632K)
[2025-02-01T20:54:36.146+0100][gc          ] GC(157) Pause Young (Concurrent Start) (G1 Humongous Allocation) 464M->162M(1024M) 3.155ms
[2025-02-01T20:54:36.146+0100][gc          ] GC(158) Concurrent Undo Cycle
[2025-02-01T20:54:36.146+0100][gc,cpu      ] GC(157) User=0.01s Sys=0.01s Real=0.00s
[2025-02-01T20:54:36.146+0100][gc,marking  ] GC(158) Concurrent Clear Claimed Marks
[2025-02-01T20:54:36.146+0100][gc,marking  ] GC(158) Concurrent Clear Claimed Marks 0.021ms
[2025-02-01T20:54:36.146+0100][gc,marking  ] GC(158) Concurrent Cleanup for Next Mark
[2025-02-01T20:54:36.146+0100][gc,marking  ] GC(158) Concurrent Cleanup for Next Mark 0.047ms
[2025-02-01T20:54:36.146+0100][gc          ] GC(158) Concurrent Undo Cycle 0.110ms
[2025-02-01T20:59:07.842+0100][gc,start    ] GC(159) Pause Young (Concurrent Start) (G1 Humongous Allocation)
[2025-02-01T20:59:07.843+0100][gc,task     ] GC(159) Using 8 workers of 8 for evacuation
[2025-02-01T20:59:07.848+0100][gc,phases   ] GC(159)   Pre Evacuate Collection Set: 1.2ms
[2025-02-01T20:59:07.848+0100][gc,phases   ] GC(159)   Merge Heap Roots: 0.1ms
[2025-02-01T20:59:07.848+0100][gc,phases   ] GC(159)   Evacuate Collection Set: 2.9ms
[2025-02-01T20:59:07.848+0100][gc,phases   ] GC(159)   Post Evacuate Collection Set: 0.8ms
[2025-02-01T20:59:07.848+0100][gc,phases   ] GC(159)   Other: 0.1ms
[2025-02-01T20:59:07.848+0100][gc,heap     ] GC(159) Eden regions: 39->0(610)
[2025-02-01T20:59:07.848+0100][gc,heap     ] GC(159) Survivor regions: 4->4(77)
[2025-02-01T20:59:07.848+0100][gc,heap     ] GC(159) Old regions: 29->29
[2025-02-01T20:59:07.848+0100][gc,heap     ] GC(159) Humongous regions: 329->131
[2025-02-01T20:59:07.848+0100][gc,metaspace] GC(159) Metaspace: 45233K(45888K)->45233K(45888K) NonClass: 39910K(40256K)->39910K(40256K) Class: 5322K(5632K)->5322K(5632K)
[2025-02-01T20:59:07.848+0100][gc          ] GC(159) Pause Young (Concurrent Start) (G1 Humongous Allocation) 400M->163M(1024M) 5.465ms
[2025-02-01T20:59:07.848+0100][gc,cpu      ] GC(159) User=0.01s Sys=0.01s Real=0.00s
[2025-02-01T20:59:07.848+0100][gc          ] GC(160) Concurrent Undo Cycle
[2025-02-01T20:59:07.848+0100][gc,marking  ] GC(160) Concurrent Clear Claimed Marks
[2025-02-01T20:59:07.848+0100][gc,marking  ] GC(160) Concurrent Clear Claimed Marks 0.035ms
[2025-02-01T20:59:07.848+0100][gc,marking  ] GC(160) Concurrent Cleanup for Next Mark
[2025-02-01T20:59:07.848+0100][gc,marking  ] GC(160) Concurrent Cleanup for Next Mark 0.075ms
[2025-02-01T20:59:07.848+0100][gc          ] GC(160) Concurrent Undo Cycle 0.179ms
[2025-02-01T20:59:08.326+0100][gc,start    ] GC(161) Pause Young (Concurrent Start) (G1 Humongous Allocation)
[2025-02-01T20:59:08.326+0100][gc,task     ] GC(161) Using 8 workers of 8 for evacuation
[2025-02-01T20:59:08.328+0100][gc,phases   ] GC(161)   Pre Evacuate Collection Set: 0.2ms
[2025-02-01T20:59:08.328+0100][gc,phases   ] GC(161)   Merge Heap Roots: 0.0ms
[2025-02-01T20:59:08.328+0100][gc,phases   ] GC(161)   Evacuate Collection Set: 1.6ms
[2025-02-01T20:59:08.328+0100][gc,phases   ] GC(161)   Post Evacuate Collection Set: 0.3ms
[2025-02-01T20:59:08.328+0100][gc,phases   ] GC(161)   Other: 0.0ms
[2025-02-01T20:59:08.328+0100][gc,heap     ] GC(161) Eden regions: 29->0(610)
[2025-02-01T20:59:08.328+0100][gc,heap     ] GC(161) Survivor regions: 4->4(77)
[2025-02-01T20:59:08.328+0100][gc,heap     ] GC(161) Old regions: 29->29
[2025-02-01T20:59:08.328+0100][gc,heap     ] GC(161) Humongous regions: 329->130
[2025-02-01T20:59:08.328+0100][gc,metaspace] GC(161) Metaspace: 45233K(45888K)->45233K(45888K) NonClass: 39910K(40256K)->39910K(40256K) Class: 5322K(5632K)->5322K(5632K)
[2025-02-01T20:59:08.328+0100][gc          ] GC(161) Pause Young (Concurrent Start) (G1 Humongous Allocation) 390M->162M(1024M) 2.261ms
[2025-02-01T20:59:08.328+0100][gc,cpu      ] GC(161) User=0.01s Sys=0.00s Real=0.00s
[2025-02-01T20:59:08.328+0100][gc          ] GC(162) Concurrent Undo Cycle
[2025-02-01T20:59:08.328+0100][gc,marking  ] GC(162) Concurrent Clear Claimed Marks
[2025-02-01T20:59:08.328+0100][gc,marking  ] GC(162) Concurrent Clear Claimed Marks 0.016ms
[2025-02-01T20:59:08.328+0100][gc,marking  ] GC(162) Concurrent Cleanup for Next Mark
[2025-02-01T20:59:08.328+0100][gc,marking  ] GC(162) Concurrent Cleanup for Next Mark 0.041ms
[2025-02-01T20:59:08.328+0100][gc          ] GC(162) Concurrent Undo Cycle 0.091ms
[2025-02-01T20:59:23.319+0100][gc,start    ] GC(163) Pause Young (Concurrent Start) (G1 Humongous Allocation)
[2025-02-01T20:59:23.319+0100][gc,task     ] GC(163) Using 8 workers of 8 for evacuation
[2025-02-01T20:59:23.322+0100][gc,phases   ] GC(163)   Pre Evacuate Collection Set: 0.2ms
[2025-02-01T20:59:23.322+0100][gc,phases   ] GC(163)   Merge Heap Roots: 0.1ms
[2025-02-01T20:59:23.322+0100][gc,phases   ] GC(163)   Evacuate Collection Set: 1.8ms
[2025-02-01T20:59:23.322+0100][gc,phases   ] GC(163)   Post Evacuate Collection Set: 0.2ms
[2025-02-01T20:59:23.322+0100][gc,phases   ] GC(163)   Other: 0.1ms
[2025-02-01T20:59:23.322+0100][gc,heap     ] GC(163) Eden regions: 89->0(610)
[2025-02-01T20:59:23.322+0100][gc,heap     ] GC(163) Survivor regions: 4->4(77)
[2025-02-01T20:59:23.322+0100][gc,heap     ] GC(163) Old regions: 29->30
[2025-02-01T20:59:23.322+0100][gc,heap     ] GC(163) Humongous regions: 329->130
[2025-02-01T20:59:23.322+0100][gc,metaspace] GC(163) Metaspace: 45233K(45888K)->45233K(45888K) NonClass: 39910K(40256K)->39910K(40256K) Class: 5322K(5632K)->5322K(5632K)
[2025-02-01T20:59:23.322+0100][gc          ] GC(163) Pause Young (Concurrent Start) (G1 Humongous Allocation) 450M->162M(1024M) 2.491ms
[2025-02-01T20:59:23.322+0100][gc,cpu      ] GC(163) User=0.01s Sys=0.00s Real=0.01s
[2025-02-01T20:59:23.322+0100][gc          ] GC(164) Concurrent Undo Cycle
[2025-02-01T20:59:23.322+0100][gc,marking  ] GC(164) Concurrent Clear Claimed Marks
[2025-02-01T20:59:23.322+0100][gc,marking  ] GC(164) Concurrent Clear Claimed Marks 0.017ms
[2025-02-01T20:59:23.322+0100][gc,marking  ] GC(164) Concurrent Cleanup for Next Mark
[2025-02-01T20:59:23.322+0100][gc,marking  ] GC(164) Concurrent Cleanup for Next Mark 0.094ms
[2025-02-01T20:59:23.322+0100][gc          ] GC(164) Concurrent Undo Cycle 0.147ms
[2025-02-01T21:01:08.380+0100][gc,start    ] GC(165) Pause Young (Concurrent Start) (G1 Humongous Allocation)
[2025-02-01T21:01:08.381+0100][gc,task     ] GC(165) Using 8 workers of 8 for evacuation
[2025-02-01T21:01:08.383+0100][gc,phases   ] GC(165)   Pre Evacuate Collection Set: 0.2ms
[2025-02-01T21:01:08.383+0100][gc,phases   ] GC(165)   Merge Heap Roots: 0.0ms
[2025-02-01T21:01:08.383+0100][gc,phases   ] GC(165)   Evacuate Collection Set: 1.7ms
[2025-02-01T21:01:08.383+0100][gc,phases   ] GC(165)   Post Evacuate Collection Set: 0.2ms
[2025-02-01T21:01:08.383+0100][gc,phases   ] GC(165)   Other: 0.1ms
[2025-02-01T21:01:08.383+0100][gc,heap     ] GC(165) Eden regions: 31->0(611)
[2025-02-01T21:01:08.383+0100][gc,heap     ] GC(165) Survivor regions: 4->3(77)
[2025-02-01T21:01:08.383+0100][gc,heap     ] GC(165) Old regions: 30->30
[2025-02-01T21:01:08.383+0100][gc,heap     ] GC(165) Humongous regions: 328->129
[2025-02-01T21:01:08.383+0100][gc,metaspace] GC(165) Metaspace: 45234K(45888K)->45234K(45888K) NonClass: 39912K(40256K)->39912K(40256K) Class: 5322K(5632K)->5322K(5632K)
[2025-02-01T21:01:08.383+0100][gc          ] GC(165) Pause Young (Concurrent Start) (G1 Humongous Allocation) 391M->161M(1024M) 2.485ms
[2025-02-01T21:01:08.383+0100][gc          ] GC(166) Concurrent Undo Cycle
[2025-02-01T21:01:08.383+0100][gc,cpu      ] GC(165) User=0.01s Sys=0.00s Real=0.00s
[2025-02-01T21:01:08.383+0100][gc,marking  ] GC(166) Concurrent Clear Claimed Marks
[2025-02-01T21:01:08.383+0100][gc,marking  ] GC(166) Concurrent Clear Claimed Marks 0.019ms
[2025-02-01T21:01:08.383+0100][gc,marking  ] GC(166) Concurrent Cleanup for Next Mark
[2025-02-01T21:01:08.383+0100][gc,marking  ] GC(166) Concurrent Cleanup for Next Mark 0.046ms
[2025-02-01T21:01:08.383+0100][gc          ] GC(166) Concurrent Undo Cycle 0.100ms
[2025-02-01T21:01:23.145+0100][gc,start    ] GC(167) Pause Young (Concurrent Start) (G1 Humongous Allocation)
[2025-02-01T21:01:23.145+0100][gc,task     ] GC(167) Using 8 workers of 8 for evacuation
[2025-02-01T21:01:23.147+0100][gc,phases   ] GC(167)   Pre Evacuate Collection Set: 0.2ms
[2025-02-01T21:01:23.147+0100][gc,phases   ] GC(167)   Merge Heap Roots: 0.0ms
[2025-02-01T21:01:23.147+0100][gc,phases   ] GC(167)   Evacuate Collection Set: 1.3ms
[2025-02-01T21:01:23.147+0100][gc,phases   ] GC(167)   Post Evacuate Collection Set: 0.2ms
[2025-02-01T21:01:23.147+0100][gc,phases   ] GC(167)   Other: 0.0ms
[2025-02-01T21:01:23.147+0100][gc,heap     ] GC(167) Eden regions: 104->0(611)
[2025-02-01T21:01:23.147+0100][gc,heap     ] GC(167) Survivor regions: 3->3(77)
[2025-02-01T21:01:23.147+0100][gc,heap     ] GC(167) Old regions: 30->31
[2025-02-01T21:01:23.147+0100][gc,heap     ] GC(167) Humongous regions: 328->132
[2025-02-01T21:01:23.147+0100][gc,metaspace] GC(167) Metaspace: 45234K(45888K)->45234K(45888K) NonClass: 39912K(40256K)->39912K(40256K) Class: 5322K(5632K)->5322K(5632K)
[2025-02-01T21:01:23.147+0100][gc          ] GC(167) Pause Young (Concurrent Start) (G1 Humongous Allocation) 463M->165M(1024M) 1.876ms
[2025-02-01T21:01:23.147+0100][gc          ] GC(168) Concurrent Undo Cycle
[2025-02-01T21:01:23.147+0100][gc,cpu      ] GC(167) User=0.01s Sys=0.00s Real=0.00s
[2025-02-01T21:01:23.147+0100][gc,marking  ] GC(168) Concurrent Clear Claimed Marks
[2025-02-01T21:01:23.147+0100][gc,marking  ] GC(168) Concurrent Clear Claimed Marks 0.015ms
[2025-02-01T21:01:23.147+0100][gc,marking  ] GC(168) Concurrent Cleanup for Next Mark
[2025-02-01T21:01:23.147+0100][gc,marking  ] GC(168) Concurrent Cleanup for Next Mark 0.047ms
[2025-02-01T21:01:23.147+0100][gc          ] GC(168) Concurrent Undo Cycle 0.098ms
[2025-02-01T21:01:23.718+0100][gc,start    ] GC(169) Pause Young (Concurrent Start) (G1 Humongous Allocation)
[2025-02-01T21:01:23.719+0100][gc,task     ] GC(169) Using 8 workers of 8 for evacuation
[2025-02-01T21:01:23.721+0100][gc,phases   ] GC(169)   Pre Evacuate Collection Set: 0.1ms
[2025-02-01T21:01:23.721+0100][gc,phases   ] GC(169)   Merge Heap Roots: 0.0ms
[2025-02-01T21:01:23.721+0100][gc,phases   ] GC(169)   Evacuate Collection Set: 1.3ms
[2025-02-01T21:01:23.721+0100][gc,phases   ] GC(169)   Post Evacuate Collection Set: 0.2ms
[2025-02-01T21:01:23.721+0100][gc,phases   ] GC(169)   Other: 0.1ms
[2025-02-01T21:01:23.721+0100][gc,heap     ] GC(169) Eden regions: 28->0(611)
[2025-02-01T21:01:23.721+0100][gc,heap     ] GC(169) Survivor regions: 3->3(77)
[2025-02-01T21:01:23.721+0100][gc,heap     ] GC(169) Old regions: 31->31
[2025-02-01T21:01:23.721+0100][gc,heap     ] GC(169) Humongous regions: 327->129
[2025-02-01T21:01:23.721+0100][gc,metaspace] GC(169) Metaspace: 45234K(45888K)->45234K(45888K) NonClass: 39912K(40256K)->39912K(40256K) Class: 5322K(5632K)->5322K(5632K)
[2025-02-01T21:01:23.721+0100][gc          ] GC(169) Pause Young (Concurrent Start) (G1 Humongous Allocation) 387M->161M(1024M) 2.659ms
[2025-02-01T21:01:23.721+0100][gc,cpu      ] GC(169) User=0.01s Sys=0.00s Real=0.01s
[2025-02-01T21:01:23.721+0100][gc          ] GC(170) Concurrent Undo Cycle
[2025-02-01T21:01:23.721+0100][gc,marking  ] GC(170) Concurrent Clear Claimed Marks
[2025-02-01T21:01:23.721+0100][gc,marking  ] GC(170) Concurrent Clear Claimed Marks 0.014ms
[2025-02-01T21:01:23.721+0100][gc,marking  ] GC(170) Concurrent Cleanup for Next Mark
[2025-02-01T21:01:23.721+0100][gc,marking  ] GC(170) Concurrent Cleanup for Next Mark 0.056ms
[2025-02-01T21:01:23.721+0100][gc          ] GC(170) Concurrent Undo Cycle 0.106ms
[2025-02-03T20:07:08.064+0100][gc,start    ] GC(171) Pause Young (Normal) (G1 Evacuation Pause)
[2025-02-03T20:07:08.067+0100][gc,task     ] GC(171) Using 8 workers of 8 for evacuation
[2025-02-03T20:07:08.089+0100][gc,mmu      ] GC(171) MMU target violated: 21.0ms (20.0ms/21.0ms)
[2025-02-03T20:07:08.089+0100][gc,phases   ] GC(171)   Pre Evacuate Collection Set: 6.0ms
[2025-02-03T20:07:08.089+0100][gc,phases   ] GC(171)   Merge Heap Roots: 0.4ms
[2025-02-03T20:07:08.089+0100][gc,phases   ] GC(171)   Evacuate Collection Set: 13.1ms
[2025-02-03T20:07:08.089+0100][gc,phases   ] GC(171)   Post Evacuate Collection Set: 2.1ms
[2025-02-03T20:07:08.089+0100][gc,phases   ] GC(171)   Other: 1.7ms
[2025-02-03T20:07:08.090+0100][gc,heap     ] GC(171) Eden regions: 611->0(611)
[2025-02-03T20:07:08.090+0100][gc,heap     ] GC(171) Survivor regions: 3->3(77)
[2025-02-03T20:07:08.090+0100][gc,heap     ] GC(171) Old regions: 31->31
[2025-02-03T20:07:08.090+0100][gc,heap     ] GC(171) Humongous regions: 199->129
[2025-02-03T20:07:08.090+0100][gc,metaspace] GC(171) Metaspace: 45283K(45952K)->45283K(45952K) NonClass: 39960K(40320K)->39960K(40320K) Class: 5322K(5632K)->5322K(5632K)
[2025-02-03T20:07:08.090+0100][gc          ] GC(171) Pause Young (Normal) (G1 Evacuation Pause) 842M->161M(1024M) 26.922ms
[2025-02-03T20:07:08.090+0100][gc,cpu      ] GC(171) User=0.01s Sys=0.03s Real=0.03s
[2025-02-04T04:19:41.412+0100][gc,start    ] GC(172) Pause Young (Normal) (G1 Evacuation Pause)
[2025-02-04T04:19:41.413+0100][gc,task     ] GC(172) Using 8 workers of 8 for evacuation
[2025-02-04T04:19:41.426+0100][gc,phases   ] GC(172)   Pre Evacuate Collection Set: 1.6ms
[2025-02-04T04:19:41.427+0100][gc,phases   ] GC(172)   Merge Heap Roots: 0.4ms
[2025-02-04T04:19:41.427+0100][gc,phases   ] GC(172)   Evacuate Collection Set: 8.6ms
[2025-02-04T04:19:41.427+0100][gc,phases   ] GC(172)   Post Evacuate Collection Set: 2.1ms
[2025-02-04T04:19:41.427+0100][gc,phases   ] GC(172)   Other: 0.7ms
[2025-02-04T04:19:41.427+0100][gc,heap     ] GC(172) Eden regions: 611->0(611)
[2025-02-04T04:19:41.428+0100][gc,heap     ] GC(172) Survivor regions: 3->3(77)
[2025-02-04T04:19:41.428+0100][gc,heap     ] GC(172) Old regions: 31->31
[2025-02-04T04:19:41.428+0100][gc,heap     ] GC(172) Humongous regions: 129->129
[2025-02-04T04:19:41.428+0100][gc,metaspace] GC(172) Metaspace: 45345K(46016K)->45345K(46016K) NonClass: 40023K(40384K)->40023K(40384K) Class: 5322K(5632K)->5322K(5632K)
[2025-02-04T04:19:41.428+0100][gc          ] GC(172) Pause Young (Normal) (G1 Evacuation Pause) 772M->161M(1024M) 16.047ms
[2025-02-04T04:19:41.428+0100][gc,cpu      ] GC(172) User=0.02s Sys=0.03s Real=0.01s
[2025-02-06T00:29:23.615+0100][gc,heap,exit] Heap
[2025-02-06T00:29:23.616+0100][gc,heap,exit]  garbage-first heap   total 1048576K, used 710723K [0x00000007c0000000, 0x0000000800000000)
[2025-02-06T00:29:23.616+0100][gc,heap,exit]   region size 1024K, 536 young (548864K), 3 survivors (3072K)
[2025-02-06T00:29:23.616+0100][gc,heap,exit]  Metaspace       used 45432K, committed 46080K, reserved 1114112K
[2025-02-06T00:29:23.616+0100][gc,heap,exit]   class space    used 5342K, committed 5632K, reserved 1048576K
