[2025-05-16T15:55:25.726+0200][gc,init] CardTable entry size: 512
[2025-05-16T15:55:25.726+0200][gc     ] Using G1
[2025-05-16T15:55:25.727+0200][gc,init] Version: 21.0.1+12-29 (release)
[2025-05-16T15:55:25.727+0200][gc,init] CPUs: 8 total, 8 available
[2025-05-16T15:55:25.727+0200][gc,init] Memory: 16384M
[2025-05-16T15:55:25.727+0200][gc,init] Large Page Support: Disabled
[2025-05-16T15:55:25.727+0200][gc,init] NUMA Support: Disabled
[2025-05-16T15:55:25.727+0200][gc,init] Compressed Oops: Enabled (Zero based)
[2025-05-16T15:55:25.727+0200][gc,init] Heap Region Size: 1M
[2025-05-16T15:55:25.727+0200][gc,init] Heap Min Capacity: 1G
[2025-05-16T15:55:25.727+0200][gc,init] Heap Initial Capacity: 1G
[2025-05-16T15:55:25.727+0200][gc,init] Heap Max Capacity: 1G
[2025-05-16T15:55:25.727+0200][gc,init] Pre-touch: Disabled
[2025-05-16T15:55:25.727+0200][gc,init] Parallel Workers: 8
[2025-05-16T15:55:25.727+0200][gc,init] Concurrent Workers: 2
[2025-05-16T15:55:25.727+0200][gc,init] Concurrent Refinement Workers: 8
[2025-05-16T15:55:25.727+0200][gc,init] Periodic GC: Disabled
[2025-05-16T15:55:25.731+0200][gc,metaspace] CDS archive(s) mapped at: [0x000000c800000000-0x000000c800ca4000-0x000000c800ca4000), size 13254656, SharedBaseAddress: 0x000000c800000000, ArchiveRelocationMode: 1.
[2025-05-16T15:55:25.731+0200][gc,metaspace] Compressed class space mapped at: 0x000000c801000000-0x000000c841000000, reserved size: 1073741824
[2025-05-16T15:55:25.731+0200][gc,metaspace] Narrow klass base: 0x000000c800000000, Narrow klass shift: 0, Narrow klass range: 0x100000000
[2025-05-16T15:55:26.816+0200][gc,start    ] GC(0) Pause Young (Normal) (G1 Evacuation Pause)
[2025-05-16T15:55:26.816+0200][gc,task     ] GC(0) Using 8 workers of 8 for evacuation
[2025-05-16T15:55:26.819+0200][gc,phases   ] GC(0)   Pre Evacuate Collection Set: 0.1ms
[2025-05-16T15:55:26.819+0200][gc,phases   ] GC(0)   Merge Heap Roots: 0.0ms
[2025-05-16T15:55:26.819+0200][gc,phases   ] GC(0)   Evacuate Collection Set: 2.3ms
[2025-05-16T15:55:26.819+0200][gc,phases   ] GC(0)   Post Evacuate Collection Set: 0.2ms
[2025-05-16T15:55:26.819+0200][gc,phases   ] GC(0)   Other: 0.2ms
[2025-05-16T15:55:26.819+0200][gc,heap     ] GC(0) Eden regions: 51->0(44)
[2025-05-16T15:55:26.819+0200][gc,heap     ] GC(0) Survivor regions: 0->7(7)
[2025-05-16T15:55:26.819+0200][gc,heap     ] GC(0) Old regions: 2->4
[2025-05-16T15:55:26.819+0200][gc,heap     ] GC(0) Humongous regions: 0->0
[2025-05-16T15:55:26.819+0200][gc,metaspace] GC(0) Metaspace: 17268K(17472K)->17268K(17472K) NonClass: 15234K(15360K)->15234K(15360K) Class: 2033K(2112K)->2033K(2112K)
[2025-05-16T15:55:26.819+0200][gc          ] GC(0) Pause Young (Normal) (G1 Evacuation Pause) 52M->9M(1024M) 3.111ms
[2025-05-16T15:55:26.819+0200][gc,cpu      ] GC(0) User=0.01s Sys=0.00s Real=0.00s
[2025-05-16T15:55:26.943+0200][gc,start    ] GC(1) Pause Young (Concurrent Start) (Metadata GC Threshold)
[2025-05-16T15:55:26.943+0200][gc,task     ] GC(1) Using 8 workers of 8 for evacuation
[2025-05-16T15:55:26.946+0200][gc,phases   ] GC(1)   Pre Evacuate Collection Set: 0.2ms
[2025-05-16T15:55:26.946+0200][gc,phases   ] GC(1)   Merge Heap Roots: 0.0ms
[2025-05-16T15:55:26.946+0200][gc,phases   ] GC(1)   Evacuate Collection Set: 2.8ms
[2025-05-16T15:55:26.946+0200][gc,phases   ] GC(1)   Post Evacuate Collection Set: 0.2ms
[2025-05-16T15:55:26.946+0200][gc,phases   ] GC(1)   Other: 0.1ms
[2025-05-16T15:55:26.946+0200][gc,heap     ] GC(1) Eden regions: 15->0(49)
[2025-05-16T15:55:26.946+0200][gc,heap     ] GC(1) Survivor regions: 7->2(7)
[2025-05-16T15:55:26.946+0200][gc,heap     ] GC(1) Old regions: 4->11
[2025-05-16T15:55:26.946+0200][gc,heap     ] GC(1) Humongous regions: 0->0
[2025-05-16T15:55:26.946+0200][gc,metaspace] GC(1) Metaspace: 21271K(21504K)->21271K(21504K) NonClass: 18756K(18880K)->18756K(18880K) Class: 2514K(2624K)->2514K(2624K)
[2025-05-16T15:55:26.946+0200][gc          ] GC(1) Pause Young (Concurrent Start) (Metadata GC Threshold) 24M->11M(1024M) 3.523ms
[2025-05-16T15:55:26.946+0200][gc          ] GC(2) Concurrent Mark Cycle
[2025-05-16T15:55:26.946+0200][gc,cpu      ] GC(1) User=0.01s Sys=0.01s Real=0.00s
[2025-05-16T15:55:26.946+0200][gc,marking  ] GC(2) Concurrent Scan Root Regions
[2025-05-16T15:55:26.948+0200][gc,marking  ] GC(2) Concurrent Scan Root Regions 1.539ms
[2025-05-16T15:55:26.948+0200][gc,marking  ] GC(2) Concurrent Mark
[2025-05-16T15:55:26.948+0200][gc,marking  ] GC(2) Concurrent Mark From Roots
[2025-05-16T15:55:26.948+0200][gc,task     ] GC(2) Using 2 workers of 2 for marking
[2025-05-16T15:55:26.949+0200][gc,marking  ] GC(2) Concurrent Mark From Roots 1.425ms
[2025-05-16T15:55:26.949+0200][gc,marking  ] GC(2) Concurrent Preclean
[2025-05-16T15:55:26.949+0200][gc,marking  ] GC(2) Concurrent Preclean 0.009ms
[2025-05-16T15:55:26.950+0200][gc,start    ] GC(2) Pause Remark
[2025-05-16T15:55:26.951+0200][gc          ] GC(2) Pause Remark 11M->11M(1024M) 1.119ms
[2025-05-16T15:55:26.951+0200][gc,cpu      ] GC(2) User=0.00s Sys=0.00s Real=0.00s
[2025-05-16T15:55:26.951+0200][gc,marking  ] GC(2) Concurrent Mark 2.726ms
[2025-05-16T15:55:26.951+0200][gc,marking  ] GC(2) Concurrent Rebuild Remembered Sets and Scrub Regions
[2025-05-16T15:55:26.952+0200][gc,marking  ] GC(2) Concurrent Rebuild Remembered Sets and Scrub Regions 1.255ms
[2025-05-16T15:55:26.952+0200][gc,start    ] GC(2) Pause Cleanup
[2025-05-16T15:55:26.952+0200][gc          ] GC(2) Pause Cleanup 11M->11M(1024M) 0.088ms
[2025-05-16T15:55:26.952+0200][gc,cpu      ] GC(2) User=0.00s Sys=0.00s Real=0.00s
[2025-05-16T15:55:26.952+0200][gc,marking  ] GC(2) Concurrent Clear Claimed Marks
[2025-05-16T15:55:26.952+0200][gc,marking  ] GC(2) Concurrent Clear Claimed Marks 0.016ms
[2025-05-16T15:55:26.952+0200][gc,marking  ] GC(2) Concurrent Cleanup for Next Mark
[2025-05-16T15:55:26.954+0200][gc,marking  ] GC(2) Concurrent Cleanup for Next Mark 1.753ms
[2025-05-16T15:55:26.954+0200][gc          ] GC(2) Concurrent Mark Cycle 7.884ms
[2025-05-16T15:55:27.331+0200][gc,start    ] GC(3) Pause Young (Prepare Mixed) (G1 Evacuation Pause)
[2025-05-16T15:55:27.331+0200][gc,task     ] GC(3) Using 8 workers of 8 for evacuation
[2025-05-16T15:55:27.334+0200][gc,phases   ] GC(3)   Pre Evacuate Collection Set: 0.1ms
[2025-05-16T15:55:27.334+0200][gc,phases   ] GC(3)   Merge Heap Roots: 0.0ms
[2025-05-16T15:55:27.334+0200][gc,phases   ] GC(3)   Evacuate Collection Set: 2.6ms
[2025-05-16T15:55:27.334+0200][gc,phases   ] GC(3)   Post Evacuate Collection Set: 0.2ms
[2025-05-16T15:55:27.334+0200][gc,phases   ] GC(3)   Other: 0.0ms
[2025-05-16T15:55:27.334+0200][gc,heap     ] GC(3) Eden regions: 49->0(44)
[2025-05-16T15:55:27.334+0200][gc,heap     ] GC(3) Survivor regions: 2->7(7)
[2025-05-16T15:55:27.334+0200][gc,heap     ] GC(3) Old regions: 11->11
[2025-05-16T15:55:27.334+0200][gc,heap     ] GC(3) Humongous regions: 129->129
[2025-05-16T15:55:27.334+0200][gc,metaspace] GC(3) Metaspace: 33007K(33280K)->33007K(33280K) NonClass: 29390K(29568K)->29390K(29568K) Class: 3616K(3712K)->3616K(3712K)
[2025-05-16T15:55:27.334+0200][gc          ] GC(3) Pause Young (Prepare Mixed) (G1 Evacuation Pause) 189M->145M(1024M) 3.199ms
[2025-05-16T15:55:27.334+0200][gc,cpu      ] GC(3) User=0.02s Sys=0.00s Real=0.00s
[2025-05-16T15:55:27.485+0200][gc,start    ] GC(4) Pause Young (Mixed) (Metadata GC Threshold)
[2025-05-16T15:55:27.485+0200][gc,task     ] GC(4) Using 8 workers of 8 for evacuation
[2025-05-16T15:55:27.488+0200][gc,phases   ] GC(4)   Pre Evacuate Collection Set: 0.2ms
[2025-05-16T15:55:27.488+0200][gc,phases   ] GC(4)   Merge Heap Roots: 0.0ms
[2025-05-16T15:55:27.488+0200][gc,phases   ] GC(4)   Evacuate Collection Set: 2.7ms
[2025-05-16T15:55:27.488+0200][gc,phases   ] GC(4)   Post Evacuate Collection Set: 0.2ms
[2025-05-16T15:55:27.488+0200][gc,phases   ] GC(4)   Other: 0.0ms
[2025-05-16T15:55:27.488+0200][gc,heap     ] GC(4) Eden regions: 12->0(49)
[2025-05-16T15:55:27.488+0200][gc,heap     ] GC(4) Survivor regions: 7->2(7)
[2025-05-16T15:55:27.488+0200][gc,heap     ] GC(4) Old regions: 11->17
[2025-05-16T15:55:27.488+0200][gc,heap     ] GC(4) Humongous regions: 129->129
[2025-05-16T15:55:27.488+0200][gc,metaspace] GC(4) Metaspace: 35651K(35968K)->35651K(35968K) NonClass: 31691K(31872K)->31691K(31872K) Class: 3960K(4096K)->3960K(4096K)
[2025-05-16T15:55:27.488+0200][gc          ] GC(4) Pause Young (Mixed) (Metadata GC Threshold) 156M->146M(1024M) 3.348ms
[2025-05-16T15:55:27.488+0200][gc,cpu      ] GC(4) User=0.03s Sys=0.00s Real=0.00s
[2025-05-16T15:55:27.501+0200][gc,start    ] GC(5) Pause Young (Concurrent Start) (Metadata GC Threshold)
[2025-05-16T15:55:27.501+0200][gc,task     ] GC(5) Using 8 workers of 8 for evacuation
[2025-05-16T15:55:27.502+0200][gc,phases   ] GC(5)   Pre Evacuate Collection Set: 0.2ms
[2025-05-16T15:55:27.502+0200][gc,phases   ] GC(5)   Merge Heap Roots: 0.0ms
[2025-05-16T15:55:27.502+0200][gc,phases   ] GC(5)   Evacuate Collection Set: 0.6ms
[2025-05-16T15:55:27.502+0200][gc,phases   ] GC(5)   Post Evacuate Collection Set: 0.1ms
[2025-05-16T15:55:27.502+0200][gc,phases   ] GC(5)   Other: 0.0ms
[2025-05-16T15:55:27.502+0200][gc,heap     ] GC(5) Eden regions: 2->0(50)
[2025-05-16T15:55:27.502+0200][gc,heap     ] GC(5) Survivor regions: 2->1(7)
[2025-05-16T15:55:27.502+0200][gc,heap     ] GC(5) Old regions: 17->17
[2025-05-16T15:55:27.502+0200][gc,heap     ] GC(5) Humongous regions: 129->129
[2025-05-16T15:55:27.502+0200][gc,metaspace] GC(5) Metaspace: 36025K(36288K)->36025K(36288K) NonClass: 32016K(32128K)->32016K(32128K) Class: 4009K(4160K)->4009K(4160K)
[2025-05-16T15:55:27.502+0200][gc          ] GC(5) Pause Young (Concurrent Start) (Metadata GC Threshold) 148M->146M(1024M) 1.166ms
[2025-05-16T15:55:27.502+0200][gc          ] GC(6) Concurrent Mark Cycle
[2025-05-16T15:55:27.502+0200][gc,cpu      ] GC(5) User=0.01s Sys=0.00s Real=0.00s
[2025-05-16T15:55:27.502+0200][gc,marking  ] GC(6) Concurrent Scan Root Regions
[2025-05-16T15:55:27.503+0200][gc,marking  ] GC(6) Concurrent Scan Root Regions 0.755ms
[2025-05-16T15:55:27.503+0200][gc,marking  ] GC(6) Concurrent Mark
[2025-05-16T15:55:27.503+0200][gc,marking  ] GC(6) Concurrent Mark From Roots
[2025-05-16T15:55:27.503+0200][gc,task     ] GC(6) Using 2 workers of 2 for marking
[2025-05-16T15:55:27.509+0200][gc,marking  ] GC(6) Concurrent Mark From Roots 6.894ms
[2025-05-16T15:55:27.510+0200][gc,marking  ] GC(6) Concurrent Preclean
[2025-05-16T15:55:27.510+0200][gc,marking  ] GC(6) Concurrent Preclean 0.026ms
[2025-05-16T15:55:27.510+0200][gc,start    ] GC(6) Pause Remark
[2025-05-16T15:55:27.511+0200][gc          ] GC(6) Pause Remark 147M->147M(1024M) 1.227ms
[2025-05-16T15:55:27.511+0200][gc,cpu      ] GC(6) User=0.00s Sys=0.00s Real=0.00s
[2025-05-16T15:55:27.511+0200][gc,marking  ] GC(6) Concurrent Mark 8.322ms
[2025-05-16T15:55:27.511+0200][gc,marking  ] GC(6) Concurrent Rebuild Remembered Sets and Scrub Regions
[2025-05-16T15:55:27.515+0200][gc,marking  ] GC(6) Concurrent Rebuild Remembered Sets and Scrub Regions 4.041ms
[2025-05-16T15:55:27.515+0200][gc,start    ] GC(6) Pause Cleanup
[2025-05-16T15:55:27.515+0200][gc          ] GC(6) Pause Cleanup 147M->147M(1024M) 0.097ms
[2025-05-16T15:55:27.515+0200][gc,cpu      ] GC(6) User=0.00s Sys=0.00s Real=0.00s
[2025-05-16T15:55:27.515+0200][gc,marking  ] GC(6) Concurrent Clear Claimed Marks
[2025-05-16T15:55:27.515+0200][gc,marking  ] GC(6) Concurrent Clear Claimed Marks 0.019ms
[2025-05-16T15:55:27.515+0200][gc,marking  ] GC(6) Concurrent Cleanup for Next Mark
[2025-05-16T15:55:27.516+0200][gc,marking  ] GC(6) Concurrent Cleanup for Next Mark 0.989ms
[2025-05-16T15:55:27.516+0200][gc          ] GC(6) Concurrent Mark Cycle 14.373ms
[2025-05-16T16:04:19.786+0200][gc,start    ] GC(7) Pause Young (Prepare Mixed) (G1 Evacuation Pause)
[2025-05-16T16:04:19.787+0200][gc,task     ] GC(7) Using 8 workers of 8 for evacuation
[2025-05-16T16:04:19.792+0200][gc,phases   ] GC(7)   Pre Evacuate Collection Set: 0.6ms
[2025-05-16T16:04:19.792+0200][gc,phases   ] GC(7)   Merge Heap Roots: 0.1ms
[2025-05-16T16:04:19.792+0200][gc,phases   ] GC(7)   Evacuate Collection Set: 4.1ms
[2025-05-16T16:04:19.792+0200][gc,phases   ] GC(7)   Post Evacuate Collection Set: 0.3ms
[2025-05-16T16:04:19.792+0200][gc,phases   ] GC(7)   Other: 0.1ms
[2025-05-16T16:04:19.792+0200][gc,heap     ] GC(7) Eden regions: 50->0(48)
[2025-05-16T16:04:19.792+0200][gc,heap     ] GC(7) Survivor regions: 1->3(7)
[2025-05-16T16:04:19.792+0200][gc,heap     ] GC(7) Old regions: 17->17
[2025-05-16T16:04:19.792+0200][gc,heap     ] GC(7) Humongous regions: 129->129
[2025-05-16T16:04:19.792+0200][gc,metaspace] GC(7) Metaspace: 40881K(41408K)->40881K(41408K) NonClass: 36180K(36480K)->36180K(36480K) Class: 4701K(4928K)->4701K(4928K)
[2025-05-16T16:04:19.792+0200][gc          ] GC(7) Pause Young (Prepare Mixed) (G1 Evacuation Pause) 196M->147M(1024M) 5.912ms
[2025-05-16T16:04:19.792+0200][gc,cpu      ] GC(7) User=0.01s Sys=0.01s Real=0.01s
[2025-05-16T16:04:20.219+0200][gc,start    ] GC(8) Pause Young (Mixed) (G1 Evacuation Pause)
[2025-05-16T16:04:20.219+0200][gc,task     ] GC(8) Using 8 workers of 8 for evacuation
[2025-05-16T16:04:20.222+0200][gc,phases   ] GC(8)   Pre Evacuate Collection Set: 0.1ms
[2025-05-16T16:04:20.222+0200][gc,phases   ] GC(8)   Merge Heap Roots: 0.0ms
[2025-05-16T16:04:20.222+0200][gc,phases   ] GC(8)   Evacuate Collection Set: 2.1ms
[2025-05-16T16:04:20.222+0200][gc,phases   ] GC(8)   Post Evacuate Collection Set: 0.2ms
[2025-05-16T16:04:20.222+0200][gc,phases   ] GC(8)   Other: 0.0ms
[2025-05-16T16:04:20.222+0200][gc,heap     ] GC(8) Eden regions: 48->0(48)
[2025-05-16T16:04:20.222+0200][gc,heap     ] GC(8) Survivor regions: 3->3(7)
[2025-05-16T16:04:20.222+0200][gc,heap     ] GC(8) Old regions: 17->17
[2025-05-16T16:04:20.222+0200][gc,heap     ] GC(8) Humongous regions: 129->129
[2025-05-16T16:04:20.222+0200][gc,metaspace] GC(8) Metaspace: 40950K(41472K)->40950K(41472K) NonClass: 36249K(36544K)->36249K(36544K) Class: 4701K(4928K)->4701K(4928K)
[2025-05-16T16:04:20.222+0200][gc          ] GC(8) Pause Young (Mixed) (G1 Evacuation Pause) 195M->148M(1024M) 2.682ms
[2025-05-16T16:04:20.222+0200][gc,cpu      ] GC(8) User=0.01s Sys=0.01s Real=0.01s
[2025-05-16T16:04:20.465+0200][gc,start    ] GC(9) Pause Young (Normal) (G1 Evacuation Pause)
[2025-05-16T16:04:20.465+0200][gc,task     ] GC(9) Using 8 workers of 8 for evacuation
[2025-05-16T16:04:20.467+0200][gc,phases   ] GC(9)   Pre Evacuate Collection Set: 0.2ms
[2025-05-16T16:04:20.467+0200][gc,phases   ] GC(9)   Merge Heap Roots: 0.0ms
[2025-05-16T16:04:20.467+0200][gc,phases   ] GC(9)   Evacuate Collection Set: 1.9ms
[2025-05-16T16:04:20.467+0200][gc,phases   ] GC(9)   Post Evacuate Collection Set: 0.5ms
[2025-05-16T16:04:20.467+0200][gc,phases   ] GC(9)   Other: 0.0ms
[2025-05-16T16:04:20.467+0200][gc,heap     ] GC(9) Eden regions: 48->0(48)
[2025-05-16T16:04:20.467+0200][gc,heap     ] GC(9) Survivor regions: 3->3(7)
[2025-05-16T16:04:20.467+0200][gc,heap     ] GC(9) Old regions: 17->17
[2025-05-16T16:04:20.467+0200][gc,heap     ] GC(9) Humongous regions: 129->129
[2025-05-16T16:04:20.467+0200][gc,metaspace] GC(9) Metaspace: 40951K(41472K)->40951K(41472K) NonClass: 36249K(36544K)->36249K(36544K) Class: 4701K(4928K)->4701K(4928K)
[2025-05-16T16:04:20.467+0200][gc          ] GC(9) Pause Young (Normal) (G1 Evacuation Pause) 196M->148M(1024M) 2.770ms
[2025-05-16T16:04:20.467+0200][gc,cpu      ] GC(9) User=0.01s Sys=0.01s Real=0.00s
[2025-05-16T16:04:20.609+0200][gc,start    ] GC(10) Pause Young (Normal) (G1 Evacuation Pause)
[2025-05-16T16:04:20.609+0200][gc,task     ] GC(10) Using 8 workers of 8 for evacuation
[2025-05-16T16:04:20.612+0200][gc,phases   ] GC(10)   Pre Evacuate Collection Set: 0.1ms
[2025-05-16T16:04:20.612+0200][gc,phases   ] GC(10)   Merge Heap Roots: 0.0ms
[2025-05-16T16:04:20.612+0200][gc,phases   ] GC(10)   Evacuate Collection Set: 2.0ms
[2025-05-16T16:04:20.612+0200][gc,phases   ] GC(10)   Post Evacuate Collection Set: 0.2ms
[2025-05-16T16:04:20.612+0200][gc,phases   ] GC(10)   Other: 0.0ms
[2025-05-16T16:04:20.612+0200][gc,heap     ] GC(10) Eden regions: 48->0(56)
[2025-05-16T16:04:20.612+0200][gc,heap     ] GC(10) Survivor regions: 3->3(7)
[2025-05-16T16:04:20.612+0200][gc,heap     ] GC(10) Old regions: 17->17
[2025-05-16T16:04:20.612+0200][gc,heap     ] GC(10) Humongous regions: 129->129
[2025-05-16T16:04:20.612+0200][gc,metaspace] GC(10) Metaspace: 40951K(41472K)->40951K(41472K) NonClass: 36249K(36544K)->36249K(36544K) Class: 4701K(4928K)->4701K(4928K)
[2025-05-16T16:04:20.612+0200][gc          ] GC(10) Pause Young (Normal) (G1 Evacuation Pause) 196M->148M(1024M) 2.531ms
[2025-05-16T16:04:20.612+0200][gc,cpu      ] GC(10) User=0.01s Sys=0.00s Real=0.01s
[2025-05-16T16:04:22.173+0200][gc,start    ] GC(11) Pause Young (Normal) (G1 Evacuation Pause)
[2025-05-16T16:04:22.173+0200][gc,task     ] GC(11) Using 8 workers of 8 for evacuation
[2025-05-16T16:04:22.176+0200][gc,phases   ] GC(11)   Pre Evacuate Collection Set: 0.1ms
[2025-05-16T16:04:22.176+0200][gc,phases   ] GC(11)   Merge Heap Roots: 0.0ms
[2025-05-16T16:04:22.176+0200][gc,phases   ] GC(11)   Evacuate Collection Set: 2.9ms
[2025-05-16T16:04:22.176+0200][gc,phases   ] GC(11)   Post Evacuate Collection Set: 0.2ms
[2025-05-16T16:04:22.176+0200][gc,phases   ] GC(11)   Other: 0.0ms
[2025-05-16T16:04:22.176+0200][gc,heap     ] GC(11) Eden regions: 55->0(374)
[2025-05-16T16:04:22.176+0200][gc,heap     ] GC(11) Survivor regions: 3->3(8)
[2025-05-16T16:04:22.176+0200][gc,heap     ] GC(11) Old regions: 17->17
[2025-05-16T16:04:22.176+0200][gc,heap     ] GC(11) Humongous regions: 129->129
[2025-05-16T16:04:22.176+0200][gc,metaspace] GC(11) Metaspace: 40986K(41472K)->40986K(41472K) NonClass: 36277K(36544K)->36277K(36544K) Class: 4708K(4928K)->4708K(4928K)
[2025-05-16T16:04:22.176+0200][gc          ] GC(11) Pause Young (Normal) (G1 Evacuation Pause) 203M->148M(1024M) 3.450ms
[2025-05-16T16:04:22.176+0200][gc,cpu      ] GC(11) User=0.01s Sys=0.01s Real=0.00s
[2025-05-16T16:04:25.665+0200][gc,start    ] GC(12) Pause Young (Concurrent Start) (G1 Humongous Allocation)
[2025-05-16T16:04:25.665+0200][gc,task     ] GC(12) Using 8 workers of 8 for evacuation
[2025-05-16T16:04:25.670+0200][gc,phases   ] GC(12)   Pre Evacuate Collection Set: 0.5ms
[2025-05-16T16:04:25.670+0200][gc,phases   ] GC(12)   Merge Heap Roots: 0.1ms
[2025-05-16T16:04:25.670+0200][gc,phases   ] GC(12)   Evacuate Collection Set: 4.2ms
[2025-05-16T16:04:25.671+0200][gc,phases   ] GC(12)   Post Evacuate Collection Set: 0.6ms
[2025-05-16T16:04:25.671+0200][gc,phases   ] GC(12)   Other: 0.0ms
[2025-05-16T16:04:25.671+0200][gc,heap     ] GC(12) Eden regions: 28->0(83)
[2025-05-16T16:04:25.671+0200][gc,heap     ] GC(12) Survivor regions: 3->5(47)
[2025-05-16T16:04:25.671+0200][gc,heap     ] GC(12) Old regions: 17->17
[2025-05-16T16:04:25.671+0200][gc,heap     ] GC(12) Humongous regions: 341->129
[2025-05-16T16:04:25.671+0200][gc,metaspace] GC(12) Metaspace: 42968K(43648K)->42968K(43648K) NonClass: 37936K(38336K)->37936K(38336K) Class: 5032K(5312K)->5032K(5312K)
[2025-05-16T16:04:25.671+0200][gc          ] GC(12) Pause Young (Concurrent Start) (G1 Humongous Allocation) 387M->150M(1024M) 5.526ms
[2025-05-16T16:04:25.671+0200][gc,cpu      ] GC(12) User=0.02s Sys=0.00s Real=0.01s
[2025-05-16T16:04:25.671+0200][gc          ] GC(13) Concurrent Undo Cycle
[2025-05-16T16:04:25.671+0200][gc,marking  ] GC(13) Concurrent Clear Claimed Marks
[2025-05-16T16:04:25.671+0200][gc,marking  ] GC(13) Concurrent Clear Claimed Marks 0.035ms
[2025-05-16T16:04:25.671+0200][gc,marking  ] GC(13) Concurrent Cleanup for Next Mark
[2025-05-16T16:04:25.671+0200][gc,marking  ] GC(13) Concurrent Cleanup for Next Mark 0.092ms
[2025-05-16T16:04:25.671+0200][gc          ] GC(13) Concurrent Undo Cycle 0.205ms
[2025-05-16T16:04:26.053+0200][gc,start    ] GC(14) Pause Young (Concurrent Start) (G1 Humongous Allocation)
[2025-05-16T16:04:26.053+0200][gc,task     ] GC(14) Using 8 workers of 8 for evacuation
[2025-05-16T16:04:26.058+0200][gc,phases   ] GC(14)   Pre Evacuate Collection Set: 0.2ms
[2025-05-16T16:04:26.058+0200][gc,phases   ] GC(14)   Merge Heap Roots: 0.1ms
[2025-05-16T16:04:26.058+0200][gc,phases   ] GC(14)   Evacuate Collection Set: 4.3ms
[2025-05-16T16:04:26.058+0200][gc,phases   ] GC(14)   Post Evacuate Collection Set: 0.3ms
[2025-05-16T16:04:26.058+0200][gc,phases   ] GC(14)   Other: 0.1ms
[2025-05-16T16:04:26.058+0200][gc,heap     ] GC(14) Eden regions: 6->0(162)
[2025-05-16T16:04:26.058+0200][gc,heap     ] GC(14) Survivor regions: 5->5(10)
[2025-05-16T16:04:26.058+0200][gc,heap     ] GC(14) Old regions: 17->17
[2025-05-16T16:04:26.058+0200][gc,heap     ] GC(14) Humongous regions: 341->129
[2025-05-16T16:04:26.058+0200][gc,metaspace] GC(14) Metaspace: 42968K(43648K)->42968K(43648K) NonClass: 37936K(38336K)->37936K(38336K) Class: 5032K(5312K)->5032K(5312K)
[2025-05-16T16:04:26.058+0200][gc          ] GC(14) Pause Young (Concurrent Start) (G1 Humongous Allocation) 367M->150M(1024M) 5.091ms
[2025-05-16T16:04:26.058+0200][gc          ] GC(15) Concurrent Undo Cycle
[2025-05-16T16:04:26.058+0200][gc,cpu      ] GC(14) User=0.02s Sys=0.00s Real=0.00s
[2025-05-16T16:04:26.058+0200][gc,marking  ] GC(15) Concurrent Clear Claimed Marks
[2025-05-16T16:04:26.058+0200][gc,marking  ] GC(15) Concurrent Clear Claimed Marks 0.040ms
[2025-05-16T16:04:26.058+0200][gc,marking  ] GC(15) Concurrent Cleanup for Next Mark
[2025-05-16T16:04:26.058+0200][gc,marking  ] GC(15) Concurrent Cleanup for Next Mark 0.036ms
[2025-05-16T16:04:26.058+0200][gc          ] GC(15) Concurrent Undo Cycle 0.113ms
[2025-05-16T16:04:26.355+0200][gc,start    ] GC(16) Pause Young (Concurrent Start) (G1 Humongous Allocation)
[2025-05-16T16:04:26.355+0200][gc,task     ] GC(16) Using 8 workers of 8 for evacuation
[2025-05-16T16:04:26.359+0200][gc,phases   ] GC(16)   Pre Evacuate Collection Set: 0.2ms
[2025-05-16T16:04:26.360+0200][gc,phases   ] GC(16)   Merge Heap Roots: 0.1ms
[2025-05-16T16:04:26.360+0200][gc,phases   ] GC(16)   Evacuate Collection Set: 3.6ms
[2025-05-16T16:04:26.360+0200][gc,phases   ] GC(16)   Post Evacuate Collection Set: 0.4ms
[2025-05-16T16:04:26.360+0200][gc,phases   ] GC(16)   Other: 0.1ms
[2025-05-16T16:04:26.360+0200][gc,heap     ] GC(16) Eden regions: 3->0(266)
[2025-05-16T16:04:26.360+0200][gc,heap     ] GC(16) Survivor regions: 5->5(20)
[2025-05-16T16:04:26.360+0200][gc,heap     ] GC(16) Old regions: 17->17
[2025-05-16T16:04:26.360+0200][gc,heap     ] GC(16) Humongous regions: 341->129
[2025-05-16T16:04:26.360+0200][gc,metaspace] GC(16) Metaspace: 42968K(43648K)->42968K(43648K) NonClass: 37936K(38336K)->37936K(38336K) Class: 5032K(5312K)->5032K(5312K)
[2025-05-16T16:04:26.360+0200][gc          ] GC(16) Pause Young (Concurrent Start) (G1 Humongous Allocation) 365M->150M(1024M) 4.468ms
[2025-05-16T16:04:26.360+0200][gc,cpu      ] GC(16) User=0.02s Sys=0.01s Real=0.01s
[2025-05-16T16:04:26.360+0200][gc          ] GC(17) Concurrent Undo Cycle
[2025-05-16T16:04:26.360+0200][gc,marking  ] GC(17) Concurrent Clear Claimed Marks
[2025-05-16T16:04:26.360+0200][gc,marking  ] GC(17) Concurrent Clear Claimed Marks 0.060ms
[2025-05-16T16:04:26.360+0200][gc,marking  ] GC(17) Concurrent Cleanup for Next Mark
[2025-05-16T16:04:26.360+0200][gc,marking  ] GC(17) Concurrent Cleanup for Next Mark 0.087ms
[2025-05-16T16:04:26.360+0200][gc          ] GC(17) Concurrent Undo Cycle 0.265ms
[2025-05-16T16:17:15.513+0200][gc,start    ] GC(18) Pause Young (Normal) (G1 Evacuation Pause)
[2025-05-16T16:17:15.514+0200][gc,task     ] GC(18) Using 8 workers of 8 for evacuation
[2025-05-16T16:17:15.584+0200][gc,mmu      ] GC(18) MMU target violated: 21.0ms (20.0ms/21.0ms)
[2025-05-16T16:17:15.584+0200][gc,phases   ] GC(18)   Pre Evacuate Collection Set: 4.5ms
[2025-05-16T16:17:15.584+0200][gc,phases   ] GC(18)   Merge Heap Roots: 0.1ms
[2025-05-16T16:17:15.584+0200][gc,phases   ] GC(18)   Evacuate Collection Set: 64.7ms
[2025-05-16T16:17:15.584+0200][gc,phases   ] GC(18)   Post Evacuate Collection Set: 1.3ms
[2025-05-16T16:17:15.584+0200][gc,phases   ] GC(18)   Other: 0.4ms
[2025-05-16T16:17:15.584+0200][gc,heap     ] GC(18) Eden regions: 258->0(45)
[2025-05-16T16:17:15.584+0200][gc,heap     ] GC(18) Survivor regions: 5->6(33)
[2025-05-16T16:17:15.584+0200][gc,heap     ] GC(18) Old regions: 17->17
[2025-05-16T16:17:15.584+0200][gc,heap     ] GC(18) Humongous regions: 295->129
[2025-05-16T16:17:15.584+0200][gc,metaspace] GC(18) Metaspace: 44619K(45248K)->44619K(45248K) NonClass: 39347K(39744K)->39347K(39744K) Class: 5271K(5504K)->5271K(5504K)
[2025-05-16T16:17:15.584+0200][gc          ] GC(18) Pause Young (Normal) (G1 Evacuation Pause) 574M->150M(1024M) 71.635ms
[2025-05-16T16:17:15.584+0200][gc,cpu      ] GC(18) User=0.02s Sys=0.07s Real=0.07s
[2025-05-16T16:17:15.596+0200][gc,heap,exit] Heap
[2025-05-16T16:17:15.596+0200][gc,heap,exit]  garbage-first heap   total 1048576K, used 158022K [0x00000007c0000000, 0x0000000800000000)
[2025-05-16T16:17:15.596+0200][gc,heap,exit]   region size 1024K, 10 young (10240K), 6 survivors (6144K)
[2025-05-16T16:17:15.596+0200][gc,heap,exit]  Metaspace       used 44650K, committed 45312K, reserved 1114112K
[2025-05-16T16:17:15.596+0200][gc,heap,exit]   class space    used 5278K, committed 5568K, reserved 1048576K
