[2025-05-16T19:29:16.742+0200][gc,init] CardTable entry size: 512
[2025-05-16T19:29:16.742+0200][gc     ] Using G1
[2025-05-16T19:29:16.743+0200][gc,init] Version: 21.0.1+12-29 (release)
[2025-05-16T19:29:16.743+0200][gc,init] CPUs: 8 total, 8 available
[2025-05-16T19:29:16.743+0200][gc,init] Memory: 16384M
[2025-05-16T19:29:16.743+0200][gc,init] Large Page Support: Disabled
[2025-05-16T19:29:16.743+0200][gc,init] NUMA Support: Disabled
[2025-05-16T19:29:16.743+0200][gc,init] Compressed Oops: Enabled (Zero based)
[2025-05-16T19:29:16.743+0200][gc,init] Heap Region Size: 1M
[2025-05-16T19:29:16.743+0200][gc,init] Heap Min Capacity: 1G
[2025-05-16T19:29:16.743+0200][gc,init] Heap Initial Capacity: 1G
[2025-05-16T19:29:16.743+0200][gc,init] Heap Max Capacity: 1G
[2025-05-16T19:29:16.743+0200][gc,init] Pre-touch: Disabled
[2025-05-16T19:29:16.743+0200][gc,init] Parallel Workers: 8
[2025-05-16T19:29:16.743+0200][gc,init] Concurrent Workers: 2
[2025-05-16T19:29:16.743+0200][gc,init] Concurrent Refinement Workers: 8
[2025-05-16T19:29:16.743+0200][gc,init] Periodic GC: Disabled
[2025-05-16T19:29:16.747+0200][gc,metaspace] CDS archive(s) mapped at: [0x000000f800000000-0x000000f800ca4000-0x000000f800ca4000), size 13254656, SharedBaseAddress: 0x000000f800000000, ArchiveRelocationMode: 1.
[2025-05-16T19:29:16.747+0200][gc,metaspace] Compressed class space mapped at: 0x000000f801000000-0x000000f841000000, reserved size: 1073741824
[2025-05-16T19:29:16.747+0200][gc,metaspace] Narrow klass base: 0x000000f800000000, Narrow klass shift: 0, Narrow klass range: 0x100000000
[2025-05-16T19:29:17.563+0200][gc,start    ] GC(0) Pause Young (Normal) (G1 Evacuation Pause)
[2025-05-16T19:29:17.563+0200][gc,task     ] GC(0) Using 8 workers of 8 for evacuation
[2025-05-16T19:29:17.566+0200][gc,phases   ] GC(0)   Pre Evacuate Collection Set: 0.2ms
[2025-05-16T19:29:17.566+0200][gc,phases   ] GC(0)   Merge Heap Roots: 0.0ms
[2025-05-16T19:29:17.566+0200][gc,phases   ] GC(0)   Evacuate Collection Set: 2.3ms
[2025-05-16T19:29:17.566+0200][gc,phases   ] GC(0)   Post Evacuate Collection Set: 0.3ms
[2025-05-16T19:29:17.566+0200][gc,phases   ] GC(0)   Other: 0.2ms
[2025-05-16T19:29:17.566+0200][gc,heap     ] GC(0) Eden regions: 51->0(44)
[2025-05-16T19:29:17.566+0200][gc,heap     ] GC(0) Survivor regions: 0->7(7)
[2025-05-16T19:29:17.566+0200][gc,heap     ] GC(0) Old regions: 2->4
[2025-05-16T19:29:17.566+0200][gc,heap     ] GC(0) Humongous regions: 0->0
[2025-05-16T19:29:17.566+0200][gc,metaspace] GC(0) Metaspace: 17292K(17536K)->17292K(17536K) NonClass: 15260K(15424K)->15260K(15424K) Class: 2032K(2112K)->2032K(2112K)
[2025-05-16T19:29:17.566+0200][gc          ] GC(0) Pause Young (Normal) (G1 Evacuation Pause) 52M->9M(1024M) 3.193ms
[2025-05-16T19:29:17.566+0200][gc,cpu      ] GC(0) User=0.02s Sys=0.00s Real=0.00s
[2025-05-16T19:29:17.663+0200][gc,start    ] GC(1) Pause Young (Concurrent Start) (Metadata GC Threshold)
[2025-05-16T19:29:17.663+0200][gc,task     ] GC(1) Using 8 workers of 8 for evacuation
[2025-05-16T19:29:17.665+0200][gc,phases   ] GC(1)   Pre Evacuate Collection Set: 0.2ms
[2025-05-16T19:29:17.665+0200][gc,phases   ] GC(1)   Merge Heap Roots: 0.0ms
[2025-05-16T19:29:17.665+0200][gc,phases   ] GC(1)   Evacuate Collection Set: 2.0ms
[2025-05-16T19:29:17.665+0200][gc,phases   ] GC(1)   Post Evacuate Collection Set: 0.2ms
[2025-05-16T19:29:17.665+0200][gc,phases   ] GC(1)   Other: 0.0ms
[2025-05-16T19:29:17.665+0200][gc,heap     ] GC(1) Eden regions: 15->0(49)
[2025-05-16T19:29:17.665+0200][gc,heap     ] GC(1) Survivor regions: 7->2(7)
[2025-05-16T19:29:17.665+0200][gc,heap     ] GC(1) Old regions: 4->11
[2025-05-16T19:29:17.665+0200][gc,heap     ] GC(1) Humongous regions: 0->0
[2025-05-16T19:29:17.665+0200][gc,metaspace] GC(1) Metaspace: 21253K(21504K)->21253K(21504K) NonClass: 18752K(18880K)->18752K(18880K) Class: 2501K(2624K)->2501K(2624K)
[2025-05-16T19:29:17.665+0200][gc          ] GC(1) Pause Young (Concurrent Start) (Metadata GC Threshold) 24M->10M(1024M) 2.670ms
[2025-05-16T19:29:17.665+0200][gc          ] GC(2) Concurrent Mark Cycle
[2025-05-16T19:29:17.665+0200][gc,cpu      ] GC(1) User=0.01s Sys=0.00s Real=0.00s
[2025-05-16T19:29:17.665+0200][gc,marking  ] GC(2) Concurrent Scan Root Regions
[2025-05-16T19:29:17.667+0200][gc,marking  ] GC(2) Concurrent Scan Root Regions 1.190ms
[2025-05-16T19:29:17.667+0200][gc,marking  ] GC(2) Concurrent Mark
[2025-05-16T19:29:17.667+0200][gc,marking  ] GC(2) Concurrent Mark From Roots
[2025-05-16T19:29:17.667+0200][gc,task     ] GC(2) Using 2 workers of 2 for marking
[2025-05-16T19:29:17.668+0200][gc,marking  ] GC(2) Concurrent Mark From Roots 1.359ms
[2025-05-16T19:29:17.668+0200][gc,marking  ] GC(2) Concurrent Preclean
[2025-05-16T19:29:17.668+0200][gc,marking  ] GC(2) Concurrent Preclean 0.005ms
[2025-05-16T19:29:17.668+0200][gc,start    ] GC(2) Pause Remark
[2025-05-16T19:29:17.669+0200][gc          ] GC(2) Pause Remark 11M->11M(1024M) 0.908ms
[2025-05-16T19:29:17.669+0200][gc,cpu      ] GC(2) User=0.01s Sys=0.00s Real=0.00s
[2025-05-16T19:29:17.669+0200][gc,marking  ] GC(2) Concurrent Mark 2.355ms
[2025-05-16T19:29:17.669+0200][gc,marking  ] GC(2) Concurrent Rebuild Remembered Sets and Scrub Regions
[2025-05-16T19:29:17.670+0200][gc,marking  ] GC(2) Concurrent Rebuild Remembered Sets and Scrub Regions 1.165ms
[2025-05-16T19:29:17.670+0200][gc,start    ] GC(2) Pause Cleanup
[2025-05-16T19:29:17.670+0200][gc          ] GC(2) Pause Cleanup 11M->11M(1024M) 0.090ms
[2025-05-16T19:29:17.670+0200][gc,cpu      ] GC(2) User=0.00s Sys=0.00s Real=0.00s
[2025-05-16T19:29:17.670+0200][gc,marking  ] GC(2) Concurrent Clear Claimed Marks
[2025-05-16T19:29:17.670+0200][gc,marking  ] GC(2) Concurrent Clear Claimed Marks 0.010ms
[2025-05-16T19:29:17.670+0200][gc,marking  ] GC(2) Concurrent Cleanup for Next Mark
[2025-05-16T19:29:17.672+0200][gc,marking  ] GC(2) Concurrent Cleanup for Next Mark 1.257ms
[2025-05-16T19:29:17.672+0200][gc          ] GC(2) Concurrent Mark Cycle 6.427ms
[2025-05-16T19:29:18.189+0200][gc,start    ] GC(3) Pause Young (Prepare Mixed) (G1 Evacuation Pause)
[2025-05-16T19:29:18.189+0200][gc,task     ] GC(3) Using 8 workers of 8 for evacuation
[2025-05-16T19:29:18.191+0200][gc,phases   ] GC(3)   Pre Evacuate Collection Set: 0.1ms
[2025-05-16T19:29:18.191+0200][gc,phases   ] GC(3)   Merge Heap Roots: 0.0ms
[2025-05-16T19:29:18.191+0200][gc,phases   ] GC(3)   Evacuate Collection Set: 1.7ms
[2025-05-16T19:29:18.191+0200][gc,phases   ] GC(3)   Post Evacuate Collection Set: 0.2ms
[2025-05-16T19:29:18.191+0200][gc,phases   ] GC(3)   Other: 0.0ms
[2025-05-16T19:29:18.191+0200][gc,heap     ] GC(3) Eden regions: 49->0(45)
[2025-05-16T19:29:18.191+0200][gc,heap     ] GC(3) Survivor regions: 2->6(7)
[2025-05-16T19:29:18.191+0200][gc,heap     ] GC(3) Old regions: 11->11
[2025-05-16T19:29:18.191+0200][gc,heap     ] GC(3) Humongous regions: 129->129
[2025-05-16T19:29:18.191+0200][gc,metaspace] GC(3) Metaspace: 31063K(31360K)->31063K(31360K) NonClass: 27587K(27776K)->27587K(27776K) Class: 3475K(3584K)->3475K(3584K)
[2025-05-16T19:29:18.191+0200][gc          ] GC(3) Pause Young (Prepare Mixed) (G1 Evacuation Pause) 188M->144M(1024M) 2.215ms
[2025-05-16T19:29:18.191+0200][gc,cpu      ] GC(3) User=0.01s Sys=0.00s Real=0.01s
[2025-05-16T19:29:18.624+0200][gc,heap,exit] Heap
[2025-05-16T19:29:18.624+0200][gc,heap,exit]  garbage-first heap   total 1048576K, used 162010K [0x00000007c0000000, 0x0000000800000000)
[2025-05-16T19:29:18.624+0200][gc,heap,exit]   region size 1024K, 20 young (20480K), 6 survivors (6144K)
[2025-05-16T19:29:18.624+0200][gc,heap,exit]  Metaspace       used 33177K, committed 33536K, reserved 1114112K
[2025-05-16T19:29:18.624+0200][gc,heap,exit]   class space    used 3806K, committed 3968K, reserved 1048576K
